Open5GS daemon v2.8.0

09/30 14:56:59.675: [app] INFO: Configuration: '/work/results/nrf-integration/baseline.yaml' (../lib/app/ogs-init.c:144)
09/30 14:56:59.676: [app] INFO: File Logging: '/work/results/nrf-integration/baseline.log' (../lib/app/ogs-init.c:147)
09/30 14:56:59.678: [sbi] INFO: NF Service [nnrf-nfm] (../lib/sbi/context.c:2012)
09/30 14:56:59.678: [sbi] INFO: NF Service [nnrf-disc] (../lib/sbi/context.c:2012)
09/30 14:56:59.679: [sbi] INFO: nghttp2_server() [http://127.0.0.10]:7777 (../lib/sbi/nghttp2-server.c:454)
09/30 14:56:59.679: [app] INFO: NRF initialize...done (../src/nrf/app.c:31)
09/30 14:57:00.673: [sbi] INFO: [SMF] NFInstance associated [225c8713-f92f-4396-8ef5-14fe2132869d] (../lib/sbi/context.c:2498)
09/30 14:57:00.673: [sbi] INFO: Setup NF EndPoint(addr) [127.0.0.33:80] (../lib/sbi/context.c:2503)
09/30 14:57:00.675: [nrf] INFO: [225c8713-f92f-4396-8ef5-14fe2132869d] NF registered [Heartbeat:10s] (../src/nrf/nf-sm.c:208)
09/30 14:57:00.677: [core] ERROR: OpenAPI_nf_profile_parseFromJSON() failed [nf_instance_id] (../lib/sbi/openapi/model/nf_profile.c:2863)
09/30 14:57:00.678: [sbi] ERROR: JSON parse error (../lib/sbi/message.c:1828)
09/30 14:57:00.679: [sbi] ERROR: parse_content() failed (../lib/sbi/message.c:1312)
09/30 14:57:00.681: [nrf] ERROR: cannot parse HTTP message (../src/nrf/nrf-sm.c:81)
09/30 14:57:00.682: [app] INFO: SIGTERM received (../src/main.c:54)
09/30 14:57:00.683: [app] INFO: Open5GS daemon terminating... (../src/main.c:231)
09/30 14:57:00.685: [nrf] INFO: [225c8713-f92f-4396-8ef5-14fe2132869d] NF de-registered (../src/nrf/nf-sm.c:224)
09/30 14:57:00.686: [app] INFO: NRF terminate...done (../src/nrf/app.c:39)
Open5GS daemon v2.8.0

09/30 14:57:32.038: [app] INFO: Configuration: '/work/results/nrf-integration/baseline.yaml' (../lib/app/ogs-init.c:144)
09/30 14:57:32.039: [app] INFO: File Logging: '/work/results/nrf-integration/baseline.log' (../lib/app/ogs-init.c:147)
09/30 14:57:32.043: [sbi] INFO: NF Service [nnrf-nfm] (../lib/sbi/context.c:2012)
09/30 14:57:32.044: [sbi] INFO: NF Service [nnrf-disc] (../lib/sbi/context.c:2012)
09/30 14:57:32.045: [sbi] INFO: nghttp2_server() [http://127.0.0.10]:7777 (../lib/sbi/nghttp2-server.c:454)
09/30 14:57:32.047: [app] INFO: NRF initialize...done (../src/nrf/app.c:31)
09/30 14:57:33.034: [sbi] INFO: [SMF] NFInstance associated [f8defcaa-6b0f-4217-8b0a-d69171155c0f] (../lib/sbi/context.c:2498)
09/30 14:57:33.035: [sbi] INFO: Setup NF EndPoint(addr) [127.0.0.33:80] (../lib/sbi/context.c:2503)
09/30 14:57:33.037: [nrf] INFO: [f8defcaa-6b0f-4217-8b0a-d69171155c0f] NF registered [Heartbeat:10s] (../src/nrf/nf-sm.c:208)
09/30 14:57:33.041: [app] INFO: SIGTERM received (../src/main.c:54)
09/30 14:57:33.042: [app] INFO: Open5GS daemon terminating... (../src/main.c:231)
09/30 14:57:33.044: [nrf] INFO: [f8defcaa-6b0f-4217-8b0a-d69171155c0f] NF de-registered (../src/nrf/nf-sm.c:224)
09/30 14:57:33.046: [app] INFO: NRF terminate...done (../src/nrf/app.c:39)
Open5GS daemon v2.8.0

09/30 14:58:53.511: [app] INFO: Configuration: '/work/results/nrf-integration/baseline.yaml' (../lib/app/ogs-init.c:144)
09/30 14:58:53.512: [app] INFO: File Logging: '/work/results/nrf-integration/baseline.log' (../lib/app/ogs-init.c:147)
09/30 14:58:53.514: [sbi] INFO: NF Service [nnrf-nfm] (../lib/sbi/context.c:2012)
09/30 14:58:53.515: [sbi] INFO: NF Service [nnrf-disc] (../lib/sbi/context.c:2012)
09/30 14:58:53.516: [sbi] INFO: nghttp2_server() [http://127.0.0.10]:7777 (../lib/sbi/nghttp2-server.c:454)
09/30 14:58:53.517: [app] INFO: NRF initialize...done (../src/nrf/app.c:31)
09/30 14:58:54.503: [sbi] INFO: [SMF] NFInstance associated [aef2441e-1fdb-4aad-85a2-75f5bdd07d9c] (../lib/sbi/context.c:2498)
09/30 14:58:54.506: [sbi] INFO: Setup NF EndPoint(addr) [127.0.0.33:80] (../lib/sbi/context.c:2503)
09/30 14:58:54.507: [nrf] INFO: [aef2441e-1fdb-4aad-85a2-75f5bdd07d9c] NF registered [Heartbeat:10s] (../src/nrf/nf-sm.c:208)
09/30 14:58:54.510: [app] INFO: SIGTERM received (../src/main.c:54)
09/30 14:58:54.511: [app] INFO: Open5GS daemon terminating... (../src/main.c:231)
09/30 14:58:54.514: [nrf] INFO: [aef2441e-1fdb-4aad-85a2-75f5bdd07d9c] NF de-registered (../src/nrf/nf-sm.c:224)
09/30 14:58:54.516: [app] INFO: NRF terminate...done (../src/nrf/app.c:39)
Open5GS daemon v2.8.0

10/01 12:38:30.810: [app] INFO: Configuration: '/work/results/nrf-integration/baseline.yaml' (../lib/app/ogs-init.c:144)
10/01 12:38:30.811: [app] INFO: File Logging: '/work/results/nrf-integration/baseline.log' (../lib/app/ogs-init.c:147)
10/01 12:38:30.813: [sbi] INFO: NF Service [nnrf-nfm] (../lib/sbi/context.c:2012)
10/01 12:38:30.814: [sbi] INFO: NF Service [nnrf-disc] (../lib/sbi/context.c:2012)
10/01 12:38:30.814: [sbi] INFO: nghttp2_server() [http://127.0.0.10]:7777 (../lib/sbi/nghttp2-server.c:454)
10/01 12:38:30.815: [app] INFO: NRF initialize...done (../src/nrf/app.c:31)
10/01 12:38:31.782: [sbi] INFO: [SMF] NFInstance associated [dbb29e30-a025-4e7a-9949-964973a86578] (../lib/sbi/context.c:2498)
10/01 12:38:31.783: [sbi] INFO: Setup NF EndPoint(addr) [127.0.0.33:80] (../lib/sbi/context.c:2503)
10/01 12:38:31.784: [nrf] INFO: [dbb29e30-a025-4e7a-9949-964973a86578] NF registered [Heartbeat:10s] (../src/nrf/nf-sm.c:208)
10/01 12:38:31.787: [app] INFO: SIGTERM received (../src/main.c:54)
10/01 12:38:31.787: [app] INFO: Open5GS daemon terminating... (../src/main.c:231)
10/01 12:38:31.790: [nrf] INFO: [dbb29e30-a025-4e7a-9949-964973a86578] NF de-registered (../src/nrf/nf-sm.c:224)
10/01 12:38:31.791: [app] INFO: NRF terminate...done (../src/nrf/app.c:39)
