Open5GS daemon v2.8.0

[32m10/01 12:38:31.813[0m: [[33mapp[0m] [1;32mINFO[0m: Configuration: '/work/results/nrf-integration/patched.yaml' (../lib/app/ogs-init.c:144)
[32m10/01 12:38:31.814[0m: [[33mapp[0m] [1;32mINFO[0m: File Logging: '/work/results/nrf-integration/patched.log' (../lib/app/ogs-init.c:147)
[32m10/01 12:38:31.816[0m: [[33msbi[0m] [1;32mINFO[0m: NF Service [nnrf-nfm] (../lib/sbi/context.c:2012)
[32m10/01 12:38:31.816[0m: [[33msbi[0m] [1;32mINFO[0m: NF Service [nnrf-disc] (../lib/sbi/context.c:2012)
[32m10/01 12:38:31.817[0m: [[33msbi[0m] [1;32mINFO[0m: nghttp2_server() [http://127.0.0.10]:7777 (../lib/sbi/nghttp2-server.c:454)
[32m10/01 12:38:31.817[0m: [[33mapp[0m] [1;32mINFO[0m: NRF initialize...done (../src/nrf/app.c:31)
[32m10/01 12:38:32.807[0m: [[33msbi[0m] [1;32mINFO[0m: [SMF] NFInstance associated [474f7f8e-4335-466b-9959-a118a65ee4ed] (../lib/sbi/context.c:2498)
[32m10/01 12:38:32.811[0m: [[33msbi[0m] [1;32mINFO[0m: Setup NF EndPoint(addr) [127.0.0.33:80] (../lib/sbi/context.c:2503)
[32m10/01 12:38:32.814[0m: [[33mnrf[0m] [1;32mINFO[0m: [474f7f8e-4335-466b-9959-a118a65ee4ed] NF registered [Heartbeat:10s] (../src/nrf/nf-sm.c:208)
[32m10/01 12:38:32.818[0m: [[33mnrf[0m] [1;32mINFO[0m: LAB_NRF t=340371110 nf=474f7f8e-4335-466b-9959-a118a65ee4ed version=0 stored=37 (../src/nrf/nnrf-handler.c:376)
[32m10/01 12:38:32.822[0m: [[33mnrf[0m] [1;33mERROR[0m: [474f7f8e-4335-466b-9959-a118a65ee4ed] Invalid NF update [type:SMF] - keeping existing registration (../src/nrf/nf-sm.c:270)
[32m10/01 12:38:32.825[0m: [[33mnrf[0m] [1;33mERROR[0m: [474f7f8e-4335-466b-9959-a118a65ee4ed] Invalid NF update [type:SMF] - keeping existing registration (../src/nrf/nf-sm.c:270)
[32m10/01 12:38:32.827[0m: [[33mnrf[0m] [1;33mERROR[0m: [474f7f8e-4335-466b-9959-a118a65ee4ed] Invalid NF update [type:SMF] - keeping existing registration (../src/nrf/nf-sm.c:270)
[32m10/01 12:38:32.829[0m: [[33mnrf[0m] [1;33mERROR[0m: [474f7f8e-4335-466b-9959-a118a65ee4ed] Invalid NF update [type:SMF] - keeping existing registration (../src/nrf/nf-sm.c:270)
[32m10/01 12:38:32.831[0m: [[33mnrf[0m] [1;33mERROR[0m: [474f7f8e-4335-466b-9959-a118a65ee4ed] Invalid NF update [type:SMF] - keeping existing registration (../src/nrf/nf-sm.c:270)
[32m10/01 12:38:32.833[0m: [[33mnrf[0m] [1;33mERROR[0m: [474f7f8e-4335-466b-9959-a118a65ee4ed] Invalid NF update [type:SMF] - keeping existing registration (../src/nrf/nf-sm.c:270)
[32m10/01 12:38:32.835[0m: [[33mapp[0m] [1;32mINFO[0m: SIGTERM received (../src/main.c:54)
[32m10/01 12:38:32.836[0m: [[33mapp[0m] [1;32mINFO[0m: Open5GS daemon terminating... (../src/main.c:231)
[32m10/01 12:38:32.838[0m: [[33mnrf[0m] [1;32mINFO[0m: [474f7f8e-4335-466b-9959-a118a65ee4ed] NF de-registered (../src/nrf/nf-sm.c:224)
[32m10/01 12:38:32.839[0m: [[33mapp[0m] [1;32mINFO[0m: NRF terminate...done (../src/nrf/app.c:39)
