Open5GS daemon v2.8.0

09/30 14:57:33.073: [app] INFO: Configuration: '/work/results/nrf-integration/patched.yaml' (../lib/app/ogs-init.c:144)
09/30 14:57:33.074: [app] INFO: File Logging: '/work/results/nrf-integration/patched.log' (../lib/app/ogs-init.c:147)
09/30 14:57:33.077: [sbi] INFO: NF Service [nnrf-nfm] (../lib/sbi/context.c:2012)
09/30 14:57:33.079: [sbi] INFO: NF Service [nnrf-disc] (../lib/sbi/context.c:2012)
09/30 14:57:33.080: [sbi] INFO: nghttp2_server() [http://127.0.0.10]:7777 (../lib/sbi/nghttp2-server.c:454)
09/30 14:57:33.081: [app] INFO: NRF initialize...done (../src/nrf/app.c:31)
09/30 14:57:34.067: [sbi] INFO: [SMF] NFInstance associated [1fa09b1e-3f21-405b-88a2-5258f9df4ee9] (../lib/sbi/context.c:2498)
09/30 14:57:34.068: [sbi] INFO: Setup NF EndPoint(addr) [127.0.0.33:80] (../lib/sbi/context.c:2503)
09/30 14:57:34.070: [nrf] INFO: [1fa09b1e-3f21-405b-88a2-5258f9df4ee9] NF registered [Heartbeat:10s] (../src/nrf/nf-sm.c:208)
09/30 14:57:34.073: [app] INFO: SIGTERM received (../src/main.c:54)
09/30 14:57:34.074: [app] INFO: Open5GS daemon terminating... (../src/main.c:231)
09/30 14:57:34.077: [nrf] INFO: [1fa09b1e-3f21-405b-88a2-5258f9df4ee9] NF de-registered (../src/nrf/nf-sm.c:224)
09/30 14:57:34.078: [app] INFO: NRF terminate...done (../src/nrf/app.c:39)
Open5GS daemon v2.8.0

09/30 14:58:54.549: [app] INFO: Configuration: '/work/results/nrf-integration/patched.yaml' (../lib/app/ogs-init.c:144)
09/30 14:58:54.550: [app] INFO: File Logging: '/work/results/nrf-integration/patched.log' (../lib/app/ogs-init.c:147)
09/30 14:58:54.554: [sbi] INFO: NF Service [nnrf-nfm] (../lib/sbi/context.c:2012)
09/30 14:58:54.555: [sbi] INFO: NF Service [nnrf-disc] (../lib/sbi/context.c:2012)
09/30 14:58:54.557: [sbi] INFO: nghttp2_server() [http://127.0.0.10]:7777 (../lib/sbi/nghttp2-server.c:454)
09/30 14:58:54.559: [app] INFO: NRF initialize...done (../src/nrf/app.c:31)
09/30 14:58:55.539: [sbi] INFO: [SMF] NFInstance associated [f7296ba7-9a44-4635-b02c-61e0151f7fb6] (../lib/sbi/context.c:2498)
09/30 14:58:55.540: [sbi] INFO: Setup NF EndPoint(addr) [127.0.0.33:80] (../lib/sbi/context.c:2503)
09/30 14:58:55.541: [nrf] INFO: [f7296ba7-9a44-4635-b02c-61e0151f7fb6] NF registered [Heartbeat:10s] (../src/nrf/nf-sm.c:208)
09/30 14:58:55.542: [nrf] INFO: LAB_NRF t=33173997880 nf=f7296ba7-9a44-4635-b02c-61e0151f7fb6 stored=37 (../src/nrf/nnrf-handler.c:364)
09/30 14:58:55.544: [nrf] ERROR: [f7296ba7-9a44-4635-b02c-61e0151f7fb6] Invalid NF update [type:SMF] - keeping existing registration (../src/nrf/nf-sm.c:270)
09/30 14:58:55.547: [nrf] ERROR: [f7296ba7-9a44-4635-b02c-61e0151f7fb6] Invalid NF update [type:SMF] - keeping existing registration (../src/nrf/nf-sm.c:270)
09/30 14:58:55.549: [nrf] ERROR: [f7296ba7-9a44-4635-b02c-61e0151f7fb6] Invalid NF update [type:SMF] - keeping existing registration (../src/nrf/nf-sm.c:270)
09/30 14:58:55.551: [nrf] ERROR: [f7296ba7-9a44-4635-b02c-61e0151f7fb6] Invalid NF update [type:SMF] - keeping existing registration (../src/nrf/nf-sm.c:270)
09/30 14:58:55.554: [nrf] ERROR: [f7296ba7-9a44-4635-b02c-61e0151f7fb6] Invalid NF update [type:SMF] - keeping existing registration (../src/nrf/nf-sm.c:270)
09/30 14:58:55.556: [nrf] ERROR: [f7296ba7-9a44-4635-b02c-61e0151f7fb6] Invalid NF update [type:SMF] - keeping existing registration (../src/nrf/nf-sm.c:270)
09/30 14:58:55.559: [app] INFO: SIGTERM received (../src/main.c:54)
09/30 14:58:55.559: [app] INFO: Open5GS daemon terminating... (../src/main.c:231)
09/30 14:58:55.562: [nrf] INFO: [f7296ba7-9a44-4635-b02c-61e0151f7fb6] NF de-registered (../src/nrf/nf-sm.c:224)
09/30 14:58:55.563: [app] INFO: NRF terminate...done (../src/nrf/app.c:39)
Open5GS daemon v2.8.0

10/01 12:38:31.813: [app] INFO: Configuration: '/work/results/nrf-integration/patched.yaml' (../lib/app/ogs-init.c:144)
10/01 12:38:31.814: [app] INFO: File Logging: '/work/results/nrf-integration/patched.log' (../lib/app/ogs-init.c:147)
10/01 12:38:31.816: [sbi] INFO: NF Service [nnrf-nfm] (../lib/sbi/context.c:2012)
10/01 12:38:31.817: [sbi] INFO: NF Service [nnrf-disc] (../lib/sbi/context.c:2012)
10/01 12:38:31.817: [sbi] INFO: nghttp2_server() [http://127.0.0.10]:7777 (../lib/sbi/nghttp2-server.c:454)
10/01 12:38:31.818: [app] INFO: NRF initialize...done (../src/nrf/app.c:31)
10/01 12:38:32.808: [sbi] INFO: [SMF] NFInstance associated [474f7f8e-4335-466b-9959-a118a65ee4ed] (../lib/sbi/context.c:2498)
10/01 12:38:32.813: [sbi] INFO: Setup NF EndPoint(addr) [127.0.0.33:80] (../lib/sbi/context.c:2503)
10/01 12:38:32.814: [nrf] INFO: [474f7f8e-4335-466b-9959-a118a65ee4ed] NF registered [Heartbeat:10s] (../src/nrf/nf-sm.c:208)
10/01 12:38:32.820: [nrf] INFO: LAB_NRF t=340371110 nf=474f7f8e-4335-466b-9959-a118a65ee4ed version=0 stored=37 (../src/nrf/nnrf-handler.c:376)
10/01 12:38:32.823: [nrf] ERROR: [474f7f8e-4335-466b-9959-a118a65ee4ed] Invalid NF update [type:SMF] - keeping existing registration (../src/nrf/nf-sm.c:270)
10/01 12:38:32.826: [nrf] ERROR: [474f7f8e-4335-466b-9959-a118a65ee4ed] Invalid NF update [type:SMF] - keeping existing registration (../src/nrf/nf-sm.c:270)
10/01 12:38:32.828: [nrf] ERROR: [474f7f8e-4335-466b-9959-a118a65ee4ed] Invalid NF update [type:SMF] - keeping existing registration (../src/nrf/nf-sm.c:270)
10/01 12:38:32.830: [nrf] ERROR: [474f7f8e-4335-466b-9959-a118a65ee4ed] Invalid NF update [type:SMF] - keeping existing registration (../src/nrf/nf-sm.c:270)
10/01 12:38:32.831: [nrf] ERROR: [474f7f8e-4335-466b-9959-a118a65ee4ed] Invalid NF update [type:SMF] - keeping existing registration (../src/nrf/nf-sm.c:270)
10/01 12:38:32.833: [nrf] ERROR: [474f7f8e-4335-466b-9959-a118a65ee4ed] Invalid NF update [type:SMF] - keeping existing registration (../src/nrf/nf-sm.c:270)
10/01 12:38:32.835: [app] INFO: SIGTERM received (../src/main.c:54)
10/01 12:38:32.836: [app] INFO: Open5GS daemon terminating... (../src/main.c:231)
10/01 12:38:32.838: [nrf] INFO: [474f7f8e-4335-466b-9959-a118a65ee4ed] NF de-registered (../src/nrf/nf-sm.c:224)
10/01 12:38:32.839: [app] INFO: NRF terminate...done (../src/nrf/app.c:39)
