UERANSIM v3.2.7
[2026-09-30 15:08:53.828] [sctp] [info] Trying to establish SCTP connection... (127.0.0.5:38412)
[2026-09-30 15:08:53.829] [sctp] [info] SCTP connection established (127.0.0.5:38412)
[2026-09-30 15:08:53.829] [sctp] [debug] SCTP association setup ascId[43]
[2026-09-30 15:08:53.829] [ngap] [debug] Sending NG Setup Request
[2026-09-30 15:08:53.836] [ngap] [debug] NG Setup Response received
[2026-09-30 15:08:53.836] [ngap] [info] NG Setup procedure is successful
[2026-09-30 15:08:55.827] [rrc] [debug] UE[1] new signal detected
[2026-09-30 15:08:55.827] [rrc] [debug] UE[2] new signal detected
[2026-09-30 15:08:55.828] [rrc] [debug] UE[3] new signal detected
[2026-09-30 15:08:55.829] [rrc] [debug] UE[4] new signal detected
[2026-09-30 15:08:55.829] [rrc] [info] RRC Setup for UE[1]
[2026-09-30 15:08:55.829] [rrc] [debug] UE[5] new signal detected
[2026-09-30 15:08:55.829] [rrc] [info] RRC Setup for UE[3]
[2026-09-30 15:08:55.829] [rrc] [info] RRC Setup for UE[2]
[2026-09-30 15:08:55.829] [rrc] [debug] UE[6] new signal detected
[2026-09-30 15:08:55.830] [ngap] [debug] Initial NAS message received from UE[1]
[2026-09-30 15:08:55.830] [rrc] [info] RRC Setup for UE[5]
[2026-09-30 15:08:55.830] [rrc] [debug] UE[7] new signal detected
[2026-09-30 15:08:55.830] [ngap] [debug] Initial NAS message received from UE[2]
[2026-09-30 15:08:55.830] [ngap] [debug] Initial NAS message received from UE[3]
[2026-09-30 15:08:55.830] [rrc] [debug] UE[8] new signal detected
[2026-09-30 15:08:55.831] [rrc] [debug] UE[9] new signal detected
[2026-09-30 15:08:55.831] [rrc] [info] RRC Setup for UE[6]
[2026-09-30 15:08:55.831] [ngap] [debug] Initial NAS message received from UE[5]
[2026-09-30 15:08:55.831] [rrc] [debug] UE[10] new signal detected
[2026-09-30 15:08:55.831] [rrc] [info] RRC Setup for UE[8]
[2026-09-30 15:08:55.831] [ngap] [debug] Initial NAS message received from UE[6]
[2026-09-30 15:08:55.831] [rrc] [info] RRC Setup for UE[7]
[2026-09-30 15:08:55.832] [rrc] [debug] UE[11] new signal detected
[2026-09-30 15:08:55.832] [rrc] [info] RRC Setup for UE[9]
[2026-09-30 15:08:55.832] [ngap] [debug] Initial NAS message received from UE[7]
[2026-09-30 15:08:55.832] [ngap] [debug] Initial NAS message received from UE[8]
[2026-09-30 15:08:55.833] [rrc] [info] RRC Setup for UE[10]
[2026-09-30 15:08:55.833] [ngap] [debug] Initial NAS message received from UE[9]
[2026-09-30 15:08:55.833] [rrc] [info] RRC Setup for UE[11]
[2026-09-30 15:08:55.833] [rrc] [debug] UE[12] new signal detected
[2026-09-30 15:08:55.833] [ngap] [debug] Initial NAS message received from UE[10]
[2026-09-30 15:08:55.834] [ngap] [debug] Initial NAS message received from UE[11]
[2026-09-30 15:08:55.834] [rrc] [info] RRC Setup for UE[12]
[2026-09-30 15:08:55.834] [ngap] [debug] Initial NAS message received from UE[12]
[2026-09-30 15:08:55.876] [ngap] [debug] Initial Context Setup Request received
[2026-09-30 15:08:55.881] [ngap] [debug] Initial Context Setup Request received
[2026-09-30 15:08:55.881] [ngap] [debug] Initial Context Setup Request received
[2026-09-30 15:08:55.881] [ngap] [debug] Initial Context Setup Request received
[2026-09-30 15:08:55.885] [ngap] [debug] Initial Context Setup Request received
[2026-09-30 15:08:55.885] [ngap] [debug] Initial Context Setup Request received
[2026-09-30 15:08:55.893] [ngap] [debug] Initial Context Setup Request received
[2026-09-30 15:08:55.893] [ngap] [debug] Initial Context Setup Request received
[2026-09-30 15:08:55.893] [ngap] [debug] Initial Context Setup Request received
[2026-09-30 15:08:55.893] [ngap] [debug] Initial Context Setup Request received
[2026-09-30 15:08:55.893] [ngap] [debug] Initial Context Setup Request received
[2026-09-30 15:08:58.329] [rrc] [info] RRC Setup for UE[4]
[2026-09-30 15:08:58.329] [ngap] [debug] Initial NAS message received from UE[4]
[2026-09-30 15:08:58.342] [ngap] [debug] Initial Context Setup Request received
[2026-09-30 15:09:03.856] [ngap] [info] PDU session resource(s) setup for UE[12] count[1]
[2026-09-30 15:09:04.065] [ngap] [info] PDU session resource(s) setup for UE[10] count[1]
[2026-09-30 15:09:04.272] [ngap] [info] PDU session resource(s) setup for UE[9] count[1]
[2026-09-30 15:09:07.315] [ngap] [info] PDU session resource(s) released for UE[12] count[1]
[2026-09-30 15:09:07.526] [ngap] [info] PDU session resource(s) setup for UE[7] count[1]
[2026-09-30 15:09:07.731] [ngap] [info] PDU session resource(s) released for UE[9] count[1]
[2026-09-30 15:09:07.941] [ngap] [info] PDU session resource(s) setup for UE[11] count[1]
[2026-09-30 15:09:08.143] [ngap] [info] PDU session resource(s) released for UE[7] count[1]
[2026-09-30 15:09:08.352] [ngap] [info] PDU session resource(s) setup for UE[12] count[1]
[2026-09-30 15:09:08.556] [ngap] [info] PDU session resource(s) released for UE[11] count[1]
[2026-09-30 15:09:08.766] [ngap] [info] PDU session resource(s) setup for UE[2] count[1]
[2026-09-30 15:09:08.968] [ngap] [info] PDU session resource(s) released for UE[10] count[1]
[2026-09-30 15:09:09.181] [ngap] [info] PDU session resource(s) setup for UE[5] count[1]
[2026-09-30 15:09:09.384] [ngap] [info] PDU session resource(s) released for UE[2] count[1]
[2026-09-30 15:09:09.600] [ngap] [info] PDU session resource(s) setup for UE[8] count[1]
[2026-09-30 15:09:09.804] [ngap] [info] PDU session resource(s) released for UE[5] count[1]
[2026-09-30 15:09:10.014] [ngap] [info] PDU session resource(s) setup for UE[11] count[1]
[2026-09-30 15:09:10.220] [ngap] [info] PDU session resource(s) released for UE[11] count[1]
[2026-09-30 15:09:10.429] [ngap] [info] PDU session resource(s) setup for UE[4] count[1]
[2026-09-30 15:09:10.632] [ngap] [info] PDU session resource(s) released for UE[4] count[1]
[2026-09-30 15:09:10.845] [ngap] [info] PDU session resource(s) setup for UE[5] count[1]
[2026-09-30 15:09:11.048] [ngap] [info] PDU session resource(s) released for UE[8] count[1]
[2026-09-30 15:09:11.256] [ngap] [info] PDU session resource(s) setup for UE[9] count[1]
[2026-09-30 15:09:11.460] [ngap] [info] PDU session resource(s) released for UE[9] count[1]
[2026-09-30 15:09:11.670] [ngap] [info] PDU session resource(s) setup for UE[3] count[1]
[2026-09-30 15:09:11.876] [ngap] [info] PDU session resource(s) released for UE[5] count[1]
[2026-09-30 15:09:12.085] [ngap] [info] PDU session resource(s) setup for UE[6] count[1]
[2026-09-30 15:09:12.288] [ngap] [info] PDU session resource(s) released for UE[12] count[1]
[2026-09-30 15:09:12.497] [ngap] [info] PDU session resource(s) setup for UE[1] count[1]
[2026-09-30 15:09:12.702] [ngap] [info] PDU session resource(s) released for UE[1] count[1]
[2026-09-30 15:09:12.911] [ngap] [info] PDU session resource(s) setup for UE[12] count[1]
[2026-09-30 15:09:13.115] [ngap] [info] PDU session resource(s) released for UE[3] count[1]
[2026-09-30 15:09:13.324] [ngap] [info] PDU session resource(s) setup for UE[9] count[1]
[2026-09-30 15:09:13.526] [ngap] [info] PDU session resource(s) released for UE[9] count[1]
[2026-09-30 15:09:13.737] [ngap] [info] PDU session resource(s) setup for UE[11] count[1]
[2026-09-30 15:09:13.942] [ngap] [info] PDU session resource(s) released for UE[12] count[1]
[2026-09-30 15:09:14.152] [ngap] [info] PDU session resource(s) setup for UE[7] count[1]
[2026-09-30 15:09:14.354] [ngap] [info] PDU session resource(s) released for UE[7] count[1]
[2026-09-30 15:09:14.563] [ngap] [info] PDU session resource(s) setup for UE[8] count[1]
[2026-09-30 15:09:14.766] [ngap] [info] PDU session resource(s) released for UE[11] count[1]
[2026-09-30 15:09:14.976] [ngap] [info] PDU session resource(s) setup for UE[12] count[1]
[2026-09-30 15:09:15.178] [ngap] [info] PDU session resource(s) released for UE[12] count[1]
[2026-09-30 15:09:15.391] [ngap] [info] PDU session resource(s) setup for UE[5] count[1]
[2026-09-30 15:09:15.598] [ngap] [info] PDU session resource(s) released for UE[8] count[1]
[2026-09-30 15:09:15.809] [ngap] [info] PDU session resource(s) setup for UE[1] count[1]
[2026-09-30 15:09:16.015] [ngap] [info] PDU session resource(s) released for UE[1] count[1]
[2026-09-30 15:09:16.224] [ngap] [info] PDU session resource(s) setup for UE[3] count[1]
[2026-09-30 15:09:16.426] [ngap] [info] PDU session resource(s) released for UE[5] count[1]
[2026-09-30 15:09:16.642] [ngap] [info] PDU session resource(s) setup for UE[7] count[1]
[2026-09-30 15:09:16.850] [ngap] [info] PDU session resource(s) released for UE[6] count[1]
[2026-09-30 15:09:17.060] [ngap] [info] PDU session resource(s) setup for UE[8] count[1]
[2026-09-30 15:09:17.263] [ngap] [info] PDU session resource(s) released for UE[8] count[1]
[2026-09-30 15:09:17.472] [ngap] [info] PDU session resource(s) setup for UE[2] count[1]
[2026-09-30 15:09:17.675] [ngap] [info] PDU session resource(s) released for UE[3] count[1]
[2026-09-30 15:09:17.883] [ngap] [info] PDU session resource(s) setup for UE[12] count[1]
[2026-09-30 15:09:18.087] [ngap] [info] PDU session resource(s) released for UE[7] count[1]
[2026-09-30 15:09:18.295] [ngap] [info] PDU session resource(s) setup for UE[5] count[1]
[2026-09-30 15:09:18.499] [ngap] [info] PDU session resource(s) released for UE[5] count[1]
[2026-09-30 15:09:18.708] [ngap] [info] PDU session resource(s) setup for UE[7] count[1]
[2026-09-30 15:09:18.910] [ngap] [info] PDU session resource(s) released for UE[12] count[1]
[2026-09-30 15:09:19.121] [ngap] [info] PDU session resource(s) setup for UE[5] count[1]
[2026-09-30 15:09:19.327] [ngap] [info] PDU session resource(s) released for UE[5] count[1]
[2026-09-30 15:09:19.539] [ngap] [info] PDU session resource(s) setup for UE[11] count[1]
[2026-09-30 15:09:19.743] [ngap] [info] PDU session resource(s) released for UE[7] count[1]
[2026-09-30 15:09:19.952] [ngap] [info] PDU session resource(s) setup for UE[6] count[1]
[2026-09-30 15:09:20.155] [ngap] [info] PDU session resource(s) released for UE[6] count[1]
[2026-09-30 15:09:20.363] [ngap] [info] PDU session resource(s) setup for UE[5] count[1]
[2026-09-30 15:09:20.571] [ngap] [info] PDU session resource(s) released for UE[5] count[1]
[2026-09-30 15:09:20.781] [ngap] [info] PDU session resource(s) setup for UE[12] count[1]
[2026-09-30 15:09:20.987] [ngap] [info] PDU session resource(s) released for UE[12] count[1]
[2026-09-30 15:09:21.196] [ngap] [info] PDU session resource(s) setup for UE[10] count[1]
[2026-09-30 15:09:21.398] [ngap] [info] PDU session resource(s) released for UE[11] count[1]
[2026-09-30 15:09:21.612] [ngap] [info] PDU session resource(s) setup for UE[8] count[1]
[2026-09-30 15:09:21.814] [ngap] [info] PDU session resource(s) released for UE[8] count[1]
[2026-09-30 15:09:22.024] [ngap] [info] PDU session resource(s) setup for UE[5] count[1]
[2026-09-30 15:09:22.227] [ngap] [info] PDU session resource(s) released for UE[10] count[1]
[2026-09-30 15:09:22.440] [ngap] [info] PDU session resource(s) setup for UE[1] count[1]
[2026-09-30 15:09:22.643] [ngap] [info] PDU session resource(s) released for UE[5] count[1]
[2026-09-30 15:09:22.852] [ngap] [info] PDU session resource(s) setup for UE[10] count[1]
[2026-09-30 15:09:23.054] [ngap] [info] PDU session resource(s) released for UE[10] count[1]
[2026-09-30 15:09:23.264] [ngap] [info] PDU session resource(s) setup for UE[12] count[1]
[2026-09-30 15:09:23.466] [ngap] [info] PDU session resource(s) released for UE[2] count[1]
[2026-09-30 15:09:23.677] [ngap] [info] PDU session resource(s) setup for UE[5] count[1]
[2026-09-30 15:09:23.879] [ngap] [info] PDU session resource(s) released for UE[5] count[1]
[2026-09-30 15:09:24.089] [ngap] [info] PDU session resource(s) setup for UE[2] count[1]
[2026-09-30 15:09:24.295] [ngap] [info] PDU session resource(s) released for UE[1] count[1]
[2026-09-30 15:09:24.505] [ngap] [info] PDU session resource(s) setup for UE[3] count[1]
[2026-09-30 15:09:24.711] [ngap] [info] PDU session resource(s) released for UE[3] count[1]
[2026-09-30 15:09:24.921] [ngap] [info] PDU session resource(s) setup for UE[10] count[1]
[2026-09-30 15:09:25.123] [ngap] [info] PDU session resource(s) released for UE[2] count[1]
[2026-09-30 15:09:25.336] [ngap] [info] PDU session resource(s) setup for UE[1] count[1]
[2026-09-30 15:09:25.542] [ngap] [info] PDU session resource(s) released for UE[1] count[1]
[2026-09-30 15:09:25.752] [ngap] [info] PDU session resource(s) setup for UE[4] count[1]
[2026-09-30 15:09:25.955] [ngap] [info] PDU session resource(s) released for UE[10] count[1]
[2026-09-30 15:09:26.164] [ngap] [info] PDU session resource(s) setup for UE[9] count[1]
[2026-09-30 15:09:26.366] [ngap] [info] PDU session resource(s) released for UE[4] count[1]
[2026-09-30 15:09:26.575] [ngap] [info] PDU session resource(s) setup for UE[2] count[1]
[2026-09-30 15:09:26.779] [ngap] [info] PDU session resource(s) released for UE[2] count[1]
[2026-09-30 15:09:26.988] [ngap] [info] PDU session resource(s) setup for UE[11] count[1]
[2026-09-30 15:09:27.191] [ngap] [info] PDU session resource(s) released for UE[12] count[1]
[2026-09-30 15:09:27.401] [ngap] [info] PDU session resource(s) setup for UE[2] count[1]
[2026-09-30 15:09:27.607] [ngap] [info] PDU session resource(s) released for UE[9] count[1]
[2026-09-30 15:09:27.815] [ngap] [info] PDU session resource(s) setup for UE[7] count[1]
[2026-09-30 15:09:28.023] [ngap] [info] PDU session resource(s) released for UE[11] count[1]
[2026-09-30 15:09:28.235] [ngap] [info] PDU session resource(s) setup for UE[9] count[1]
[2026-09-30 15:09:28.438] [ngap] [info] PDU session resource(s) released for UE[9] count[1]
[2026-09-30 15:09:28.648] [ngap] [info] PDU session resource(s) setup for UE[3] count[1]
[2026-09-30 15:09:28.854] [ngap] [info] PDU session resource(s) released for UE[7] count[1]
[2026-09-30 15:09:29.063] [ngap] [info] PDU session resource(s) setup for UE[9] count[1]
[2026-09-30 15:09:29.267] [ngap] [info] PDU session resource(s) released for UE[3] count[1]
[2026-09-30 15:09:29.479] [ngap] [info] PDU session resource(s) setup for UE[4] count[1]
[2026-09-30 15:09:29.683] [ngap] [info] PDU session resource(s) released for UE[9] count[1]
[2026-09-30 15:09:29.891] [ngap] [info] PDU session resource(s) setup for UE[10] count[1]
[2026-09-30 15:09:30.099] [ngap] [info] PDU session resource(s) released for UE[10] count[1]
[2026-09-30 15:09:30.308] [ngap] [info] PDU session resource(s) setup for UE[9] count[1]
[2026-09-30 15:09:30.511] [ngap] [info] PDU session resource(s) released for UE[9] count[1]
[2026-09-30 15:09:30.720] [ngap] [info] PDU session resource(s) setup for UE[6] count[1]
[2026-09-30 15:09:30.923] [ngap] [info] PDU session resource(s) released for UE[4] count[1]
[2026-09-30 15:09:31.132] [ngap] [info] PDU session resource(s) setup for UE[9] count[1]
[2026-09-30 15:09:31.335] [ngap] [info] PDU session resource(s) released for UE[2] count[1]
[2026-09-30 15:09:31.547] [ngap] [info] PDU session resource(s) setup for UE[4] count[1]
[2026-09-30 15:09:31.751] [ngap] [info] PDU session resource(s) released for UE[4] count[1]
[2026-09-30 15:09:31.960] [ngap] [info] PDU session resource(s) setup for UE[12] count[1]
[2026-09-30 15:09:32.166] [ngap] [info] PDU session resource(s) released for UE[9] count[1]
[2026-09-30 15:09:32.377] [ngap] [info] PDU session resource(s) setup for UE[8] count[1]
[2026-09-30 15:09:32.582] [ngap] [info] PDU session resource(s) released for UE[12] count[1]
[2026-09-30 15:09:32.793] [ngap] [info] PDU session resource(s) setup for UE[10] count[1]
[2026-09-30 15:09:32.999] [ngap] [info] PDU session resource(s) released for UE[10] count[1]
[2026-09-30 15:09:33.209] [ngap] [info] PDU session resource(s) setup for UE[12] count[1]
[2026-09-30 15:09:33.411] [ngap] [info] PDU session resource(s) released for UE[6] count[1]
[2026-09-30 15:09:33.622] [ngap] [info] PDU session resource(s) setup for UE[10] count[1]
[2026-09-30 15:09:33.826] [ngap] [info] PDU session resource(s) released for UE[12] count[1]
[2026-09-30 15:09:34.039] [ngap] [info] PDU session resource(s) setup for UE[9] count[1]
[2026-09-30 15:09:34.243] [ngap] [info] PDU session resource(s) released for UE[10] count[1]
[2026-09-30 15:09:34.452] [ngap] [info] PDU session resource(s) setup for UE[4] count[1]
[2026-09-30 15:09:34.655] [ngap] [info] PDU session resource(s) released for UE[9] count[1]
[2026-09-30 15:09:34.862] [ngap] [info] PDU session resource(s) setup for UE[5] count[1]
[2026-09-30 15:09:35.066] [ngap] [info] PDU session resource(s) released for UE[5] count[1]
[2026-09-30 15:09:35.276] [ngap] [info] PDU session resource(s) setup for UE[9] count[1]
[2026-09-30 15:09:35.478] [ngap] [info] PDU session resource(s) released for UE[9] count[1]
[2026-09-30 15:09:35.689] [ngap] [info] PDU session resource(s) setup for UE[6] count[1]
[2026-09-30 15:09:35.895] [ngap] [info] PDU session resource(s) released for UE[4] count[1]
[2026-09-30 15:09:36.108] [ngap] [info] PDU session resource(s) setup for UE[1] count[1]
[2026-09-30 15:09:36.311] [ngap] [info] PDU session resource(s) released for UE[8] count[1]
[2026-09-30 15:09:36.520] [ngap] [info] PDU session resource(s) setup for UE[3] count[1]
[2026-09-30 15:09:36.723] [ngap] [info] PDU session resource(s) released for UE[3] count[1]
[2026-09-30 15:09:36.935] [ngap] [info] PDU session resource(s) setup for UE[2] count[1]
[2026-09-30 15:09:37.138] [ngap] [info] PDU session resource(s) released for UE[6] count[1]
[2026-09-30 15:09:37.347] [ngap] [info] PDU session resource(s) setup for UE[3] count[1]
[2026-09-30 15:09:37.551] [ngap] [info] PDU session resource(s) released for UE[2] count[1]
[2026-09-30 15:09:37.762] [ngap] [info] PDU session resource(s) setup for UE[11] count[1]
[2026-09-30 15:09:37.966] [ngap] [info] PDU session resource(s) released for UE[11] count[1]
[2026-09-30 15:09:38.177] [ngap] [info] PDU session resource(s) setup for UE[12] count[1]
[2026-09-30 15:09:38.382] [ngap] [info] PDU session resource(s) released for UE[1] count[1]
[2026-09-30 15:09:38.591] [ngap] [info] PDU session resource(s) setup for UE[7] count[1]
[2026-09-30 15:09:38.795] [ngap] [info] PDU session resource(s) released for UE[12] count[1]
[2026-09-30 15:09:39.008] [ngap] [info] PDU session resource(s) setup for UE[10] count[1]
[2026-09-30 15:09:39.211] [ngap] [info] PDU session resource(s) released for UE[7] count[1]
[2026-09-30 15:09:39.420] [ngap] [info] PDU session resource(s) setup for UE[8] count[1]
[2026-09-30 15:09:39.622] [ngap] [info] PDU session resource(s) released for UE[10] count[1]
[2026-09-30 15:09:39.831] [ngap] [info] PDU session resource(s) setup for UE[9] count[1]
[2026-09-30 15:09:40.035] [ngap] [info] PDU session resource(s) released for UE[9] count[1]
[2026-09-30 15:09:40.243] [ngap] [info] PDU session resource(s) setup for UE[6] count[1]
[2026-09-30 15:09:40.447] [ngap] [info] PDU session resource(s) released for UE[8] count[1]
[2026-09-30 15:09:40.658] [ngap] [info] PDU session resource(s) setup for UE[1] count[1]
[2026-09-30 15:09:40.862] [ngap] [info] PDU session resource(s) released for UE[3] count[1]
[2026-09-30 15:09:41.071] [ngap] [info] PDU session resource(s) setup for UE[2] count[1]
[2026-09-30 15:09:41.279] [ngap] [info] PDU session resource(s) released for UE[6] count[1]
[2026-09-30 15:09:41.487] [ngap] [info] PDU session resource(s) setup for UE[7] count[1]
[2026-09-30 15:09:41.691] [ngap] [info] PDU session resource(s) released for UE[7] count[1]
[2026-09-30 15:09:41.901] [ngap] [info] PDU session resource(s) setup for UE[11] count[1]
[2026-09-30 15:09:42.107] [ngap] [info] PDU session resource(s) released for UE[11] count[1]
[2026-09-30 15:09:42.316] [ngap] [info] PDU session resource(s) setup for UE[9] count[1]
[2026-09-30 15:09:42.517] [ngap] [info] PDU session resource(s) released for UE[9] count[1]
[2026-09-30 15:09:42.726] [ngap] [info] PDU session resource(s) setup for UE[8] count[1]
[2026-09-30 15:09:42.929] [ngap] [info] PDU session resource(s) released for UE[2] count[1]
[2026-09-30 15:09:43.139] [ngap] [info] PDU session resource(s) setup for UE[6] count[1]
[2026-09-30 15:09:43.341] [ngap] [info] PDU session resource(s) released for UE[8] count[1]
[2026-09-30 15:09:43.550] [ngap] [info] PDU session resource(s) setup for UE[9] count[1]
[2026-09-30 15:09:43.753] [ngap] [info] PDU session resource(s) released for UE[1] count[1]
[2026-09-30 15:09:43.964] [ngap] [info] PDU session resource(s) setup for UE[5] count[1]
[2026-09-30 15:09:44.173] [ngap] [info] PDU session resource(s) released for UE[9] count[1]
[2026-09-30 15:09:44.381] [ngap] [info] PDU session resource(s) setup for UE[2] count[1]
[2026-09-30 15:09:44.584] [ngap] [info] PDU session resource(s) released for UE[5] count[1]
[2026-09-30 15:09:44.799] [ngap] [info] PDU session resource(s) setup for UE[8] count[1]
[2026-09-30 15:09:45.002] [ngap] [info] PDU session resource(s) released for UE[6] count[1]
[2026-09-30 15:09:45.210] [ngap] [info] PDU session resource(s) setup for UE[7] count[1]
[2026-09-30 15:09:45.413] [ngap] [info] PDU session resource(s) released for UE[2] count[1]
[2026-09-30 15:09:45.622] [ngap] [info] PDU session resource(s) setup for UE[11] count[1]
[2026-09-30 15:09:45.825] [ngap] [info] PDU session resource(s) released for UE[11] count[1]
[2026-09-30 15:09:46.041] [ngap] [info] PDU session resource(s) setup for UE[2] count[1]
[2026-09-30 15:09:46.245] [ngap] [info] PDU session resource(s) released for UE[8] count[1]
[2026-09-30 15:09:46.454] [ngap] [info] PDU session resource(s) setup for UE[5] count[1]
[2026-09-30 15:09:46.657] [ngap] [info] PDU session resource(s) released for UE[7] count[1]
[2026-09-30 15:09:46.867] [ngap] [info] PDU session resource(s) setup for UE[3] count[1]
[2026-09-30 15:09:47.074] [ngap] [info] PDU session resource(s) released for UE[2] count[1]
[2026-09-30 15:09:47.288] [ngap] [info] PDU session resource(s) setup for UE[11] count[1]
[2026-09-30 15:09:47.493] [ngap] [info] PDU session resource(s) released for UE[5] count[1]
[2026-09-30 15:09:47.704] [ngap] [info] PDU session resource(s) setup for UE[4] count[1]
[2026-09-30 15:09:47.909] [ngap] [info] PDU session resource(s) released for UE[4] count[1]
[2026-09-30 15:09:48.119] [ngap] [info] PDU session resource(s) setup for UE[1] count[1]
[2026-09-30 15:09:48.321] [ngap] [info] PDU session resource(s) released for UE[11] count[1]
[2026-09-30 15:09:48.530] [ngap] [info] PDU session resource(s) setup for UE[4] count[1]
[2026-09-30 15:09:48.733] [ngap] [info] PDU session resource(s) released for UE[4] count[1]
[2026-09-30 15:09:48.942] [ngap] [info] PDU session resource(s) setup for UE[2] count[1]
[2026-09-30 15:09:49.145] [ngap] [info] PDU session resource(s) released for UE[2] count[1]
[2026-09-30 15:09:49.353] [ngap] [info] PDU session resource(s) setup for UE[6] count[1]
[2026-09-30 15:09:49.557] [ngap] [info] PDU session resource(s) released for UE[6] count[1]
[2026-09-30 15:09:49.767] [ngap] [info] PDU session resource(s) setup for UE[2] count[1]
[2026-09-30 15:09:49.973] [ngap] [info] PDU session resource(s) released for UE[1] count[1]
[2026-09-30 15:09:50.183] [ngap] [info] PDU session resource(s) setup for UE[8] count[1]
[2026-09-30 15:09:50.385] [ngap] [info] PDU session resource(s) released for UE[8] count[1]
[2026-09-30 15:09:50.599] [ngap] [info] PDU session resource(s) setup for UE[12] count[1]
[2026-09-30 15:09:50.809] [ngap] [info] PDU session resource(s) released for UE[2] count[1]
[2026-09-30 15:09:51.022] [ngap] [info] PDU session resource(s) setup for UE[4] count[1]
[2026-09-30 15:09:51.225] [ngap] [info] PDU session resource(s) released for UE[4] count[1]
[2026-09-30 15:09:51.433] [ngap] [info] PDU session resource(s) setup for UE[1] count[1]
[2026-09-30 15:09:51.637] [ngap] [info] PDU session resource(s) released for UE[3] count[1]
[2026-09-30 15:09:51.846] [ngap] [info] PDU session resource(s) setup for UE[11] count[1]
[2026-09-30 15:09:52.049] [ngap] [info] PDU session resource(s) released for UE[12] count[1]
[2026-09-30 15:09:52.259] [ngap] [info] PDU session resource(s) setup for UE[5] count[1]
[2026-09-30 15:09:52.462] [ngap] [info] PDU session resource(s) released for UE[1] count[1]
[2026-09-30 15:09:52.673] [ngap] [info] PDU session resource(s) setup for UE[8] count[1]
[2026-09-30 15:09:52.877] [ngap] [info] PDU session resource(s) released for UE[11] count[1]
[2026-09-30 15:09:53.086] [ngap] [info] PDU session resource(s) setup for UE[9] count[1]
[2026-09-30 15:09:53.289] [ngap] [info] PDU session resource(s) released for UE[8] count[1]
[2026-09-30 15:09:53.504] [ngap] [info] PDU session resource(s) setup for UE[4] count[1]
[2026-09-30 15:09:53.709] [ngap] [info] PDU session resource(s) released for UE[4] count[1]
[2026-09-30 15:09:53.918] [ngap] [info] PDU session resource(s) setup for UE[6] count[1]
[2026-09-30 15:09:54.125] [ngap] [info] PDU session resource(s) released for UE[9] count[1]
[2026-09-30 15:09:54.339] [ngap] [info] PDU session resource(s) setup for UE[12] count[1]
[2026-09-30 15:09:54.541] [ngap] [info] PDU session resource(s) released for UE[5] count[1]
[2026-09-30 15:09:54.753] [ngap] [info] PDU session resource(s) setup for UE[10] count[1]
[2026-09-30 15:09:54.957] [ngap] [info] PDU session resource(s) released for UE[10] count[1]
[2026-09-30 15:09:55.167] [ngap] [info] PDU session resource(s) setup for UE[7] count[1]
[2026-09-30 15:09:55.373] [ngap] [info] PDU session resource(s) released for UE[7] count[1]
[2026-09-30 15:09:55.584] [ngap] [info] PDU session resource(s) setup for UE[11] count[1]
[2026-09-30 15:09:55.793] [ngap] [info] PDU session resource(s) released for UE[11] count[1]
[2026-09-30 15:09:56.004] [ngap] [info] PDU session resource(s) setup for UE[10] count[1]
[2026-09-30 15:09:56.209] [ngap] [info] PDU session resource(s) released for UE[6] count[1]
[2026-09-30 15:09:56.418] [ngap] [info] PDU session resource(s) setup for UE[11] count[1]
[2026-09-30 15:09:56.621] [ngap] [info] PDU session resource(s) released for UE[12] count[1]
[2026-09-30 15:09:56.832] [ngap] [info] PDU session resource(s) setup for UE[5] count[1]
[2026-09-30 15:09:57.037] [ngap] [info] PDU session resource(s) released for UE[10] count[1]
[2026-09-30 15:09:57.253] [ngap] [info] PDU session resource(s) setup for UE[9] count[1]
[2026-09-30 15:09:57.458] [ngap] [info] PDU session resource(s) released for UE[11] count[1]
[2026-09-30 15:09:57.671] [ngap] [info] PDU session resource(s) setup for UE[8] count[1]
[2026-09-30 15:09:57.877] [ngap] [info] PDU session resource(s) released for UE[8] count[1]
[2026-09-30 15:09:58.088] [ngap] [info] PDU session resource(s) setup for UE[12] count[1]
[2026-09-30 15:09:58.294] [ngap] [info] PDU session resource(s) released for UE[12] count[1]
[2026-09-30 15:09:58.502] [ngap] [info] PDU session resource(s) setup for UE[4] count[1]
[2026-09-30 15:09:58.706] [ngap] [info] PDU session resource(s) released for UE[9] count[1]
[2026-09-30 15:09:58.914] [ngap] [info] PDU session resource(s) setup for UE[3] count[1]
[2026-09-30 15:09:59.118] [ngap] [info] PDU session resource(s) released for UE[3] count[1]
[2026-09-30 15:09:59.327] [ngap] [info] PDU session resource(s) setup for UE[8] count[1]
[2026-09-30 15:09:59.529] [ngap] [info] PDU session resource(s) released for UE[4] count[1]
[2026-09-30 15:09:59.741] [ngap] [info] PDU session resource(s) setup for UE[3] count[1]
[2026-09-30 15:09:59.949] [ngap] [info] PDU session resource(s) released for UE[8] count[1]
[2026-09-30 15:10:00.159] [ngap] [info] PDU session resource(s) setup for UE[2] count[1]
[2026-09-30 15:10:00.365] [ngap] [info] PDU session resource(s) released for UE[3] count[1]
[2026-09-30 15:10:00.576] [ngap] [info] PDU session resource(s) setup for UE[9] count[1]
[2026-09-30 15:10:00.781] [ngap] [info] PDU session resource(s) released for UE[2] count[1]
[2026-09-30 15:10:00.995] [ngap] [info] PDU session resource(s) setup for UE[1] count[1]
[2026-09-30 15:10:01.197] [ngap] [info] PDU session resource(s) released for UE[5] count[1]
[2026-09-30 15:10:01.407] [ngap] [info] PDU session resource(s) setup for UE[11] count[1]
[2026-09-30 15:10:01.609] [ngap] [info] PDU session resource(s) released for UE[1] count[1]
[2026-09-30 15:10:01.822] [ngap] [info] PDU session resource(s) setup for UE[10] count[1]
[2026-09-30 15:10:02.025] [ngap] [info] PDU session resource(s) released for UE[11] count[1]
[2026-09-30 15:10:02.239] [ngap] [info] PDU session resource(s) setup for UE[2] count[1]
[2026-09-30 15:10:02.445] [ngap] [info] PDU session resource(s) released for UE[9] count[1]
[2026-09-30 15:10:02.654] [ngap] [info] PDU session resource(s) setup for UE[8] count[1]
[2026-09-30 15:10:02.857] [ngap] [info] PDU session resource(s) released for UE[8] count[1]
[2026-09-30 15:10:03.069] [ngap] [info] PDU session resource(s) setup for UE[6] count[1]
[2026-09-30 15:10:03.273] [ngap] [info] PDU session resource(s) released for UE[2] count[1]
[2026-09-30 15:10:03.483] [ngap] [info] PDU session resource(s) setup for UE[8] count[1]
[2026-09-30 15:10:03.689] [ngap] [info] PDU session resource(s) released for UE[6] count[1]
[2026-09-30 15:10:03.899] [ngap] [info] PDU session resource(s) setup for UE[2] count[1]
[2026-09-30 15:10:04.101] [ngap] [info] PDU session resource(s) released for UE[8] count[1]
[2026-09-30 15:10:04.315] [ngap] [info] PDU session resource(s) setup for UE[6] count[1]
[2026-09-30 15:10:04.522] [ngap] [info] PDU session resource(s) released for UE[10] count[1]
[2026-09-30 15:10:04.730] [ngap] [info] PDU session resource(s) setup for UE[12] count[1]
[2026-09-30 15:10:04.937] [ngap] [info] PDU session resource(s) released for UE[12] count[1]
[2026-09-30 15:10:05.151] [ngap] [info] PDU session resource(s) setup for UE[7] count[1]
[2026-09-30 15:10:05.353] [ngap] [info] PDU session resource(s) released for UE[2] count[1]
[2026-09-30 15:10:05.568] [ngap] [info] PDU session resource(s) setup for UE[5] count[1]
[2026-09-30 15:10:05.777] [ngap] [info] PDU session resource(s) released for UE[6] count[1]
[2026-09-30 15:10:05.987] [ngap] [info] PDU session resource(s) setup for UE[1] count[1]
[2026-09-30 15:10:06.193] [ngap] [info] PDU session resource(s) released for UE[1] count[1]
[2026-09-30 15:10:06.408] [ngap] [info] PDU session resource(s) setup for UE[9] count[1]
[2026-09-30 15:10:06.614] [ngap] [info] PDU session resource(s) released for UE[5] count[1]
[2026-09-30 15:10:06.824] [ngap] [info] PDU session resource(s) setup for UE[12] count[1]
[2026-09-30 15:10:07.029] [ngap] [info] PDU session resource(s) released for UE[12] count[1]
[2026-09-30 15:10:07.240] [ngap] [info] PDU session resource(s) setup for UE[5] count[1]
[2026-09-30 15:10:07.449] [ngap] [info] PDU session resource(s) released for UE[9] count[1]
[2026-09-30 15:10:07.658] [ngap] [info] PDU session resource(s) setup for UE[2] count[1]
[2026-09-30 15:10:07.865] [ngap] [info] PDU session resource(s) released for UE[5] count[1]
[2026-09-30 15:10:08.076] [ngap] [info] PDU session resource(s) setup for UE[6] count[1]
[2026-09-30 15:10:08.281] [ngap] [info] PDU session resource(s) released for UE[7] count[1]
[2026-09-30 15:10:08.493] [ngap] [info] PDU session resource(s) setup for UE[10] count[1]
[2026-09-30 15:10:08.697] [ngap] [info] PDU session resource(s) released for UE[2] count[1]
[2026-09-30 15:10:08.906] [ngap] [info] PDU session resource(s) setup for UE[5] count[1]
[2026-09-30 15:10:09.109] [ngap] [info] PDU session resource(s) released for UE[6] count[1]
[2026-09-30 15:10:09.318] [ngap] [info] PDU session resource(s) setup for UE[2] count[1]
[2026-09-30 15:10:09.522] [ngap] [info] PDU session resource(s) released for UE[10] count[1]
[2026-09-30 15:10:09.734] [ngap] [info] PDU session resource(s) setup for UE[12] count[1]
[2026-09-30 15:10:09.938] [ngap] [info] PDU session resource(s) released for UE[5] count[1]
[2026-09-30 15:10:10.154] [ngap] [info] PDU session resource(s) setup for UE[7] count[1]
[2026-09-30 15:10:10.358] [ngap] [info] PDU session resource(s) released for UE[2] count[1]
[2026-09-30 15:10:10.567] [ngap] [info] PDU session resource(s) setup for UE[6] count[1]
[2026-09-30 15:10:10.769] [ngap] [info] PDU session resource(s) released for UE[12] count[1]
[2026-09-30 15:10:10.980] [ngap] [info] PDU session resource(s) setup for UE[11] count[1]
[2026-09-30 15:10:11.185] [ngap] [info] PDU session resource(s) released for UE[6] count[1]
[2026-09-30 15:10:11.396] [ngap] [info] PDU session resource(s) setup for UE[3] count[1]
[2026-09-30 15:10:11.601] [ngap] [info] PDU session resource(s) released for UE[3] count[1]
[2026-09-30 15:10:11.812] [ngap] [info] PDU session resource(s) setup for UE[2] count[1]
[2026-09-30 15:10:12.021] [ngap] [info] PDU session resource(s) released for UE[7] count[1]
[2026-09-30 15:10:12.231] [ngap] [info] PDU session resource(s) setup for UE[3] count[1]
[2026-09-30 15:10:12.435] [ngap] [info] PDU session resource(s) released for UE[11] count[1]
[2026-09-30 15:10:12.645] [ngap] [info] PDU session resource(s) setup for UE[8] count[1]
[2026-09-30 15:10:12.851] [ngap] [info] PDU session resource(s) released for UE[3] count[1]
[2026-09-30 15:10:13.064] [ngap] [info] PDU session resource(s) setup for UE[12] count[1]
[2026-09-30 15:10:13.268] [ngap] [info] PDU session resource(s) released for UE[8] count[1]
[2026-09-30 15:10:13.478] [ngap] [info] PDU session resource(s) setup for UE[3] count[1]
[2026-09-30 15:10:13.683] [ngap] [info] PDU session resource(s) released for UE[2] count[1]
[2026-09-30 15:10:13.894] [ngap] [info] PDU session resource(s) setup for UE[11] count[1]
[2026-09-30 15:10:14.100] [ngap] [info] PDU session resource(s) released for UE[3] count[1]
[2026-09-30 15:10:14.308] [ngap] [info] PDU session resource(s) setup for UE[1] count[1]
[2026-09-30 15:10:14.511] [ngap] [info] PDU session resource(s) released for UE[12] count[1]
[2026-09-30 15:10:14.720] [ngap] [info] PDU session resource(s) setup for UE[6] count[1]
[2026-09-30 15:10:14.923] [ngap] [info] PDU session resource(s) released for UE[11] count[1]
[2026-09-30 15:10:15.133] [ngap] [info] PDU session resource(s) setup for UE[4] count[1]
[2026-09-30 15:10:15.335] [ngap] [info] PDU session resource(s) released for UE[1] count[1]
[2026-09-30 15:10:15.547] [ngap] [info] PDU session resource(s) setup for UE[3] count[1]
[2026-09-30 15:10:15.753] [ngap] [info] PDU session resource(s) released for UE[6] count[1]
[2026-09-30 15:10:15.964] [ngap] [info] PDU session resource(s) setup for UE[9] count[1]
[2026-09-30 15:10:16.168] [ngap] [info] PDU session resource(s) released for UE[4] count[1]
[2026-09-30 15:10:16.380] [ngap] [info] PDU session resource(s) setup for UE[8] count[1]
[2026-09-30 15:10:16.584] [ngap] [info] PDU session resource(s) released for UE[8] count[1]
[2026-09-30 15:10:16.794] [ngap] [info] PDU session resource(s) setup for UE[1] count[1]
[2026-09-30 15:10:17.001] [ngap] [info] PDU session resource(s) released for UE[3] count[1]
[2026-09-30 15:10:17.209] [ngap] [info] PDU session resource(s) setup for UE[5] count[1]
[2026-09-30 15:10:17.416] [ngap] [info] PDU session resource(s) released for UE[1] count[1]
[2026-09-30 15:10:17.624] [ngap] [info] PDU session resource(s) setup for UE[2] count[1]
[2026-09-30 15:10:17.828] [ngap] [info] PDU session resource(s) released for UE[2] count[1]
[2026-09-30 15:10:18.041] [ngap] [info] PDU session resource(s) setup for UE[11] count[1]
[2026-09-30 15:10:18.243] [ngap] [info] PDU session resource(s) released for UE[9] count[1]
[2026-09-30 15:10:18.452] [ngap] [info] PDU session resource(s) setup for UE[7] count[1]
[2026-09-30 15:10:18.655] [ngap] [info] PDU session resource(s) released for UE[11] count[1]
[2026-09-30 15:10:18.867] [ngap] [info] PDU session resource(s) setup for UE[1] count[1]
[2026-09-30 15:10:19.073] [ngap] [info] PDU session resource(s) released for UE[1] count[1]
[2026-09-30 15:10:19.281] [ngap] [info] PDU session resource(s) setup for UE[8] count[1]
[2026-09-30 15:10:19.483] [ngap] [info] PDU session resource(s) released for UE[8] count[1]
[2026-09-30 15:10:19.697] [ngap] [info] PDU session resource(s) setup for UE[3] count[1]
[2026-09-30 15:10:19.903] [ngap] [info] PDU session resource(s) released for UE[3] count[1]
[2026-09-30 15:10:20.113] [ngap] [info] PDU session resource(s) setup for UE[1] count[1]
[2026-09-30 15:10:20.316] [ngap] [info] PDU session resource(s) released for UE[7] count[1]
[2026-09-30 15:10:20.525] [ngap] [info] PDU session resource(s) setup for UE[12] count[1]
[2026-09-30 15:10:20.727] [ngap] [info] PDU session resource(s) released for UE[5] count[1]
[2026-09-30 15:10:20.942] [ngap] [info] PDU session resource(s) setup for UE[11] count[1]
[2026-09-30 15:10:21.147] [ngap] [info] PDU session resource(s) released for UE[1] count[1]
[2026-09-30 15:10:21.357] [ngap] [info] PDU session resource(s) setup for UE[10] count[1]
[2026-09-30 15:10:21.560] [ngap] [info] PDU session resource(s) released for UE[12] count[1]
[2026-09-30 15:10:21.773] [ngap] [info] PDU session resource(s) setup for UE[8] count[1]
[2026-09-30 15:10:21.975] [ngap] [info] PDU session resource(s) released for UE[8] count[1]
[2026-09-30 15:10:22.185] [ngap] [info] PDU session resource(s) setup for UE[7] count[1]
[2026-09-30 15:10:22.387] [ngap] [info] PDU session resource(s) released for UE[10] count[1]
[2026-09-30 15:10:22.599] [ngap] [info] PDU session resource(s) setup for UE[1] count[1]
[2026-09-30 15:10:22.804] [ngap] [info] PDU session resource(s) released for UE[7] count[1]
[2026-09-30 15:10:23.013] [ngap] [info] PDU session resource(s) setup for UE[12] count[1]
[2026-09-30 15:10:23.215] [ngap] [info] PDU session resource(s) released for UE[11] count[1]
[2026-09-30 15:10:23.429] [ngap] [info] PDU session resource(s) setup for UE[4] count[1]
[2026-09-30 15:10:23.631] [ngap] [info] PDU session resource(s) released for UE[12] count[1]
[2026-09-30 15:10:23.843] [ngap] [info] PDU session resource(s) setup for UE[7] count[1]
[2026-09-30 15:10:24.047] [ngap] [info] PDU session resource(s) released for UE[1] count[1]
[2026-09-30 15:10:24.257] [ngap] [info] PDU session resource(s) setup for UE[5] count[1]
[2026-09-30 15:10:24.459] [ngap] [info] PDU session resource(s) released for UE[4] count[1]
[2026-09-30 15:10:24.668] [ngap] [info] PDU session resource(s) setup for UE[1] count[1]
[2026-09-30 15:10:24.872] [ngap] [info] PDU session resource(s) released for UE[1] count[1]
[2026-09-30 15:10:25.081] [ngap] [info] PDU session resource(s) setup for UE[12] count[1]
[2026-09-30 15:10:25.283] [ngap] [info] PDU session resource(s) released for UE[12] count[1]
[2026-09-30 15:10:25.495] [ngap] [info] PDU session resource(s) setup for UE[10] count[1]
[2026-09-30 15:10:25.699] [ngap] [info] PDU session resource(s) released for UE[5] count[1]
[2026-09-30 15:10:25.910] [ngap] [info] PDU session resource(s) setup for UE[9] count[1]
[2026-09-30 15:10:26.119] [ngap] [info] PDU session resource(s) released for UE[9] count[1]
[2026-09-30 15:10:26.330] [ngap] [info] PDU session resource(s) setup for UE[8] count[1]
[2026-09-30 15:10:26.539] [ngap] [info] PDU session resource(s) released for UE[10] count[1]
[2026-09-30 15:10:26.748] [ngap] [info] PDU session resource(s) setup for UE[11] count[1]
[2026-09-30 15:10:26.951] [ngap] [info] PDU session resource(s) released for UE[7] count[1]
[2026-09-30 15:10:27.163] [ngap] [info] PDU session resource(s) setup for UE[12] count[1]
[2026-09-30 15:10:27.371] [ngap] [info] PDU session resource(s) released for UE[8] count[1]
[2026-09-30 15:10:27.585] [ngap] [info] PDU session resource(s) setup for UE[1] count[1]
[2026-09-30 15:10:27.787] [ngap] [info] PDU session resource(s) released for UE[11] count[1]
[2026-09-30 15:10:27.998] [ngap] [info] PDU session resource(s) setup for UE[7] count[1]
[2026-09-30 15:10:28.203] [ngap] [info] PDU session resource(s) released for UE[12] count[1]
[2026-09-30 15:10:28.413] [ngap] [info] PDU session resource(s) setup for UE[9] count[1]
[2026-09-30 15:10:28.616] [ngap] [info] PDU session resource(s) released for UE[1] count[1]
[2026-09-30 15:10:28.829] [ngap] [info] PDU session resource(s) setup for UE[8] count[1]
[2026-09-30 15:10:29.036] [ngap] [info] PDU session resource(s) released for UE[9] count[1]
[2026-09-30 15:10:29.245] [ngap] [info] PDU session resource(s) setup for UE[6] count[1]
[2026-09-30 15:10:29.451] [ngap] [info] PDU session resource(s) released for UE[8] count[1]
[2026-09-30 15:10:29.661] [ngap] [info] PDU session resource(s) setup for UE[4] count[1]
[2026-09-30 15:10:29.867] [ngap] [info] PDU session resource(s) released for UE[6] count[1]
[2026-09-30 15:10:30.077] [ngap] [info] PDU session resource(s) setup for UE[11] count[1]
[2026-09-30 15:10:30.279] [ngap] [info] PDU session resource(s) released for UE[7] count[1]
[2026-09-30 15:10:30.491] [ngap] [info] PDU session resource(s) setup for UE[1] count[1]
[2026-09-30 15:10:30.695] [ngap] [info] PDU session resource(s) released for UE[4] count[1]
[2026-09-30 15:10:30.906] [ngap] [info] PDU session resource(s) setup for UE[7] count[1]
[2026-09-30 15:10:31.116] [ngap] [info] PDU session resource(s) released for UE[7] count[1]
[2026-09-30 15:10:31.331] [ngap] [info] PDU session resource(s) setup for UE[3] count[1]
[2026-09-30 15:10:31.536] [ngap] [info] PDU session resource(s) released for UE[11] count[1]
[2026-09-30 15:10:31.744] [ngap] [info] PDU session resource(s) setup for UE[12] count[1]
[2026-09-30 15:10:31.948] [ngap] [info] PDU session resource(s) released for UE[1] count[1]
[2026-09-30 15:10:32.161] [ngap] [info] PDU session resource(s) setup for UE[9] count[1]
[2026-09-30 15:10:32.364] [ngap] [info] PDU session resource(s) released for UE[12] count[1]
[2026-09-30 15:10:32.573] [ngap] [info] PDU session resource(s) setup for UE[5] count[1]
[2026-09-30 15:10:32.776] [ngap] [info] PDU session resource(s) released for UE[9] count[1]
[2026-09-30 15:10:32.987] [ngap] [info] PDU session resource(s) setup for UE[12] count[1]
[2026-09-30 15:10:33.192] [ngap] [info] PDU session resource(s) released for UE[3] count[1]
[2026-09-30 15:10:33.400] [ngap] [info] PDU session resource(s) setup for UE[10] count[1]
[2026-09-30 15:10:33.603] [ngap] [info] PDU session resource(s) released for UE[5] count[1]
[2026-09-30 15:10:33.813] [ngap] [info] PDU session resource(s) setup for UE[2] count[1]
[2026-09-30 15:10:34.016] [ngap] [info] PDU session resource(s) released for UE[10] count[1]
[2026-09-30 15:10:34.230] [ngap] [info] PDU session resource(s) setup for UE[1] count[1]
[2026-09-30 15:10:34.441] [ngap] [info] PDU session resource(s) released for UE[2] count[1]
[2026-09-30 15:10:34.652] [ngap] [info] PDU session resource(s) setup for UE[5] count[1]
[2026-09-30 15:10:34.856] [ngap] [info] PDU session resource(s) released for UE[12] count[1]
[2026-09-30 15:10:35.065] [ngap] [info] PDU session resource(s) setup for UE[6] count[1]
[2026-09-30 15:10:35.267] [ngap] [info] PDU session resource(s) released for UE[6] count[1]
[2026-09-30 15:10:35.482] [ngap] [info] PDU session resource(s) setup for UE[3] count[1]
[2026-09-30 15:10:35.687] [ngap] [info] PDU session resource(s) released for UE[1] count[1]
[2026-09-30 15:10:35.897] [ngap] [info] PDU session resource(s) setup for UE[6] count[1]
[2026-09-30 15:10:36.100] [ngap] [info] PDU session resource(s) released for UE[6] count[1]
[2026-09-30 15:10:36.313] [ngap] [info] PDU session resource(s) setup for UE[7] count[1]
[2026-09-30 15:10:36.515] [ngap] [info] PDU session resource(s) released for UE[5] count[1]
[2026-09-30 15:10:36.725] [ngap] [info] PDU session resource(s) setup for UE[11] count[1]
[2026-09-30 15:10:36.931] [ngap] [info] PDU session resource(s) released for UE[3] count[1]
[2026-09-30 15:10:37.144] [ngap] [info] PDU session resource(s) setup for UE[12] count[1]
[2026-09-30 15:10:37.347] [ngap] [info] PDU session resource(s) released for UE[11] count[1]
[2026-09-30 15:10:37.559] [ngap] [info] PDU session resource(s) setup for UE[4] count[1]
[2026-09-30 15:10:37.763] [ngap] [info] PDU session resource(s) released for UE[4] count[1]
[2026-09-30 15:10:37.972] [ngap] [info] PDU session resource(s) setup for UE[11] count[1]
[2026-09-30 15:10:38.175] [ngap] [info] PDU session resource(s) released for UE[11] count[1]
[2026-09-30 15:10:38.388] [ngap] [info] PDU session resource(s) setup for UE[1] count[1]
[2026-09-30 15:10:38.591] [ngap] [info] PDU session resource(s) released for UE[7] count[1]
[2026-09-30 15:10:38.800] [ngap] [info] PDU session resource(s) setup for UE[2] count[1]
[2026-09-30 15:10:39.003] [ngap] [info] PDU session resource(s) released for UE[12] count[1]
[2026-09-30 15:10:39.213] [ngap] [info] PDU session resource(s) setup for UE[7] count[1]
[2026-09-30 15:10:39.415] [ngap] [info] PDU session resource(s) released for UE[7] count[1]
[2026-09-30 15:10:39.625] [ngap] [info] PDU session resource(s) setup for UE[8] count[1]
[2026-09-30 15:10:39.827] [ngap] [info] PDU session resource(s) released for UE[2] count[1]
[2026-09-30 15:10:40.038] [ngap] [info] PDU session resource(s) setup for UE[7] count[1]
[2026-09-30 15:10:40.244] [ngap] [info] PDU session resource(s) released for UE[7] count[1]
[2026-09-30 15:10:40.452] [ngap] [info] PDU session resource(s) setup for UE[5] count[1]
[2026-09-30 15:10:40.655] [ngap] [info] PDU session resource(s) released for UE[1] count[1]
[2026-09-30 15:10:40.864] [ngap] [info] PDU session resource(s) setup for UE[4] count[1]
[2026-09-30 15:10:41.068] [ngap] [info] PDU session resource(s) released for UE[5] count[1]
[2026-09-30 15:10:41.283] [ngap] [info] PDU session resource(s) setup for UE[1] count[1]
[2026-09-30 15:10:41.487] [ngap] [info] PDU session resource(s) released for UE[8] count[1]
[2026-09-30 15:10:41.696] [ngap] [info] PDU session resource(s) setup for UE[9] count[1]
[2026-09-30 15:10:41.900] [ngap] [info] PDU session resource(s) released for UE[9] count[1]
[2026-09-30 15:10:42.113] [ngap] [info] PDU session resource(s) setup for UE[11] count[1]
[2026-09-30 15:10:42.316] [ngap] [info] PDU session resource(s) released for UE[1] count[1]
[2026-09-30 15:10:42.524] [ngap] [info] PDU session resource(s) setup for UE[6] count[1]
[2026-09-30 15:10:42.725] [ngap] [info] PDU session resource(s) released for UE[6] count[1]
[2026-09-30 15:10:42.936] [ngap] [info] PDU session resource(s) setup for UE[9] count[1]
[2026-09-30 15:10:43.142] [ngap] [info] PDU session resource(s) released for UE[11] count[1]
[2026-09-30 15:10:43.354] [ngap] [info] PDU session resource(s) setup for UE[6] count[1]
[2026-09-30 15:10:43.557] [ngap] [info] PDU session resource(s) released for UE[9] count[1]
[2026-09-30 15:10:43.766] [ngap] [info] PDU session resource(s) setup for UE[11] count[1]
[2026-09-30 15:10:43.970] [ngap] [info] PDU session resource(s) released for UE[6] count[1]
[2026-09-30 15:10:44.179] [ngap] [info] PDU session resource(s) setup for UE[9] count[1]
[2026-09-30 15:10:44.381] [ngap] [info] PDU session resource(s) released for UE[11] count[1]
[2026-09-30 15:10:44.591] [ngap] [info] PDU session resource(s) setup for UE[10] count[1]
[2026-09-30 15:10:44.794] [ngap] [info] PDU session resource(s) released for UE[9] count[1]
[2026-09-30 15:10:45.004] [ngap] [info] PDU session resource(s) setup for UE[8] count[1]
[2026-09-30 15:10:45.205] [ngap] [info] PDU session resource(s) released for UE[4] count[1]
[2026-09-30 15:10:45.415] [ngap] [info] PDU session resource(s) setup for UE[5] count[1]
[2026-09-30 15:10:45.618] [ngap] [info] PDU session resource(s) released for UE[8] count[1]
[2026-09-30 15:10:45.828] [ngap] [info] PDU session resource(s) setup for UE[3] count[1]
[2026-09-30 15:10:46.034] [ngap] [info] PDU session resource(s) released for UE[3] count[1]
[2026-09-30 15:10:46.245] [ngap] [info] PDU session resource(s) setup for UE[9] count[1]
[2026-09-30 15:10:46.450] [ngap] [info] PDU session resource(s) released for UE[9] count[1]
[2026-09-30 15:10:46.660] [ngap] [info] PDU session resource(s) setup for UE[12] count[1]
[2026-09-30 15:10:46.870] [ngap] [info] PDU session resource(s) released for UE[10] count[1]
[2026-09-30 15:10:47.081] [ngap] [info] PDU session resource(s) setup for UE[4] count[1]
[2026-09-30 15:10:47.287] [ngap] [info] PDU session resource(s) released for UE[4] count[1]
[2026-09-30 15:10:47.498] [ngap] [info] PDU session resource(s) setup for UE[1] count[1]
[2026-09-30 15:10:47.701] [ngap] [info] PDU session resource(s) released for UE[1] count[1]
[2026-09-30 15:10:47.916] [ngap] [info] PDU session resource(s) setup for UE[6] count[1]
[2026-09-30 15:10:48.122] [ngap] [info] PDU session resource(s) released for UE[5] count[1]
[2026-09-30 15:10:48.333] [ngap] [info] PDU session resource(s) setup for UE[3] count[1]
[2026-09-30 15:10:48.538] [ngap] [info] PDU session resource(s) released for UE[6] count[1]
[2026-09-30 15:10:48.747] [ngap] [info] PDU session resource(s) setup for UE[4] count[1]
[2026-09-30 15:10:48.950] [ngap] [info] PDU session resource(s) released for UE[4] count[1]
[2026-09-30 15:10:49.158] [ngap] [info] PDU session resource(s) setup for UE[1] count[1]
[2026-09-30 15:10:49.362] [ngap] [info] PDU session resource(s) released for UE[12] count[1]
[2026-09-30 15:10:49.570] [ngap] [info] PDU session resource(s) setup for UE[7] count[1]
[2026-09-30 15:10:49.774] [ngap] [info] PDU session resource(s) released for UE[3] count[1]
[2026-09-30 15:10:49.982] [ngap] [info] PDU session resource(s) setup for UE[4] count[1]
[2026-09-30 15:10:50.186] [ngap] [info] PDU session resource(s) released for UE[1] count[1]
[2026-09-30 15:10:50.397] [ngap] [info] PDU session resource(s) setup for UE[8] count[1]
[2026-09-30 15:10:50.606] [ngap] [info] PDU session resource(s) released for UE[8] count[1]
[2026-09-30 15:10:50.817] [ngap] [info] PDU session resource(s) setup for UE[6] count[1]
[2026-09-30 15:10:51.022] [ngap] [info] PDU session resource(s) released for UE[6] count[1]
[2026-09-30 15:10:51.230] [ngap] [info] PDU session resource(s) setup for UE[1] count[1]
[2026-09-30 15:10:51.434] [ngap] [info] PDU session resource(s) released for UE[1] count[1]
[2026-09-30 15:10:51.648] [ngap] [info] PDU session resource(s) setup for UE[10] count[1]
[2026-09-30 15:10:51.854] [ngap] [info] PDU session resource(s) released for UE[7] count[1]
[2026-09-30 15:10:52.067] [ngap] [info] PDU session resource(s) setup for UE[3] count[1]
[2026-09-30 15:10:52.270] [ngap] [info] PDU session resource(s) released for UE[10] count[1]
[2026-09-30 15:10:52.479] [ngap] [info] PDU session resource(s) setup for UE[1] count[1]
[2026-09-30 15:10:52.683] [ngap] [info] PDU session resource(s) released for UE[4] count[1]
[2026-09-30 15:10:52.894] [ngap] [info] PDU session resource(s) setup for UE[6] count[1]
[2026-09-30 15:10:53.098] [ngap] [info] PDU session resource(s) released for UE[1] count[1]
[2026-09-30 15:10:53.308] [ngap] [info] PDU session resource(s) setup for UE[4] count[1]
[2026-09-30 15:10:53.510] [ngap] [info] PDU session resource(s) released for UE[4] count[1]
[2026-09-30 15:10:53.719] [ngap] [info] PDU session resource(s) setup for UE[12] count[1]
[2026-09-30 15:10:53.921] [ngap] [info] PDU session resource(s) released for UE[12] count[1]
[2026-09-30 15:10:54.131] [ngap] [info] PDU session resource(s) setup for UE[5] count[1]
[2026-09-30 15:10:54.338] [ngap] [info] PDU session resource(s) released for UE[3] count[1]
[2026-09-30 15:10:54.551] [ngap] [info] PDU session resource(s) setup for UE[11] count[1]
[2026-09-30 15:10:54.754] [ngap] [info] PDU session resource(s) released for UE[11] count[1]
[2026-09-30 15:10:54.964] [ngap] [info] PDU session resource(s) setup for UE[1] count[1]
[2026-09-30 15:10:55.165] [ngap] [info] PDU session resource(s) released for UE[6] count[1]
[2026-09-30 15:10:55.379] [ngap] [info] PDU session resource(s) setup for UE[11] count[1]
[2026-09-30 15:10:55.582] [ngap] [info] PDU session resource(s) released for UE[5] count[1]
[2026-09-30 15:10:55.792] [ngap] [info] PDU session resource(s) setup for UE[10] count[1]
[2026-09-30 15:10:55.995] [ngap] [info] PDU session resource(s) released for UE[11] count[1]
[2026-09-30 15:10:56.203] [ngap] [info] PDU session resource(s) setup for UE[4] count[1]
[2026-09-30 15:10:56.406] [ngap] [info] PDU session resource(s) released for UE[4] count[1]
[2026-09-30 15:10:56.617] [ngap] [info] PDU session resource(s) setup for UE[3] count[1]
[2026-09-30 15:10:56.822] [ngap] [info] PDU session resource(s) released for UE[1] count[1]
[2026-09-30 15:10:57.032] [ngap] [info] PDU session resource(s) setup for UE[11] count[1]
[2026-09-30 15:10:57.234] [ngap] [info] PDU session resource(s) released for UE[11] count[1]
[2026-09-30 15:10:57.443] [ngap] [info] PDU session resource(s) setup for UE[9] count[1]
[2026-09-30 15:10:57.646] [ngap] [info] PDU session resource(s) released for UE[10] count[1]
[2026-09-30 15:10:57.858] [ngap] [info] PDU session resource(s) setup for UE[11] count[1]
[2026-09-30 15:10:58.062] [ngap] [info] PDU session resource(s) released for UE[11] count[1]
[2026-09-30 15:10:58.271] [ngap] [info] PDU session resource(s) setup for UE[4] count[1]
[2026-09-30 15:10:58.473] [ngap] [info] PDU session resource(s) released for UE[3] count[1]
[2026-09-30 15:10:58.688] [ngap] [info] PDU session resource(s) setup for UE[7] count[1]
[2026-09-30 15:10:58.897] [ngap] [info] PDU session resource(s) released for UE[4] count[1]
[2026-09-30 15:10:59.108] [ngap] [info] PDU session resource(s) setup for UE[10] count[1]
[2026-09-30 15:10:59.311] [ngap] [info] PDU session resource(s) released for UE[9] count[1]
[2026-09-30 15:10:59.520] [ngap] [info] PDU session resource(s) setup for UE[2] count[1]
[2026-09-30 15:10:59.727] [ngap] [info] PDU session resource(s) released for UE[10] count[1]
[2026-09-30 15:10:59.942] [ngap] [info] PDU session resource(s) setup for UE[3] count[1]
[2026-09-30 15:11:00.146] [ngap] [info] PDU session resource(s) released for UE[3] count[1]
[2026-09-30 15:11:00.356] [ngap] [info] PDU session resource(s) setup for UE[11] count[1]
[2026-09-30 15:11:00.562] [ngap] [info] PDU session resource(s) released for UE[2] count[1]
[2026-09-30 15:11:00.772] [ngap] [info] PDU session resource(s) setup for UE[3] count[1]
[2026-09-30 15:11:00.974] [ngap] [info] PDU session resource(s) released for UE[7] count[1]
[2026-09-30 15:11:01.184] [ngap] [info] PDU session resource(s) setup for UE[2] count[1]
[2026-09-30 15:11:01.386] [ngap] [info] PDU session resource(s) released for UE[2] count[1]
[2026-09-30 15:11:01.595] [ngap] [info] PDU session resource(s) setup for UE[8] count[1]
[2026-09-30 15:11:01.798] [ngap] [info] PDU session resource(s) released for UE[8] count[1]
[2026-09-30 15:11:02.012] [ngap] [info] PDU session resource(s) setup for UE[6] count[1]
[2026-09-30 15:11:02.223] [ngap] [info] PDU session resource(s) released for UE[3] count[1]
[2026-09-30 15:11:02.432] [ngap] [info] PDU session resource(s) setup for UE[5] count[1]
[2026-09-30 15:11:02.634] [ngap] [info] PDU session resource(s) released for UE[6] count[1]
[2026-09-30 15:11:02.848] [ngap] [info] PDU session resource(s) setup for UE[1] count[1]
[2026-09-30 15:11:03.050] [ngap] [info] PDU session resource(s) released for UE[11] count[1]
[2026-09-30 15:11:03.264] [ngap] [info] PDU session resource(s) setup for UE[4] count[1]
[2026-09-30 15:11:03.466] [ngap] [info] PDU session resource(s) released for UE[1] count[1]
[2026-09-30 15:11:03.676] [ngap] [info] PDU session resource(s) setup for UE[7] count[1]
[2026-09-30 15:11:03.879] [ngap] [info] PDU session resource(s) released for UE[4] count[1]
[2026-09-30 15:11:04.089] [ngap] [info] PDU session resource(s) setup for UE[6] count[1]
[2026-09-30 15:11:04.294] [ngap] [info] PDU session resource(s) released for UE[7] count[1]
[2026-09-30 15:11:04.510] [ngap] [info] PDU session resource(s) setup for UE[10] count[1]
[2026-09-30 15:11:04.715] [ngap] [info] PDU session resource(s) released for UE[6] count[1]
[2026-09-30 15:11:04.922] [ngap] [info] PDU session resource(s) setup for UE[4] count[1]
[2026-09-30 15:11:05.127] [ngap] [info] PDU session resource(s) released for UE[5] count[1]
[2026-09-30 15:11:05.334] [ngap] [info] PDU session resource(s) setup for UE[7] count[1]
[2026-09-30 15:11:05.537] [ngap] [info] PDU session resource(s) released for UE[10] count[1]
[2026-09-30 15:11:05.748] [ngap] [info] PDU session resource(s) setup for UE[9] count[1]
[2026-09-30 15:11:05.958] [ngap] [info] PDU session resource(s) released for UE[7] count[1]
[2026-09-30 15:11:06.173] [ngap] [info] PDU session resource(s) setup for UE[10] count[1]
[2026-09-30 15:11:06.378] [ngap] [info] PDU session resource(s) released for UE[9] count[1]
[2026-09-30 15:11:06.590] [ngap] [info] PDU session resource(s) setup for UE[2] count[1]
[2026-09-30 15:11:06.794] [ngap] [info] PDU session resource(s) released for UE[2] count[1]
[2026-09-30 15:11:07.004] [ngap] [info] PDU session resource(s) setup for UE[1] count[1]
[2026-09-30 15:11:07.215] [ngap] [info] PDU session resource(s) released for UE[10] count[1]
[2026-09-30 15:11:07.425] [ngap] [info] PDU session resource(s) setup for UE[11] count[1]
[2026-09-30 15:11:07.630] [ngap] [info] PDU session resource(s) released for UE[1] count[1]
[2026-09-30 15:11:07.841] [ngap] [info] PDU session resource(s) setup for UE[10] count[1]
[2026-09-30 15:11:08.046] [ngap] [info] PDU session resource(s) released for UE[4] count[1]
[2026-09-30 15:11:08.261] [ngap] [info] PDU session resource(s) setup for UE[6] count[1]
[2026-09-30 15:11:08.466] [ngap] [info] PDU session resource(s) released for UE[6] count[1]
[2026-09-30 15:11:08.676] [ngap] [info] PDU session resource(s) setup for UE[1] count[1]
[2026-09-30 15:11:08.885] [ngap] [info] PDU session resource(s) released for UE[1] count[1]
[2026-09-30 15:11:09.096] [ngap] [info] PDU session resource(s) setup for UE[12] count[1]
[2026-09-30 15:11:09.303] [ngap] [info] PDU session resource(s) released for UE[11] count[1]
[2026-09-30 15:11:09.513] [ngap] [info] PDU session resource(s) setup for UE[7] count[1]
[2026-09-30 15:11:09.718] [ngap] [info] PDU session resource(s) released for UE[12] count[1]
[2026-09-30 15:11:09.935] [ngap] [info] PDU session resource(s) setup for UE[9] count[1]
[2026-09-30 15:11:10.138] [ngap] [info] PDU session resource(s) released for UE[10] count[1]
[2026-09-30 15:11:10.348] [ngap] [info] PDU session resource(s) setup for UE[4] count[1]
