Open5GS daemon v2.8.0

[32m09/30 15:08:47.769[0m: [[33mapp[0m] [1;32mINFO[0m: Configuration: '/tmp/model5g-runs/b0-order312-v2/configs/udm.yaml' (../lib/app/ogs-init.c:144)
[32m09/30 15:08:47.769[0m: [[33mapp[0m] [1;32mINFO[0m: File Logging: '/tmp/model5g-runs/b0-order312-v2/udm.log' (../lib/app/ogs-init.c:147)
[32m09/30 15:08:47.769[0m: [[33mapp[0m] [1;32mINFO[0m: LOG-LEVEL: 'info' (../lib/app/ogs-init.c:150)
[32m09/30 15:08:47.771[0m: [[33msbi[0m] [1;32mINFO[0m: Setup NF EndPoint(addr) [127.0.0.200:7777] (../lib/sbi/context.c:499)
[32m09/30 15:08:47.771[0m: [[33msbi[0m] [1;32mINFO[0m: Setup NF EndPoint(addr) [127.0.0.10:7777] (../lib/sbi/context.c:451)
[32m09/30 15:08:47.771[0m: [[33msbi[0m] [1;32mINFO[0m: NF Service [nudm-ueau] (../lib/sbi/context.c:2012)
[32m09/30 15:08:47.771[0m: [[33msbi[0m] [1;32mINFO[0m: NF Service [nudm-uecm] (../lib/sbi/context.c:2012)
[32m09/30 15:08:47.771[0m: [[33msbi[0m] [1;32mINFO[0m: NF Service [nudm-sdm] (../lib/sbi/context.c:2012)
[32m09/30 15:08:47.771[0m: [[33msbi[0m] [1;32mINFO[0m: nghttp2_server() [http://127.0.0.12]:7777 (../lib/sbi/nghttp2-server.c:454)
[32m09/30 15:08:47.771[0m: [[33mapp[0m] [1;32mINFO[0m: UDM initialize...done (../src/udm/app.c:31)
[32m09/30 15:08:47.772[0m: [[33msbi[0m] [1;32mINFO[0m: [d6355702-bce0-41f1-a1d9-b310d7eaf15e] NF registered [Heartbeat:1s] (../lib/sbi/nf-sm.c:368)
[32m09/30 15:08:47.773[0m: [[33msbi[0m] [1;32mINFO[0m: Setup NF EndPoint(addr) [127.0.0.10:7777] (../lib/sbi/nnrf-handler.c:1113)
[32m09/30 15:08:47.773[0m: [[33msbi[0m] [1;32mINFO[0m: [d6359d3e-bce0-41f1-934f-cdc8aeafc039] Subscription created until 2026-10-01T15:08:47.773030+00:00 [duration:86400000000,validity:86400.000000,patch:43200.000000] (../lib/sbi/nnrf-handler.c:1032)
[32m09/30 15:08:47.773[0m: [[33msbi[0m] [1;32mINFO[0m: Setup NF EndPoint(addr) [127.0.0.10:7777] (../lib/sbi/nnrf-handler.c:1113)
[32m09/30 15:08:47.773[0m: [[33msbi[0m] [1;32mINFO[0m: [d635a05e-bce0-41f1-934f-cdc8aeafc039] Subscription created until 2026-10-01T15:08:47.773097+00:00 [duration:86400000000,validity:86400.000000,patch:43200.000000] (../lib/sbi/nnrf-handler.c:1032)
[32m09/30 15:08:47.773[0m: [[33msbi[0m] [1;32mINFO[0m: [d60f4012-bce0-41f1-8519-b9dd94bb215d] (NRF-profile-get) NF registered (../lib/sbi/nf-sm.c:104)
[32m09/30 15:08:47.773[0m: [[33msbi[0m] [1;32mINFO[0m: [UDR] NFInstance associated [d60f4012-bce0-41f1-8519-b9dd94bb215d] (../lib/sbi/context.c:2498)
[32m09/30 15:08:47.773[0m: [[33msbi[0m] [1;32mINFO[0m: Setup NF EndPoint(addr) [127.0.0.20:80] (../lib/sbi/context.c:2503)
[32m09/30 15:08:47.773[0m: [[33msbi[0m] [1;32mINFO[0m: [nudr-dr] NFService associated [d60facf0-bce0-41f1-8519-b9dd94bb215d] (../lib/sbi/context.c:2138)
[32m09/30 15:08:47.773[0m: [[33msbi[0m] [1;32mINFO[0m: Setup NF EndPoint(addr) [127.0.0.20:7777] (../lib/sbi/context.c:2141)
[32m09/30 15:08:55.832[0m: [[33msbi[0m] [1;32mINFO[0m: [d60f4012-bce0-41f1-8519-b9dd94bb215d] Setup NF Instance [type:UDR] (../lib/sbi/path.c:349)
[32m09/30 15:08:55.835[0m: [[33msbi[0m] [1;32mINFO[0m: [d60f4012-bce0-41f1-8519-b9dd94bb215d] Setup NF Instance [type:UDR] (../lib/sbi/path.c:349)
[32m09/30 15:08:55.835[0m: [[33msbi[0m] [1;32mINFO[0m: [d60f4012-bce0-41f1-8519-b9dd94bb215d] Setup NF Instance [type:UDR] (../lib/sbi/path.c:349)
[32m09/30 15:08:55.836[0m: [[33msbi[0m] [1;32mINFO[0m: [d60f4012-bce0-41f1-8519-b9dd94bb215d] Setup NF Instance [type:UDR] (../lib/sbi/path.c:349)
[32m09/30 15:08:55.836[0m: [[33msbi[0m] [1;32mINFO[0m: [d60f4012-bce0-41f1-8519-b9dd94bb215d] Setup NF Instance [type:UDR] (../lib/sbi/path.c:349)
[32m09/30 15:08:55.836[0m: [[33msbi[0m] [1;32mINFO[0m: [d60f4012-bce0-41f1-8519-b9dd94bb215d] Setup NF Instance [type:UDR] (../lib/sbi/path.c:349)
[32m09/30 15:08:55.836[0m: [[33msbi[0m] [1;32mINFO[0m: [d60f4012-bce0-41f1-8519-b9dd94bb215d] Setup NF Instance [type:UDR] (../lib/sbi/path.c:349)
[32m09/30 15:08:55.836[0m: [[33msbi[0m] [1;32mINFO[0m: [d60f4012-bce0-41f1-8519-b9dd94bb215d] Setup NF Instance [type:UDR] (../lib/sbi/path.c:349)
[32m09/30 15:08:55.836[0m: [[33msbi[0m] [1;32mINFO[0m: [d60f4012-bce0-41f1-8519-b9dd94bb215d] Setup NF Instance [type:UDR] (../lib/sbi/path.c:349)
[32m09/30 15:08:55.837[0m: [[33msbi[0m] [1;32mINFO[0m: [d60f4012-bce0-41f1-8519-b9dd94bb215d] Setup NF Instance [type:UDR] (../lib/sbi/path.c:349)
[32m09/30 15:08:55.837[0m: [[33msbi[0m] [1;32mINFO[0m: [d60f4012-bce0-41f1-8519-b9dd94bb215d] Setup NF Instance [type:UDR] (../lib/sbi/path.c:349)
[32m09/30 15:08:58.330[0m: [[33msbi[0m] [1;32mINFO[0m: [d60f4012-bce0-41f1-8519-b9dd94bb215d] Setup NF Instance [type:UDR] (../lib/sbi/path.c:349)
[32m09/30 15:09:03.857[0m: [[33msbi[0m] [1;32mINFO[0m: [d60f4012-bce0-41f1-8519-b9dd94bb215d] Setup NF Instance [type:UDR] (../lib/sbi/path.c:349)
[32m09/30 15:09:04.066[0m: [[33msbi[0m] [1;32mINFO[0m: [d60f4012-bce0-41f1-8519-b9dd94bb215d] Setup NF Instance [type:UDR] (../lib/sbi/path.c:349)
[32m09/30 15:09:04.273[0m: [[33msbi[0m] [1;32mINFO[0m: [d60f4012-bce0-41f1-8519-b9dd94bb215d] Setup NF Instance [type:UDR] (../lib/sbi/path.c:349)
[32m09/30 15:09:07.527[0m: [[33msbi[0m] [1;32mINFO[0m: [d60f4012-bce0-41f1-8519-b9dd94bb215d] Setup NF Instance [type:UDR] (../lib/sbi/path.c:349)
[32m09/30 15:09:07.941[0m: [[33msbi[0m] [1;32mINFO[0m: [d60f4012-bce0-41f1-8519-b9dd94bb215d] Setup NF Instance [type:UDR] (../lib/sbi/path.c:349)
[32m09/30 15:09:08.767[0m: [[33msbi[0m] [1;32mINFO[0m: [d60f4012-bce0-41f1-8519-b9dd94bb215d] Setup NF Instance [type:UDR] (../lib/sbi/path.c:349)
[32m09/30 15:09:09.181[0m: [[33msbi[0m] [1;32mINFO[0m: [d60f4012-bce0-41f1-8519-b9dd94bb215d] Setup NF Instance [type:UDR] (../lib/sbi/path.c:349)
[32m09/30 15:09:09.601[0m: [[33msbi[0m] [1;32mINFO[0m: [d60f4012-bce0-41f1-8519-b9dd94bb215d] Setup NF Instance [type:UDR] (../lib/sbi/path.c:349)
[32m09/30 15:09:10.430[0m: [[33msbi[0m] [1;32mINFO[0m: [d60f4012-bce0-41f1-8519-b9dd94bb215d] Setup NF Instance [type:UDR] (../lib/sbi/path.c:349)
[32m09/30 15:09:11.671[0m: [[33msbi[0m] [1;32mINFO[0m: [d60f4012-bce0-41f1-8519-b9dd94bb215d] Setup NF Instance [type:UDR] (../lib/sbi/path.c:349)
[32m09/30 15:09:12.086[0m: [[33msbi[0m] [1;32mINFO[0m: [d60f4012-bce0-41f1-8519-b9dd94bb215d] Setup NF Instance [type:UDR] (../lib/sbi/path.c:349)
[32m09/30 15:09:12.497[0m: [[33msbi[0m] [1;32mINFO[0m: [d60f4012-bce0-41f1-8519-b9dd94bb215d] Setup NF Instance [type:UDR] (../lib/sbi/path.c:349)
[32m09/30 15:11:13.416[0m: [[33mapp[0m] [1;32mINFO[0m: SIGTERM received (../src/main.c:54)
[32m09/30 15:11:13.416[0m: [[33mapp[0m] [1;32mINFO[0m: Open5GS daemon terminating... (../src/main.c:231)
[32m09/30 15:11:13.416[0m: [[33msbi[0m] [1;32mINFO[0m: [d6355702-bce0-41f1-a1d9-b310d7eaf15e] NF de-registered (../lib/sbi/nf-sm.c:406)
[32m09/30 15:11:13.420[0m: [[33mapp[0m] [1;32mINFO[0m: UDM terminate...done (../src/udm/app.c:39)
