Open5GS daemon v2.8.0

09/30 15:08:47.769: [app] INFO: Configuration: '/tmp/model5g-runs/b0-order312-v2/configs/udm.yaml' (../lib/app/ogs-init.c:144)
09/30 15:08:47.769: [app] INFO: File Logging: '/tmp/model5g-runs/b0-order312-v2/udm.log' (../lib/app/ogs-init.c:147)
09/30 15:08:47.769: [app] INFO: LOG-LEVEL: 'info' (../lib/app/ogs-init.c:150)
09/30 15:08:47.771: [sbi] INFO: Setup NF EndPoint(addr) [127.0.0.200:7777] (../lib/sbi/context.c:499)
09/30 15:08:47.771: [sbi] INFO: Setup NF EndPoint(addr) [127.0.0.10:7777] (../lib/sbi/context.c:451)
09/30 15:08:47.771: [sbi] INFO: NF Service [nudm-ueau] (../lib/sbi/context.c:2012)
09/30 15:08:47.771: [sbi] INFO: NF Service [nudm-uecm] (../lib/sbi/context.c:2012)
09/30 15:08:47.771: [sbi] INFO: NF Service [nudm-sdm] (../lib/sbi/context.c:2012)
09/30 15:08:47.771: [sbi] INFO: nghttp2_server() [http://127.0.0.12]:7777 (../lib/sbi/nghttp2-server.c:454)
09/30 15:08:47.771: [app] INFO: UDM initialize...done (../src/udm/app.c:31)
09/30 15:08:47.772: [sbi] INFO: [d6355702-bce0-41f1-a1d9-b310d7eaf15e] NF registered [Heartbeat:1s] (../lib/sbi/nf-sm.c:368)
09/30 15:08:47.773: [sbi] INFO: Setup NF EndPoint(addr) [127.0.0.10:7777] (../lib/sbi/nnrf-handler.c:1113)
09/30 15:08:47.773: [sbi] INFO: [d6359d3e-bce0-41f1-934f-cdc8aeafc039] Subscription created until 2026-10-01T15:08:47.773030+00:00 [duration:86400000000,validity:86400.000000,patch:43200.000000] (../lib/sbi/nnrf-handler.c:1032)
09/30 15:08:47.773: [sbi] INFO: Setup NF EndPoint(addr) [127.0.0.10:7777] (../lib/sbi/nnrf-handler.c:1113)
09/30 15:08:47.773: [sbi] INFO: [d635a05e-bce0-41f1-934f-cdc8aeafc039] Subscription created until 2026-10-01T15:08:47.773097+00:00 [duration:86400000000,validity:86400.000000,patch:43200.000000] (../lib/sbi/nnrf-handler.c:1032)
09/30 15:08:47.773: [sbi] INFO: [d60f4012-bce0-41f1-8519-b9dd94bb215d] (NRF-profile-get) NF registered (../lib/sbi/nf-sm.c:104)
09/30 15:08:47.773: [sbi] INFO: [UDR] NFInstance associated [d60f4012-bce0-41f1-8519-b9dd94bb215d] (../lib/sbi/context.c:2498)
09/30 15:08:47.773: [sbi] INFO: Setup NF EndPoint(addr) [127.0.0.20:80] (../lib/sbi/context.c:2503)
09/30 15:08:47.773: [sbi] INFO: [nudr-dr] NFService associated [d60facf0-bce0-41f1-8519-b9dd94bb215d] (../lib/sbi/context.c:2138)
09/30 15:08:47.773: [sbi] INFO: Setup NF EndPoint(addr) [127.0.0.20:7777] (../lib/sbi/context.c:2141)
09/30 15:08:55.832: [sbi] INFO: [d60f4012-bce0-41f1-8519-b9dd94bb215d] Setup NF Instance [type:UDR] (../lib/sbi/path.c:349)
09/30 15:08:55.835: [sbi] INFO: [d60f4012-bce0-41f1-8519-b9dd94bb215d] Setup NF Instance [type:UDR] (../lib/sbi/path.c:349)
09/30 15:08:55.835: [sbi] INFO: [d60f4012-bce0-41f1-8519-b9dd94bb215d] Setup NF Instance [type:UDR] (../lib/sbi/path.c:349)
09/30 15:08:55.836: [sbi] INFO: [d60f4012-bce0-41f1-8519-b9dd94bb215d] Setup NF Instance [type:UDR] (../lib/sbi/path.c:349)
09/30 15:08:55.836: [sbi] INFO: [d60f4012-bce0-41f1-8519-b9dd94bb215d] Setup NF Instance [type:UDR] (../lib/sbi/path.c:349)
09/30 15:08:55.836: [sbi] INFO: [d60f4012-bce0-41f1-8519-b9dd94bb215d] Setup NF Instance [type:UDR] (../lib/sbi/path.c:349)
09/30 15:08:55.836: [sbi] INFO: [d60f4012-bce0-41f1-8519-b9dd94bb215d] Setup NF Instance [type:UDR] (../lib/sbi/path.c:349)
09/30 15:08:55.836: [sbi] INFO: [d60f4012-bce0-41f1-8519-b9dd94bb215d] Setup NF Instance [type:UDR] (../lib/sbi/path.c:349)
09/30 15:08:55.836: [sbi] INFO: [d60f4012-bce0-41f1-8519-b9dd94bb215d] Setup NF Instance [type:UDR] (../lib/sbi/path.c:349)
09/30 15:08:55.837: [sbi] INFO: [d60f4012-bce0-41f1-8519-b9dd94bb215d] Setup NF Instance [type:UDR] (../lib/sbi/path.c:349)
09/30 15:08:55.837: [sbi] INFO: [d60f4012-bce0-41f1-8519-b9dd94bb215d] Setup NF Instance [type:UDR] (../lib/sbi/path.c:349)
09/30 15:08:58.330: [sbi] INFO: [d60f4012-bce0-41f1-8519-b9dd94bb215d] Setup NF Instance [type:UDR] (../lib/sbi/path.c:349)
09/30 15:09:03.857: [sbi] INFO: [d60f4012-bce0-41f1-8519-b9dd94bb215d] Setup NF Instance [type:UDR] (../lib/sbi/path.c:349)
09/30 15:09:04.066: [sbi] INFO: [d60f4012-bce0-41f1-8519-b9dd94bb215d] Setup NF Instance [type:UDR] (../lib/sbi/path.c:349)
09/30 15:09:04.273: [sbi] INFO: [d60f4012-bce0-41f1-8519-b9dd94bb215d] Setup NF Instance [type:UDR] (../lib/sbi/path.c:349)
09/30 15:09:07.527: [sbi] INFO: [d60f4012-bce0-41f1-8519-b9dd94bb215d] Setup NF Instance [type:UDR] (../lib/sbi/path.c:349)
09/30 15:09:07.941: [sbi] INFO: [d60f4012-bce0-41f1-8519-b9dd94bb215d] Setup NF Instance [type:UDR] (../lib/sbi/path.c:349)
09/30 15:09:08.767: [sbi] INFO: [d60f4012-bce0-41f1-8519-b9dd94bb215d] Setup NF Instance [type:UDR] (../lib/sbi/path.c:349)
09/30 15:09:09.181: [sbi] INFO: [d60f4012-bce0-41f1-8519-b9dd94bb215d] Setup NF Instance [type:UDR] (../lib/sbi/path.c:349)
09/30 15:09:09.601: [sbi] INFO: [d60f4012-bce0-41f1-8519-b9dd94bb215d] Setup NF Instance [type:UDR] (../lib/sbi/path.c:349)
09/30 15:09:10.430: [sbi] INFO: [d60f4012-bce0-41f1-8519-b9dd94bb215d] Setup NF Instance [type:UDR] (../lib/sbi/path.c:349)
09/30 15:09:11.671: [sbi] INFO: [d60f4012-bce0-41f1-8519-b9dd94bb215d] Setup NF Instance [type:UDR] (../lib/sbi/path.c:349)
09/30 15:09:12.086: [sbi] INFO: [d60f4012-bce0-41f1-8519-b9dd94bb215d] Setup NF Instance [type:UDR] (../lib/sbi/path.c:349)
09/30 15:09:12.497: [sbi] INFO: [d60f4012-bce0-41f1-8519-b9dd94bb215d] Setup NF Instance [type:UDR] (../lib/sbi/path.c:349)
09/30 15:11:13.416: [app] INFO: SIGTERM received (../src/main.c:54)
09/30 15:11:13.416: [app] INFO: Open5GS daemon terminating... (../src/main.c:231)
09/30 15:11:13.416: [sbi] INFO: [d6355702-bce0-41f1-a1d9-b310d7eaf15e] NF de-registered (../lib/sbi/nf-sm.c:406)
09/30 15:11:13.420: [app] INFO: UDM terminate...done (../src/udm/app.c:39)
