Open5GS daemon v2.8.0

[32m09/30 15:00:48.172[0m: [[33mapp[0m] [1;32mINFO[0m: Configuration: '/work/runs/patched-preflight-02/configs/bsf.yaml' (../lib/app/ogs-init.c:144)
[32m09/30 15:00:48.173[0m: [[33mapp[0m] [1;32mINFO[0m: File Logging: '/work/runs/patched-preflight-02/bsf.log' (../lib/app/ogs-init.c:147)
[32m09/30 15:00:48.174[0m: [[33mapp[0m] [1;32mINFO[0m: LOG-LEVEL: 'info' (../lib/app/ogs-init.c:150)
[32m09/30 15:00:48.176[0m: [[33msbi[0m] [1;32mINFO[0m: Setup NF EndPoint(addr) [127.0.0.200:7777] (../lib/sbi/context.c:499)
[32m09/30 15:00:48.178[0m: [[33msbi[0m] [1;32mINFO[0m: Setup NF EndPoint(addr) [127.0.0.10:7777] (../lib/sbi/context.c:451)
[32m09/30 15:00:48.179[0m: [[33msbi[0m] [1;32mINFO[0m: NF Service [nbsf-management] (../lib/sbi/context.c:2012)
[32m09/30 15:00:48.180[0m: [[33msbi[0m] [1;32mINFO[0m: nghttp2_server() [http://127.0.0.15]:7777 (../lib/sbi/nghttp2-server.c:454)
[32m09/30 15:00:48.180[0m: [[33mapp[0m] [1;32mINFO[0m: BSF initialize...done (../src/bsf/app.c:31)
[32m09/30 15:00:48.183[0m: [[33msbi[0m] [1;32mINFO[0m: [b858f6ea-bcdf-41f1-961b-f96e4967b2cf] NF registered [Heartbeat:1s] (../lib/sbi/nf-sm.c:368)
[32m09/30 15:00:48.185[0m: [[33msbi[0m] [1;32mINFO[0m: Setup NF EndPoint(addr) [127.0.0.10:7777] (../lib/sbi/nnrf-handler.c:1113)
[32m09/30 15:00:48.186[0m: [[33msbi[0m] [1;32mINFO[0m: [b85a3668-bcdf-41f1-b8fe-2f697f3174ff] Subscription created until 2026-10-01T15:00:48.184891+00:00 [duration:86400000000,validity:86400.000000,patch:43200.000000] (../lib/sbi/nnrf-handler.c:1032)
[32m09/30 15:01:11.851[0m: [[33mbsf[0m] [1;33mERROR[0m: Not found [DELETE:/nbsf-management/v1/pcfBindings/4] (../src/bsf/bsf-sm.c:235)
[32m09/30 15:01:12.779[0m: [[33mbsf[0m] [1;33mERROR[0m: Not found [DELETE:/nbsf-management/v1/pcfBindings/1] (../src/bsf/bsf-sm.c:235)
[32m09/30 15:01:13.241[0m: [[33mbsf[0m] [1;33mERROR[0m: Not found [DELETE:/nbsf-management/v1/pcfBindings/1] (../src/bsf/bsf-sm.c:235)
[32m09/30 15:01:15.154[0m: [[33mbsf[0m] [1;33mERROR[0m: Not found [DELETE:/nbsf-management/v1/pcfBindings/6] (../src/bsf/bsf-sm.c:235)
[32m09/30 15:01:16.102[0m: [[33mbsf[0m] [1;33mERROR[0m: Not found [DELETE:/nbsf-management/v1/pcfBindings/2] (../src/bsf/bsf-sm.c:235)
[32m09/30 15:01:16.574[0m: [[33mbsf[0m] [1;33mERROR[0m: Not found [DELETE:/nbsf-management/v1/pcfBindings/2] (../src/bsf/bsf-sm.c:235)
[32m09/30 15:01:17.046[0m: [[33mbsf[0m] [1;33mERROR[0m: Not found [DELETE:/nbsf-management/v1/pcfBindings/3] (../src/bsf/bsf-sm.c:235)
[32m09/30 15:01:18.461[0m: [[33mbsf[0m] [1;33mERROR[0m: Not found [DELETE:/nbsf-management/v1/pcfBindings/10] (../src/bsf/bsf-sm.c:235)
[32m09/30 15:01:22.779[0m: [[33mapp[0m] [1;32mINFO[0m: SIGTERM received (../src/main.c:54)
[32m09/30 15:01:22.783[0m: [[33mapp[0m] [1;32mINFO[0m: Open5GS daemon terminating... (../src/main.c:231)
[32m09/30 15:01:22.785[0m: [[33msbi[0m] [1;32mINFO[0m: [b858f6ea-bcdf-41f1-961b-f96e4967b2cf] NF de-registered (../lib/sbi/nf-sm.c:406)
[32m09/30 15:01:22.787[0m: [[33msbi[0m] [1;36mWARNING[0m: Couldn't connect to server (7): Failed to connect to 127.0.0.10 port 7777 after 0 ms: Couldn't connect to server (../lib/sbi/client.c:767)
[32m09/30 15:01:22.788[0m: [[33msbi[0m] [1;36mWARNING[0m: ogs_sbi_client_handler() failed [-1] (../lib/sbi/path.c:62)
[32m09/30 15:01:22.792[0m: [[33mapp[0m] [1;32mINFO[0m: BSF terminate...done (../src/bsf/app.c:39)
full talloc report on 'core' (total    172 bytes in  20 blocks)
    internet                       contains      9 bytes in   1 blocks (ref 0) 0x7e3fe4038880
    internet                       contains      9 bytes in   1 blocks (ref 0) 0x7e3fe4039730
    internet                       contains      9 bytes in   1 blocks (ref 0) 0x7e3fe4036d00
    internet                       contains      9 bytes in   1 blocks (ref 0) 0x7e3fe406dd70
    internet                       contains      9 bytes in   1 blocks (ref 0) 0x7e3fe4036570
    internet                       contains      9 bytes in   1 blocks (ref 0) 0x7e3fe406b5b0
    internet                       contains      9 bytes in   1 blocks (ref 0) 0x7e3fe406b2d0
    internet                       contains      9 bytes in   1 blocks (ref 0) 0x7e3fe4037230
    internet                       contains      9 bytes in   1 blocks (ref 0) 0x7e3fe4037130
    internet                       contains      9 bytes in   1 blocks (ref 0) 0x7e3fe40046f0
    internet                       contains      9 bytes in   1 blocks (ref 0) 0x7e3fe406b250
    internet                       contains      9 bytes in   1 blocks (ref 0) 0x7e3fe40369e0
    internet                       contains      9 bytes in   1 blocks (ref 0) 0x7e3fe4005080
    internet                       contains      9 bytes in   1 blocks (ref 0) 0x7e3fe4052bc0
    internet                       contains      9 bytes in   1 blocks (ref 0) 0x7e3fe4065710
    internet                       contains      9 bytes in   1 blocks (ref 0) 0x7e3fe405c1b0
    internet                       contains      9 bytes in   1 blocks (ref 0) 0x7e3fe40774c0
    internet                       contains      9 bytes in   1 blocks (ref 0) 0x7e3fe406e660
    internet                       contains      9 bytes in   1 blocks (ref 0) 0x7e3fe4049610
