Open5GS daemon v2.8.0

09/30 15:00:48.173: [app] INFO: Configuration: '/work/runs/patched-preflight-02/configs/bsf.yaml' (../lib/app/ogs-init.c:144)
09/30 15:00:48.173: [app] INFO: File Logging: '/work/runs/patched-preflight-02/bsf.log' (../lib/app/ogs-init.c:147)
09/30 15:00:48.174: [app] INFO: LOG-LEVEL: 'info' (../lib/app/ogs-init.c:150)
09/30 15:00:48.178: [sbi] INFO: Setup NF EndPoint(addr) [127.0.0.200:7777] (../lib/sbi/context.c:499)
09/30 15:00:48.179: [sbi] INFO: Setup NF EndPoint(addr) [127.0.0.10:7777] (../lib/sbi/context.c:451)
09/30 15:00:48.179: [sbi] INFO: NF Service [nbsf-management] (../lib/sbi/context.c:2012)
09/30 15:00:48.180: [sbi] INFO: nghttp2_server() [http://127.0.0.15]:7777 (../lib/sbi/nghttp2-server.c:454)
09/30 15:00:48.181: [app] INFO: BSF initialize...done (../src/bsf/app.c:31)
09/30 15:00:48.184: [sbi] INFO: [b858f6ea-bcdf-41f1-961b-f96e4967b2cf] NF registered [Heartbeat:1s] (../lib/sbi/nf-sm.c:368)
09/30 15:00:48.185: [sbi] INFO: Setup NF EndPoint(addr) [127.0.0.10:7777] (../lib/sbi/nnrf-handler.c:1113)
09/30 15:00:48.186: [sbi] INFO: [b85a3668-bcdf-41f1-b8fe-2f697f3174ff] Subscription created until 2026-10-01T15:00:48.184891+00:00 [duration:86400000000,validity:86400.000000,patch:43200.000000] (../lib/sbi/nnrf-handler.c:1032)
09/30 15:01:11.852: [bsf] ERROR: Not found [DELETE:/nbsf-management/v1/pcfBindings/4] (../src/bsf/bsf-sm.c:235)
09/30 15:01:12.780: [bsf] ERROR: Not found [DELETE:/nbsf-management/v1/pcfBindings/1] (../src/bsf/bsf-sm.c:235)
09/30 15:01:13.241: [bsf] ERROR: Not found [DELETE:/nbsf-management/v1/pcfBindings/1] (../src/bsf/bsf-sm.c:235)
09/30 15:01:15.154: [bsf] ERROR: Not found [DELETE:/nbsf-management/v1/pcfBindings/6] (../src/bsf/bsf-sm.c:235)
09/30 15:01:16.102: [bsf] ERROR: Not found [DELETE:/nbsf-management/v1/pcfBindings/2] (../src/bsf/bsf-sm.c:235)
09/30 15:01:16.574: [bsf] ERROR: Not found [DELETE:/nbsf-management/v1/pcfBindings/2] (../src/bsf/bsf-sm.c:235)
09/30 15:01:17.046: [bsf] ERROR: Not found [DELETE:/nbsf-management/v1/pcfBindings/3] (../src/bsf/bsf-sm.c:235)
09/30 15:01:18.462: [bsf] ERROR: Not found [DELETE:/nbsf-management/v1/pcfBindings/10] (../src/bsf/bsf-sm.c:235)
09/30 15:01:22.781: [app] INFO: SIGTERM received (../src/main.c:54)
09/30 15:01:22.784: [app] INFO: Open5GS daemon terminating... (../src/main.c:231)
09/30 15:01:22.785: [sbi] INFO: [b858f6ea-bcdf-41f1-961b-f96e4967b2cf] NF de-registered (../lib/sbi/nf-sm.c:406)
09/30 15:01:22.788: [sbi] WARNING: Couldn't connect to server (7): Failed to connect to 127.0.0.10 port 7777 after 0 ms: Couldn't connect to server (../lib/sbi/client.c:767)
09/30 15:01:22.789: [sbi] WARNING: ogs_sbi_client_handler() failed [-1] (../lib/sbi/path.c:62)
09/30 15:01:22.793: [app] INFO: BSF terminate...done (../src/bsf/app.c:39)
