Open5GS daemon v2.8.0

[32m09/30 15:00:47.414[0m: [[33mapp[0m] [1;32mINFO[0m: Configuration: '/work/runs/patched-preflight-02/configs/udm.yaml' (../lib/app/ogs-init.c:144)
[32m09/30 15:00:47.415[0m: [[33mapp[0m] [1;32mINFO[0m: File Logging: '/work/runs/patched-preflight-02/udm.log' (../lib/app/ogs-init.c:147)
[32m09/30 15:00:47.416[0m: [[33mapp[0m] [1;32mINFO[0m: LOG-LEVEL: 'info' (../lib/app/ogs-init.c:150)
[32m09/30 15:00:47.418[0m: [[33msbi[0m] [1;32mINFO[0m: Setup NF EndPoint(addr) [127.0.0.200:7777] (../lib/sbi/context.c:499)
[32m09/30 15:00:47.421[0m: [[33msbi[0m] [1;32mINFO[0m: Setup NF EndPoint(addr) [127.0.0.10:7777] (../lib/sbi/context.c:451)
[32m09/30 15:00:47.421[0m: [[33msbi[0m] [1;32mINFO[0m: NF Service [nudm-ueau] (../lib/sbi/context.c:2012)
[32m09/30 15:00:47.422[0m: [[33msbi[0m] [1;32mINFO[0m: NF Service [nudm-uecm] (../lib/sbi/context.c:2012)
[32m09/30 15:00:47.423[0m: [[33msbi[0m] [1;32mINFO[0m: NF Service [nudm-sdm] (../lib/sbi/context.c:2012)
[32m09/30 15:00:47.423[0m: [[33msbi[0m] [1;32mINFO[0m: nghttp2_server() [http://127.0.0.12]:7777 (../lib/sbi/nghttp2-server.c:454)
[32m09/30 15:00:47.424[0m: [[33mapp[0m] [1;32mINFO[0m: UDM initialize...done (../src/udm/app.c:31)
[32m09/30 15:00:47.430[0m: [[33msbi[0m] [1;32mINFO[0m: [b7e55d20-bcdf-41f1-9d33-714fd73a3d42] NF registered [Heartbeat:1s] (../lib/sbi/nf-sm.c:368)
[32m09/30 15:00:47.434[0m: [[33msbi[0m] [1;32mINFO[0m: Setup NF EndPoint(addr) [127.0.0.10:7777] (../lib/sbi/nnrf-handler.c:1113)
[32m09/30 15:00:47.434[0m: [[33msbi[0m] [1;32mINFO[0m: [b7e736d6-bcdf-41f1-b8fe-2f697f3174ff] Subscription created until 2026-10-01T15:00:47.431605+00:00 [duration:86400000000,validity:86400.000000,patch:43200.000000] (../lib/sbi/nnrf-handler.c:1032)
[32m09/30 15:00:47.435[0m: [[33msbi[0m] [1;32mINFO[0m: Setup NF EndPoint(addr) [127.0.0.10:7777] (../lib/sbi/nnrf-handler.c:1113)
[32m09/30 15:00:47.435[0m: [[33msbi[0m] [1;32mINFO[0m: [b7e777d6-bcdf-41f1-b8fe-2f697f3174ff] Subscription created until 2026-10-01T15:00:47.433068+00:00 [duration:86400000000,validity:86400.000000,patch:43200.000000] (../lib/sbi/nnrf-handler.c:1032)
[32m09/30 15:00:47.436[0m: [[33msbi[0m] [1;32mINFO[0m: [b7beb1b6-bcdf-41f1-a3e3-275eaa66c127] (NRF-profile-get) NF registered (../lib/sbi/nf-sm.c:104)
[32m09/30 15:00:47.437[0m: [[33msbi[0m] [1;32mINFO[0m: [UDR] NFInstance associated [b7beb1b6-bcdf-41f1-a3e3-275eaa66c127] (../lib/sbi/context.c:2498)
[32m09/30 15:00:47.438[0m: [[33msbi[0m] [1;32mINFO[0m: Setup NF EndPoint(addr) [127.0.0.20:80] (../lib/sbi/context.c:2503)
[32m09/30 15:00:47.438[0m: [[33msbi[0m] [1;32mINFO[0m: [nudr-dr] NFService associated [b7bfa76a-bcdf-41f1-a3e3-275eaa66c127] (../lib/sbi/context.c:2138)
[32m09/30 15:00:47.439[0m: [[33msbi[0m] [1;32mINFO[0m: Setup NF EndPoint(addr) [127.0.0.20:7777] (../lib/sbi/context.c:2141)
[32m09/30 15:00:55.530[0m: [[33msbi[0m] [1;32mINFO[0m: [b7beb1b6-bcdf-41f1-a3e3-275eaa66c127] Setup NF Instance [type:UDR] (../lib/sbi/path.c:349)
[32m09/30 15:00:55.543[0m: [[33msbi[0m] [1;32mINFO[0m: [b7beb1b6-bcdf-41f1-a3e3-275eaa66c127] Setup NF Instance [type:UDR] (../lib/sbi/path.c:349)
[32m09/30 15:00:55.554[0m: [[33msbi[0m] [1;32mINFO[0m: [b7beb1b6-bcdf-41f1-a3e3-275eaa66c127] Setup NF Instance [type:UDR] (../lib/sbi/path.c:349)
[32m09/30 15:00:55.562[0m: [[33msbi[0m] [1;32mINFO[0m: [b7beb1b6-bcdf-41f1-a3e3-275eaa66c127] Setup NF Instance [type:UDR] (../lib/sbi/path.c:349)
[32m09/30 15:00:55.571[0m: [[33msbi[0m] [1;32mINFO[0m: [b7beb1b6-bcdf-41f1-a3e3-275eaa66c127] Setup NF Instance [type:UDR] (../lib/sbi/path.c:349)
[32m09/30 15:00:55.577[0m: [[33msbi[0m] [1;32mINFO[0m: [b7beb1b6-bcdf-41f1-a3e3-275eaa66c127] Setup NF Instance [type:UDR] (../lib/sbi/path.c:349)
[32m09/30 15:00:55.581[0m: [[33msbi[0m] [1;32mINFO[0m: [b7beb1b6-bcdf-41f1-a3e3-275eaa66c127] Setup NF Instance [type:UDR] (../lib/sbi/path.c:349)
[32m09/30 15:00:55.587[0m: [[33msbi[0m] [1;32mINFO[0m: [b7beb1b6-bcdf-41f1-a3e3-275eaa66c127] Setup NF Instance [type:UDR] (../lib/sbi/path.c:349)
[32m09/30 15:00:55.592[0m: [[33msbi[0m] [1;32mINFO[0m: [b7beb1b6-bcdf-41f1-a3e3-275eaa66c127] Setup NF Instance [type:UDR] (../lib/sbi/path.c:349)
[32m09/30 15:00:55.597[0m: [[33msbi[0m] [1;32mINFO[0m: [b7beb1b6-bcdf-41f1-a3e3-275eaa66c127] Setup NF Instance [type:UDR] (../lib/sbi/path.c:349)
[32m09/30 15:00:55.602[0m: [[33msbi[0m] [1;32mINFO[0m: [b7beb1b6-bcdf-41f1-a3e3-275eaa66c127] Setup NF Instance [type:UDR] (../lib/sbi/path.c:349)
[32m09/30 15:00:55.608[0m: [[33msbi[0m] [1;32mINFO[0m: [b7beb1b6-bcdf-41f1-a3e3-275eaa66c127] Setup NF Instance [type:UDR] (../lib/sbi/path.c:349)
[32m09/30 15:00:55.613[0m: [[33msbi[0m] [1;32mINFO[0m: [b7beb1b6-bcdf-41f1-a3e3-275eaa66c127] Setup NF Instance [type:UDR] (../lib/sbi/path.c:349)
[32m09/30 15:00:55.620[0m: [[33msbi[0m] [1;32mINFO[0m: [b7beb1b6-bcdf-41f1-a3e3-275eaa66c127] Setup NF Instance [type:UDR] (../lib/sbi/path.c:349)
[32m09/30 15:00:55.625[0m: [[33msbi[0m] [1;32mINFO[0m: [b7beb1b6-bcdf-41f1-a3e3-275eaa66c127] Setup NF Instance [type:UDR] (../lib/sbi/path.c:349)
[32m09/30 15:00:55.630[0m: [[33msbi[0m] [1;32mINFO[0m: [b7beb1b6-bcdf-41f1-a3e3-275eaa66c127] Setup NF Instance [type:UDR] (../lib/sbi/path.c:349)
[32m09/30 15:00:55.637[0m: [[33msbi[0m] [1;32mINFO[0m: [b7beb1b6-bcdf-41f1-a3e3-275eaa66c127] Setup NF Instance [type:UDR] (../lib/sbi/path.c:349)
[32m09/30 15:00:55.645[0m: [[33msbi[0m] [1;32mINFO[0m: [b7beb1b6-bcdf-41f1-a3e3-275eaa66c127] Setup NF Instance [type:UDR] (../lib/sbi/path.c:349)
[32m09/30 15:00:55.651[0m: [[33msbi[0m] [1;32mINFO[0m: [b7beb1b6-bcdf-41f1-a3e3-275eaa66c127] Setup NF Instance [type:UDR] (../lib/sbi/path.c:349)
[32m09/30 15:00:55.660[0m: [[33msbi[0m] [1;32mINFO[0m: [b7beb1b6-bcdf-41f1-a3e3-275eaa66c127] Setup NF Instance [type:UDR] (../lib/sbi/path.c:349)
[32m09/30 15:00:55.670[0m: [[33msbi[0m] [1;32mINFO[0m: [b7beb1b6-bcdf-41f1-a3e3-275eaa66c127] Setup NF Instance [type:UDR] (../lib/sbi/path.c:349)
[32m09/30 15:00:55.671[0m: [[33msbi[0m] [1;32mINFO[0m: [b7beb1b6-bcdf-41f1-a3e3-275eaa66c127] Setup NF Instance [type:UDR] (../lib/sbi/path.c:349)
[32m09/30 15:00:55.681[0m: [[33msbi[0m] [1;32mINFO[0m: [b7beb1b6-bcdf-41f1-a3e3-275eaa66c127] Setup NF Instance [type:UDR] (../lib/sbi/path.c:349)
[32m09/30 15:00:58.008[0m: [[33msbi[0m] [1;32mINFO[0m: [b7beb1b6-bcdf-41f1-a3e3-275eaa66c127] Setup NF Instance [type:UDR] (../lib/sbi/path.c:349)
[32m09/30 15:01:03.566[0m: [[33msbi[0m] [1;32mINFO[0m: [b7beb1b6-bcdf-41f1-a3e3-275eaa66c127] Setup NF Instance [type:UDR] (../lib/sbi/path.c:349)
[32m09/30 15:01:03.840[0m: [[33msbi[0m] [1;32mINFO[0m: [b7beb1b6-bcdf-41f1-a3e3-275eaa66c127] Setup NF Instance [type:UDR] (../lib/sbi/path.c:349)
[32m09/30 15:01:04.095[0m: [[33msbi[0m] [1;32mINFO[0m: [b7beb1b6-bcdf-41f1-a3e3-275eaa66c127] Setup NF Instance [type:UDR] (../lib/sbi/path.c:349)
[32m09/30 15:01:04.343[0m: [[33msbi[0m] [1;32mINFO[0m: [b7beb1b6-bcdf-41f1-a3e3-275eaa66c127] Setup NF Instance [type:UDR] (../lib/sbi/path.c:349)
[32m09/30 15:01:04.596[0m: [[33msbi[0m] [1;32mINFO[0m: [b7beb1b6-bcdf-41f1-a3e3-275eaa66c127] Setup NF Instance [type:UDR] (../lib/sbi/path.c:349)
[32m09/30 15:01:04.840[0m: [[33msbi[0m] [1;32mINFO[0m: [b7beb1b6-bcdf-41f1-a3e3-275eaa66c127] Setup NF Instance [type:UDR] (../lib/sbi/path.c:349)
[32m09/30 15:01:05.088[0m: [[33msbi[0m] [1;32mINFO[0m: [b7beb1b6-bcdf-41f1-a3e3-275eaa66c127] Setup NF Instance [type:UDR] (../lib/sbi/path.c:349)
[32m09/30 15:01:05.345[0m: [[33msbi[0m] [1;32mINFO[0m: [b7beb1b6-bcdf-41f1-a3e3-275eaa66c127] Setup NF Instance [type:UDR] (../lib/sbi/path.c:349)
[32m09/30 15:01:05.596[0m: [[33msbi[0m] [1;32mINFO[0m: [b7beb1b6-bcdf-41f1-a3e3-275eaa66c127] Setup NF Instance [type:UDR] (../lib/sbi/path.c:349)
[32m09/30 15:01:05.853[0m: [[33msbi[0m] [1;32mINFO[0m: [b7beb1b6-bcdf-41f1-a3e3-275eaa66c127] Setup NF Instance [type:UDR] (../lib/sbi/path.c:349)
[32m09/30 15:01:06.102[0m: [[33msbi[0m] [1;32mINFO[0m: [b7beb1b6-bcdf-41f1-a3e3-275eaa66c127] Setup NF Instance [type:UDR] (../lib/sbi/path.c:349)
[32m09/30 15:01:06.350[0m: [[33msbi[0m] [1;32mINFO[0m: [b7beb1b6-bcdf-41f1-a3e3-275eaa66c127] Setup NF Instance [type:UDR] (../lib/sbi/path.c:349)
[32m09/30 15:01:06.605[0m: [[33msbi[0m] [1;32mINFO[0m: [b7beb1b6-bcdf-41f1-a3e3-275eaa66c127] Setup NF Instance [type:UDR] (../lib/sbi/path.c:349)
[32m09/30 15:01:06.855[0m: [[33msbi[0m] [1;32mINFO[0m: [b7beb1b6-bcdf-41f1-a3e3-275eaa66c127] Setup NF Instance [type:UDR] (../lib/sbi/path.c:349)
[32m09/30 15:01:07.125[0m: [[33msbi[0m] [1;32mINFO[0m: [b7beb1b6-bcdf-41f1-a3e3-275eaa66c127] Setup NF Instance [type:UDR] (../lib/sbi/path.c:349)
[32m09/30 15:01:10.514[0m: [[33msbi[0m] [1;32mINFO[0m: [b7beb1b6-bcdf-41f1-a3e3-275eaa66c127] Setup NF Instance [type:UDR] (../lib/sbi/path.c:349)
[32m09/30 15:01:10.972[0m: [[33msbi[0m] [1;32mINFO[0m: [b7beb1b6-bcdf-41f1-a3e3-275eaa66c127] Setup NF Instance [type:UDR] (../lib/sbi/path.c:349)
[32m09/30 15:01:11.911[0m: [[33msbi[0m] [1;32mINFO[0m: [b7beb1b6-bcdf-41f1-a3e3-275eaa66c127] Setup NF Instance [type:UDR] (../lib/sbi/path.c:349)
[32m09/30 15:01:12.369[0m: [[33msbi[0m] [1;32mINFO[0m: [b7beb1b6-bcdf-41f1-a3e3-275eaa66c127] Setup NF Instance [type:UDR] (../lib/sbi/path.c:349)
[32m09/30 15:01:13.775[0m: [[33msbi[0m] [1;32mINFO[0m: [b7beb1b6-bcdf-41f1-a3e3-275eaa66c127] Setup NF Instance [type:UDR] (../lib/sbi/path.c:349)
[32m09/30 15:01:14.745[0m: [[33msbi[0m] [1;32mINFO[0m: [b7beb1b6-bcdf-41f1-a3e3-275eaa66c127] Setup NF Instance [type:UDR] (../lib/sbi/path.c:349)
[32m09/30 15:01:15.211[0m: [[33msbi[0m] [1;32mINFO[0m: [b7beb1b6-bcdf-41f1-a3e3-275eaa66c127] Setup NF Instance [type:UDR] (../lib/sbi/path.c:349)
[32m09/30 15:01:16.160[0m: [[33msbi[0m] [1;32mINFO[0m: [b7beb1b6-bcdf-41f1-a3e3-275eaa66c127] Setup NF Instance [type:UDR] (../lib/sbi/path.c:349)
[32m09/30 15:01:18.054[0m: [[33msbi[0m] [1;32mINFO[0m: [b7beb1b6-bcdf-41f1-a3e3-275eaa66c127] Setup NF Instance [type:UDR] (../lib/sbi/path.c:349)
[32m09/30 15:01:22.779[0m: [[33mapp[0m] [1;32mINFO[0m: SIGTERM received (../src/main.c:54)
[32m09/30 15:01:22.783[0m: [[33mapp[0m] [1;32mINFO[0m: Open5GS daemon terminating... (../src/main.c:231)
[32m09/30 15:01:22.785[0m: [[33msbi[0m] [1;32mINFO[0m: [b7e55d20-bcdf-41f1-9d33-714fd73a3d42] NF de-registered (../lib/sbi/nf-sm.c:406)
[32m09/30 15:01:22.789[0m: [[33mapp[0m] [1;32mINFO[0m: UDM terminate...done (../src/udm/app.c:39)
