Open5GS daemon v2.8.0

09/30 15:00:47.415: [app] INFO: Configuration: '/work/runs/patched-preflight-02/configs/udm.yaml' (../lib/app/ogs-init.c:144)
09/30 15:00:47.416: [app] INFO: File Logging: '/work/runs/patched-preflight-02/udm.log' (../lib/app/ogs-init.c:147)
09/30 15:00:47.417: [app] INFO: LOG-LEVEL: 'info' (../lib/app/ogs-init.c:150)
09/30 15:00:47.420: [sbi] INFO: Setup NF EndPoint(addr) [127.0.0.200:7777] (../lib/sbi/context.c:499)
09/30 15:00:47.421: [sbi] INFO: Setup NF EndPoint(addr) [127.0.0.10:7777] (../lib/sbi/context.c:451)
09/30 15:00:47.422: [sbi] INFO: NF Service [nudm-ueau] (../lib/sbi/context.c:2012)
09/30 15:00:47.423: [sbi] INFO: NF Service [nudm-uecm] (../lib/sbi/context.c:2012)
09/30 15:00:47.423: [sbi] INFO: NF Service [nudm-sdm] (../lib/sbi/context.c:2012)
09/30 15:00:47.424: [sbi] INFO: nghttp2_server() [http://127.0.0.12]:7777 (../lib/sbi/nghttp2-server.c:454)
09/30 15:00:47.424: [app] INFO: UDM initialize...done (../src/udm/app.c:31)
09/30 15:00:47.430: [sbi] INFO: [b7e55d20-bcdf-41f1-9d33-714fd73a3d42] NF registered [Heartbeat:1s] (../lib/sbi/nf-sm.c:368)
09/30 15:00:47.434: [sbi] INFO: Setup NF EndPoint(addr) [127.0.0.10:7777] (../lib/sbi/nnrf-handler.c:1113)
09/30 15:00:47.434: [sbi] INFO: [b7e736d6-bcdf-41f1-b8fe-2f697f3174ff] Subscription created until 2026-10-01T15:00:47.431605+00:00 [duration:86400000000,validity:86400.000000,patch:43200.000000] (../lib/sbi/nnrf-handler.c:1032)
09/30 15:00:47.435: [sbi] INFO: Setup NF EndPoint(addr) [127.0.0.10:7777] (../lib/sbi/nnrf-handler.c:1113)
09/30 15:00:47.435: [sbi] INFO: [b7e777d6-bcdf-41f1-b8fe-2f697f3174ff] Subscription created until 2026-10-01T15:00:47.433068+00:00 [duration:86400000000,validity:86400.000000,patch:43200.000000] (../lib/sbi/nnrf-handler.c:1032)
09/30 15:00:47.437: [sbi] INFO: [b7beb1b6-bcdf-41f1-a3e3-275eaa66c127] (NRF-profile-get) NF registered (../lib/sbi/nf-sm.c:104)
09/30 15:00:47.437: [sbi] INFO: [UDR] NFInstance associated [b7beb1b6-bcdf-41f1-a3e3-275eaa66c127] (../lib/sbi/context.c:2498)
09/30 15:00:47.438: [sbi] INFO: Setup NF EndPoint(addr) [127.0.0.20:80] (../lib/sbi/context.c:2503)
09/30 15:00:47.439: [sbi] INFO: [nudr-dr] NFService associated [b7bfa76a-bcdf-41f1-a3e3-275eaa66c127] (../lib/sbi/context.c:2138)
09/30 15:00:47.439: [sbi] INFO: Setup NF EndPoint(addr) [127.0.0.20:7777] (../lib/sbi/context.c:2141)
09/30 15:00:55.530: [sbi] INFO: [b7beb1b6-bcdf-41f1-a3e3-275eaa66c127] Setup NF Instance [type:UDR] (../lib/sbi/path.c:349)
09/30 15:00:55.543: [sbi] INFO: [b7beb1b6-bcdf-41f1-a3e3-275eaa66c127] Setup NF Instance [type:UDR] (../lib/sbi/path.c:349)
09/30 15:00:55.555: [sbi] INFO: [b7beb1b6-bcdf-41f1-a3e3-275eaa66c127] Setup NF Instance [type:UDR] (../lib/sbi/path.c:349)
09/30 15:00:55.562: [sbi] INFO: [b7beb1b6-bcdf-41f1-a3e3-275eaa66c127] Setup NF Instance [type:UDR] (../lib/sbi/path.c:349)
09/30 15:00:55.571: [sbi] INFO: [b7beb1b6-bcdf-41f1-a3e3-275eaa66c127] Setup NF Instance [type:UDR] (../lib/sbi/path.c:349)
09/30 15:00:55.578: [sbi] INFO: [b7beb1b6-bcdf-41f1-a3e3-275eaa66c127] Setup NF Instance [type:UDR] (../lib/sbi/path.c:349)
09/30 15:00:55.581: [sbi] INFO: [b7beb1b6-bcdf-41f1-a3e3-275eaa66c127] Setup NF Instance [type:UDR] (../lib/sbi/path.c:349)
09/30 15:00:55.587: [sbi] INFO: [b7beb1b6-bcdf-41f1-a3e3-275eaa66c127] Setup NF Instance [type:UDR] (../lib/sbi/path.c:349)
09/30 15:00:55.592: [sbi] INFO: [b7beb1b6-bcdf-41f1-a3e3-275eaa66c127] Setup NF Instance [type:UDR] (../lib/sbi/path.c:349)
09/30 15:00:55.598: [sbi] INFO: [b7beb1b6-bcdf-41f1-a3e3-275eaa66c127] Setup NF Instance [type:UDR] (../lib/sbi/path.c:349)
09/30 15:00:55.602: [sbi] INFO: [b7beb1b6-bcdf-41f1-a3e3-275eaa66c127] Setup NF Instance [type:UDR] (../lib/sbi/path.c:349)
09/30 15:00:55.608: [sbi] INFO: [b7beb1b6-bcdf-41f1-a3e3-275eaa66c127] Setup NF Instance [type:UDR] (../lib/sbi/path.c:349)
09/30 15:00:55.613: [sbi] INFO: [b7beb1b6-bcdf-41f1-a3e3-275eaa66c127] Setup NF Instance [type:UDR] (../lib/sbi/path.c:349)
09/30 15:00:55.620: [sbi] INFO: [b7beb1b6-bcdf-41f1-a3e3-275eaa66c127] Setup NF Instance [type:UDR] (../lib/sbi/path.c:349)
09/30 15:00:55.625: [sbi] INFO: [b7beb1b6-bcdf-41f1-a3e3-275eaa66c127] Setup NF Instance [type:UDR] (../lib/sbi/path.c:349)
09/30 15:00:55.631: [sbi] INFO: [b7beb1b6-bcdf-41f1-a3e3-275eaa66c127] Setup NF Instance [type:UDR] (../lib/sbi/path.c:349)
09/30 15:00:55.637: [sbi] INFO: [b7beb1b6-bcdf-41f1-a3e3-275eaa66c127] Setup NF Instance [type:UDR] (../lib/sbi/path.c:349)
09/30 15:00:55.646: [sbi] INFO: [b7beb1b6-bcdf-41f1-a3e3-275eaa66c127] Setup NF Instance [type:UDR] (../lib/sbi/path.c:349)
09/30 15:00:55.651: [sbi] INFO: [b7beb1b6-bcdf-41f1-a3e3-275eaa66c127] Setup NF Instance [type:UDR] (../lib/sbi/path.c:349)
09/30 15:00:55.661: [sbi] INFO: [b7beb1b6-bcdf-41f1-a3e3-275eaa66c127] Setup NF Instance [type:UDR] (../lib/sbi/path.c:349)
09/30 15:00:55.670: [sbi] INFO: [b7beb1b6-bcdf-41f1-a3e3-275eaa66c127] Setup NF Instance [type:UDR] (../lib/sbi/path.c:349)
09/30 15:00:55.672: [sbi] INFO: [b7beb1b6-bcdf-41f1-a3e3-275eaa66c127] Setup NF Instance [type:UDR] (../lib/sbi/path.c:349)
09/30 15:00:55.681: [sbi] INFO: [b7beb1b6-bcdf-41f1-a3e3-275eaa66c127] Setup NF Instance [type:UDR] (../lib/sbi/path.c:349)
09/30 15:00:58.008: [sbi] INFO: [b7beb1b6-bcdf-41f1-a3e3-275eaa66c127] Setup NF Instance [type:UDR] (../lib/sbi/path.c:349)
09/30 15:01:03.566: [sbi] INFO: [b7beb1b6-bcdf-41f1-a3e3-275eaa66c127] Setup NF Instance [type:UDR] (../lib/sbi/path.c:349)
09/30 15:01:03.841: [sbi] INFO: [b7beb1b6-bcdf-41f1-a3e3-275eaa66c127] Setup NF Instance [type:UDR] (../lib/sbi/path.c:349)
09/30 15:01:04.096: [sbi] INFO: [b7beb1b6-bcdf-41f1-a3e3-275eaa66c127] Setup NF Instance [type:UDR] (../lib/sbi/path.c:349)
09/30 15:01:04.343: [sbi] INFO: [b7beb1b6-bcdf-41f1-a3e3-275eaa66c127] Setup NF Instance [type:UDR] (../lib/sbi/path.c:349)
09/30 15:01:04.596: [sbi] INFO: [b7beb1b6-bcdf-41f1-a3e3-275eaa66c127] Setup NF Instance [type:UDR] (../lib/sbi/path.c:349)
09/30 15:01:04.840: [sbi] INFO: [b7beb1b6-bcdf-41f1-a3e3-275eaa66c127] Setup NF Instance [type:UDR] (../lib/sbi/path.c:349)
09/30 15:01:05.089: [sbi] INFO: [b7beb1b6-bcdf-41f1-a3e3-275eaa66c127] Setup NF Instance [type:UDR] (../lib/sbi/path.c:349)
09/30 15:01:05.345: [sbi] INFO: [b7beb1b6-bcdf-41f1-a3e3-275eaa66c127] Setup NF Instance [type:UDR] (../lib/sbi/path.c:349)
09/30 15:01:05.597: [sbi] INFO: [b7beb1b6-bcdf-41f1-a3e3-275eaa66c127] Setup NF Instance [type:UDR] (../lib/sbi/path.c:349)
09/30 15:01:05.853: [sbi] INFO: [b7beb1b6-bcdf-41f1-a3e3-275eaa66c127] Setup NF Instance [type:UDR] (../lib/sbi/path.c:349)
09/30 15:01:06.102: [sbi] INFO: [b7beb1b6-bcdf-41f1-a3e3-275eaa66c127] Setup NF Instance [type:UDR] (../lib/sbi/path.c:349)
09/30 15:01:06.350: [sbi] INFO: [b7beb1b6-bcdf-41f1-a3e3-275eaa66c127] Setup NF Instance [type:UDR] (../lib/sbi/path.c:349)
09/30 15:01:06.605: [sbi] INFO: [b7beb1b6-bcdf-41f1-a3e3-275eaa66c127] Setup NF Instance [type:UDR] (../lib/sbi/path.c:349)
09/30 15:01:06.855: [sbi] INFO: [b7beb1b6-bcdf-41f1-a3e3-275eaa66c127] Setup NF Instance [type:UDR] (../lib/sbi/path.c:349)
09/30 15:01:07.125: [sbi] INFO: [b7beb1b6-bcdf-41f1-a3e3-275eaa66c127] Setup NF Instance [type:UDR] (../lib/sbi/path.c:349)
09/30 15:01:10.515: [sbi] INFO: [b7beb1b6-bcdf-41f1-a3e3-275eaa66c127] Setup NF Instance [type:UDR] (../lib/sbi/path.c:349)
09/30 15:01:10.972: [sbi] INFO: [b7beb1b6-bcdf-41f1-a3e3-275eaa66c127] Setup NF Instance [type:UDR] (../lib/sbi/path.c:349)
09/30 15:01:11.911: [sbi] INFO: [b7beb1b6-bcdf-41f1-a3e3-275eaa66c127] Setup NF Instance [type:UDR] (../lib/sbi/path.c:349)
09/30 15:01:12.369: [sbi] INFO: [b7beb1b6-bcdf-41f1-a3e3-275eaa66c127] Setup NF Instance [type:UDR] (../lib/sbi/path.c:349)
09/30 15:01:13.775: [sbi] INFO: [b7beb1b6-bcdf-41f1-a3e3-275eaa66c127] Setup NF Instance [type:UDR] (../lib/sbi/path.c:349)
09/30 15:01:14.746: [sbi] INFO: [b7beb1b6-bcdf-41f1-a3e3-275eaa66c127] Setup NF Instance [type:UDR] (../lib/sbi/path.c:349)
09/30 15:01:15.212: [sbi] INFO: [b7beb1b6-bcdf-41f1-a3e3-275eaa66c127] Setup NF Instance [type:UDR] (../lib/sbi/path.c:349)
09/30 15:01:16.161: [sbi] INFO: [b7beb1b6-bcdf-41f1-a3e3-275eaa66c127] Setup NF Instance [type:UDR] (../lib/sbi/path.c:349)
09/30 15:01:18.054: [sbi] INFO: [b7beb1b6-bcdf-41f1-a3e3-275eaa66c127] Setup NF Instance [type:UDR] (../lib/sbi/path.c:349)
09/30 15:01:22.781: [app] INFO: SIGTERM received (../src/main.c:54)
09/30 15:01:22.784: [app] INFO: Open5GS daemon terminating... (../src/main.c:231)
09/30 15:01:22.786: [sbi] INFO: [b7e55d20-bcdf-41f1-9d33-714fd73a3d42] NF de-registered (../lib/sbi/nf-sm.c:406)
09/30 15:01:22.790: [app] INFO: UDM terminate...done (../src/udm/app.c:39)
