UERANSIM v3.2.7
[2026-09-30 15:06:25.986] [sctp] [info] Trying to establish SCTP connection... (127.0.0.5:38412)
[2026-09-30 15:06:25.988] [sctp] [info] SCTP connection established (127.0.0.5:38412)
[2026-09-30 15:06:25.988] [sctp] [debug] SCTP association setup ascId[41]
[2026-09-30 15:06:25.988] [ngap] [debug] Sending NG Setup Request
[2026-09-30 15:06:25.998] [ngap] [debug] NG Setup Response received
[2026-09-30 15:06:25.998] [ngap] [info] NG Setup procedure is successful
[2026-09-30 15:06:27.984] [rrc] [debug] UE[1] new signal detected
[2026-09-30 15:06:27.985] [rrc] [debug] UE[2] new signal detected
[2026-09-30 15:06:27.986] [rrc] [debug] UE[3] new signal detected
[2026-09-30 15:06:27.986] [rrc] [info] RRC Setup for UE[2]
[2026-09-30 15:06:27.986] [rrc] [debug] UE[4] new signal detected
[2026-09-30 15:06:27.987] [rrc] [info] RRC Setup for UE[3]
[2026-09-30 15:06:27.987] [rrc] [debug] UE[5] new signal detected
[2026-09-30 15:06:27.987] [ngap] [debug] Initial NAS message received from UE[2]
[2026-09-30 15:06:27.988] [rrc] [info] RRC Setup for UE[4]
[2026-09-30 15:06:27.988] [rrc] [debug] UE[6] new signal detected
[2026-09-30 15:06:27.988] [ngap] [debug] Initial NAS message received from UE[3]
[2026-09-30 15:06:27.988] [rrc] [debug] UE[7] new signal detected
[2026-09-30 15:06:27.988] [rrc] [debug] UE[8] new signal detected
[2026-09-30 15:06:27.988] [ngap] [debug] Initial NAS message received from UE[4]
[2026-09-30 15:06:27.989] [rrc] [debug] UE[9] new signal detected
[2026-09-30 15:06:27.989] [rrc] [debug] UE[10] new signal detected
[2026-09-30 15:06:27.989] [rrc] [info] RRC Setup for UE[7]
[2026-09-30 15:06:27.989] [rrc] [info] RRC Setup for UE[6]
[2026-09-30 15:06:27.989] [rrc] [debug] UE[11] new signal detected
[2026-09-30 15:06:27.989] [rrc] [debug] UE[12] new signal detected
[2026-09-30 15:06:27.990] [rrc] [info] RRC Setup for UE[9]
[2026-09-30 15:06:27.990] [rrc] [info] RRC Setup for UE[10]
[2026-09-30 15:06:27.990] [ngap] [debug] Initial NAS message received from UE[7]
[2026-09-30 15:06:27.990] [ngap] [debug] Initial NAS message received from UE[6]
[2026-09-30 15:06:27.990] [rrc] [info] RRC Setup for UE[12]
[2026-09-30 15:06:27.990] [ngap] [debug] Initial NAS message received from UE[9]
[2026-09-30 15:06:27.991] [ngap] [debug] Initial NAS message received from UE[10]
[2026-09-30 15:06:27.991] [ngap] [debug] Initial NAS message received from UE[12]
[2026-09-30 15:06:28.011] [ngap] [debug] Initial Context Setup Request received
[2026-09-30 15:06:28.012] [ngap] [debug] Initial Context Setup Request received
[2026-09-30 15:06:28.013] [ngap] [debug] Initial Context Setup Request received
[2026-09-30 15:06:28.013] [ngap] [debug] Initial Context Setup Request received
[2026-09-30 15:06:28.013] [ngap] [debug] Initial Context Setup Request received
[2026-09-30 15:06:28.014] [ngap] [debug] Initial Context Setup Request received
[2026-09-30 15:06:28.014] [ngap] [debug] Initial Context Setup Request received
[2026-09-30 15:06:28.017] [ngap] [debug] Initial Context Setup Request received
[2026-09-30 15:06:30.484] [rrc] [info] RRC Setup for UE[1]
[2026-09-30 15:06:30.485] [ngap] [debug] Initial NAS message received from UE[1]
[2026-09-30 15:06:30.487] [rrc] [info] RRC Setup for UE[5]
[2026-09-30 15:06:30.487] [ngap] [debug] Initial NAS message received from UE[5]
[2026-09-30 15:06:30.489] [rrc] [info] RRC Setup for UE[8]
[2026-09-30 15:06:30.489] [ngap] [debug] Initial NAS message received from UE[8]
[2026-09-30 15:06:30.490] [rrc] [info] RRC Setup for UE[11]
[2026-09-30 15:06:30.490] [ngap] [debug] Initial NAS message received from UE[11]
[2026-09-30 15:06:30.505] [ngap] [debug] Initial Context Setup Request received
[2026-09-30 15:06:30.507] [ngap] [debug] Initial Context Setup Request received
[2026-09-30 15:06:30.515] [ngap] [debug] Initial Context Setup Request received
[2026-09-30 15:06:30.516] [ngap] [debug] Initial Context Setup Request received
[2026-09-30 15:06:36.009] [ngap] [info] PDU session resource(s) setup for UE[12] count[1]
[2026-09-30 15:06:36.216] [ngap] [info] PDU session resource(s) setup for UE[10] count[1]
[2026-09-30 15:06:36.424] [ngap] [info] PDU session resource(s) setup for UE[9] count[1]
[2026-09-30 15:06:39.467] [ngap] [info] PDU session resource(s) released for UE[12] count[1]
[2026-09-30 15:06:39.676] [ngap] [info] PDU session resource(s) setup for UE[7] count[1]
[2026-09-30 15:06:39.879] [ngap] [info] PDU session resource(s) released for UE[9] count[1]
[2026-09-30 15:06:40.088] [ngap] [info] PDU session resource(s) setup for UE[11] count[1]
[2026-09-30 15:06:40.291] [ngap] [info] PDU session resource(s) released for UE[7] count[1]
[2026-09-30 15:06:40.500] [ngap] [info] PDU session resource(s) setup for UE[12] count[1]
[2026-09-30 15:06:40.703] [ngap] [info] PDU session resource(s) released for UE[11] count[1]
[2026-09-30 15:06:40.913] [ngap] [info] PDU session resource(s) setup for UE[2] count[1]
[2026-09-30 15:06:41.119] [ngap] [info] PDU session resource(s) released for UE[10] count[1]
[2026-09-30 15:06:41.328] [ngap] [info] PDU session resource(s) setup for UE[5] count[1]
[2026-09-30 15:06:41.532] [ngap] [info] PDU session resource(s) released for UE[2] count[1]
[2026-09-30 15:06:41.740] [ngap] [info] PDU session resource(s) setup for UE[8] count[1]
[2026-09-30 15:06:41.944] [ngap] [info] PDU session resource(s) released for UE[5] count[1]
[2026-09-30 15:06:42.152] [ngap] [info] PDU session resource(s) setup for UE[11] count[1]
[2026-09-30 15:06:42.353] [ngap] [info] PDU session resource(s) released for UE[11] count[1]
[2026-09-30 15:06:42.563] [ngap] [info] PDU session resource(s) setup for UE[4] count[1]
[2026-09-30 15:06:42.766] [ngap] [info] PDU session resource(s) released for UE[4] count[1]
[2026-09-30 15:06:42.974] [ngap] [info] PDU session resource(s) setup for UE[5] count[1]
[2026-09-30 15:06:43.177] [ngap] [info] PDU session resource(s) released for UE[8] count[1]
[2026-09-30 15:06:43.386] [ngap] [info] PDU session resource(s) setup for UE[9] count[1]
[2026-09-30 15:06:43.591] [ngap] [info] PDU session resource(s) released for UE[9] count[1]
[2026-09-30 15:06:43.799] [ngap] [info] PDU session resource(s) setup for UE[3] count[1]
[2026-09-30 15:06:44.002] [ngap] [info] PDU session resource(s) released for UE[5] count[1]
[2026-09-30 15:06:44.210] [ngap] [info] PDU session resource(s) setup for UE[6] count[1]
[2026-09-30 15:06:44.414] [ngap] [info] PDU session resource(s) released for UE[12] count[1]
[2026-09-30 15:06:44.623] [ngap] [info] PDU session resource(s) setup for UE[1] count[1]
[2026-09-30 15:06:44.827] [ngap] [info] PDU session resource(s) released for UE[1] count[1]
[2026-09-30 15:06:45.034] [ngap] [info] PDU session resource(s) setup for UE[12] count[1]
[2026-09-30 15:06:45.238] [ngap] [info] PDU session resource(s) released for UE[3] count[1]
[2026-09-30 15:06:45.449] [ngap] [info] PDU session resource(s) setup for UE[9] count[1]
[2026-09-30 15:06:45.654] [ngap] [info] PDU session resource(s) released for UE[9] count[1]
[2026-09-30 15:06:45.865] [ngap] [info] PDU session resource(s) setup for UE[11] count[1]
[2026-09-30 15:06:46.069] [ngap] [info] PDU session resource(s) released for UE[12] count[1]
[2026-09-30 15:06:46.279] [ngap] [info] PDU session resource(s) setup for UE[7] count[1]
[2026-09-30 15:06:46.482] [ngap] [info] PDU session resource(s) released for UE[7] count[1]
[2026-09-30 15:06:46.692] [ngap] [info] PDU session resource(s) setup for UE[8] count[1]
[2026-09-30 15:06:46.899] [ngap] [info] PDU session resource(s) released for UE[11] count[1]
[2026-09-30 15:06:47.106] [ngap] [info] PDU session resource(s) setup for UE[12] count[1]
[2026-09-30 15:06:47.309] [ngap] [info] PDU session resource(s) released for UE[12] count[1]
[2026-09-30 15:06:47.523] [ngap] [info] PDU session resource(s) setup for UE[5] count[1]
[2026-09-30 15:06:47.725] [ngap] [info] PDU session resource(s) released for UE[8] count[1]
[2026-09-30 15:06:47.940] [ngap] [info] PDU session resource(s) setup for UE[1] count[1]
[2026-09-30 15:06:48.145] [ngap] [info] PDU session resource(s) released for UE[1] count[1]
[2026-09-30 15:06:48.355] [ngap] [info] PDU session resource(s) setup for UE[3] count[1]
[2026-09-30 15:06:48.557] [ngap] [info] PDU session resource(s) released for UE[5] count[1]
[2026-09-30 15:06:48.769] [ngap] [info] PDU session resource(s) setup for UE[7] count[1]
[2026-09-30 15:06:48.974] [ngap] [info] PDU session resource(s) released for UE[6] count[1]
[2026-09-30 15:06:49.183] [ngap] [info] PDU session resource(s) setup for UE[8] count[1]
[2026-09-30 15:06:49.385] [ngap] [info] PDU session resource(s) released for UE[8] count[1]
[2026-09-30 15:06:49.595] [ngap] [info] PDU session resource(s) setup for UE[2] count[1]
[2026-09-30 15:06:49.797] [ngap] [info] PDU session resource(s) released for UE[3] count[1]
[2026-09-30 15:06:50.009] [ngap] [info] PDU session resource(s) setup for UE[12] count[1]
[2026-09-30 15:06:50.214] [ngap] [info] PDU session resource(s) released for UE[7] count[1]
[2026-09-30 15:06:50.423] [ngap] [info] PDU session resource(s) setup for UE[5] count[1]
[2026-09-30 15:06:50.626] [ngap] [info] PDU session resource(s) released for UE[5] count[1]
[2026-09-30 15:06:50.837] [ngap] [info] PDU session resource(s) setup for UE[7] count[1]
[2026-09-30 15:06:51.042] [ngap] [info] PDU session resource(s) released for UE[12] count[1]
[2026-09-30 15:06:51.250] [ngap] [info] PDU session resource(s) setup for UE[5] count[1]
[2026-09-30 15:06:51.453] [ngap] [info] PDU session resource(s) released for UE[5] count[1]
[2026-09-30 15:06:51.663] [ngap] [info] PDU session resource(s) setup for UE[11] count[1]
[2026-09-30 15:06:51.866] [ngap] [info] PDU session resource(s) released for UE[7] count[1]
[2026-09-30 15:06:52.078] [ngap] [info] PDU session resource(s) setup for UE[6] count[1]
[2026-09-30 15:06:52.282] [ngap] [info] PDU session resource(s) released for UE[6] count[1]
[2026-09-30 15:06:52.492] [ngap] [info] PDU session resource(s) setup for UE[5] count[1]
[2026-09-30 15:06:52.698] [ngap] [info] PDU session resource(s) released for UE[5] count[1]
[2026-09-30 15:06:52.907] [ngap] [info] PDU session resource(s) setup for UE[12] count[1]
[2026-09-30 15:06:53.109] [ngap] [info] PDU session resource(s) released for UE[12] count[1]
[2026-09-30 15:06:53.319] [ngap] [info] PDU session resource(s) setup for UE[10] count[1]
[2026-09-30 15:06:53.522] [ngap] [info] PDU session resource(s) released for UE[11] count[1]
[2026-09-30 15:06:53.730] [ngap] [info] PDU session resource(s) setup for UE[8] count[1]
[2026-09-30 15:06:53.934] [ngap] [info] PDU session resource(s) released for UE[8] count[1]
[2026-09-30 15:06:54.142] [ngap] [info] PDU session resource(s) setup for UE[5] count[1]
[2026-09-30 15:06:54.345] [ngap] [info] PDU session resource(s) released for UE[10] count[1]
[2026-09-30 15:06:54.557] [ngap] [info] PDU session resource(s) setup for UE[1] count[1]
[2026-09-30 15:06:54.763] [ngap] [info] PDU session resource(s) released for UE[5] count[1]
[2026-09-30 15:06:54.973] [ngap] [info] PDU session resource(s) setup for UE[10] count[1]
[2026-09-30 15:06:55.178] [ngap] [info] PDU session resource(s) released for UE[10] count[1]
[2026-09-30 15:06:55.390] [ngap] [info] PDU session resource(s) setup for UE[12] count[1]
[2026-09-30 15:06:55.595] [ngap] [info] PDU session resource(s) released for UE[2] count[1]
[2026-09-30 15:06:55.806] [ngap] [info] PDU session resource(s) setup for UE[5] count[1]
[2026-09-30 15:06:56.013] [ngap] [info] PDU session resource(s) released for UE[5] count[1]
[2026-09-30 15:06:56.224] [ngap] [info] PDU session resource(s) setup for UE[2] count[1]
[2026-09-30 15:06:56.429] [ngap] [info] PDU session resource(s) released for UE[1] count[1]
[2026-09-30 15:06:56.642] [ngap] [info] PDU session resource(s) setup for UE[3] count[1]
[2026-09-30 15:06:56.845] [ngap] [info] PDU session resource(s) released for UE[3] count[1]
[2026-09-30 15:06:57.056] [ngap] [info] PDU session resource(s) setup for UE[10] count[1]
[2026-09-30 15:06:57.258] [ngap] [info] PDU session resource(s) released for UE[2] count[1]
[2026-09-30 15:06:57.466] [ngap] [info] PDU session resource(s) setup for UE[1] count[1]
[2026-09-30 15:06:57.673] [ngap] [info] PDU session resource(s) released for UE[1] count[1]
[2026-09-30 15:06:57.882] [ngap] [info] PDU session resource(s) setup for UE[4] count[1]
[2026-09-30 15:06:58.087] [ngap] [info] PDU session resource(s) released for UE[10] count[1]
[2026-09-30 15:06:58.294] [ngap] [info] PDU session resource(s) setup for UE[9] count[1]
[2026-09-30 15:06:58.497] [ngap] [info] PDU session resource(s) released for UE[4] count[1]
[2026-09-30 15:06:58.711] [ngap] [info] PDU session resource(s) setup for UE[2] count[1]
[2026-09-30 15:06:58.914] [ngap] [info] PDU session resource(s) released for UE[2] count[1]
[2026-09-30 15:06:59.122] [ngap] [info] PDU session resource(s) setup for UE[11] count[1]
[2026-09-30 15:06:59.327] [ngap] [info] PDU session resource(s) released for UE[12] count[1]
[2026-09-30 15:06:59.534] [ngap] [info] PDU session resource(s) setup for UE[2] count[1]
[2026-09-30 15:06:59.737] [ngap] [info] PDU session resource(s) released for UE[9] count[1]
[2026-09-30 15:06:59.949] [ngap] [info] PDU session resource(s) setup for UE[7] count[1]
[2026-09-30 15:07:00.154] [ngap] [info] PDU session resource(s) released for UE[11] count[1]
[2026-09-30 15:07:00.362] [ngap] [info] PDU session resource(s) setup for UE[9] count[1]
[2026-09-30 15:07:00.566] [ngap] [info] PDU session resource(s) released for UE[9] count[1]
[2026-09-30 15:07:00.774] [ngap] [info] PDU session resource(s) setup for UE[3] count[1]
[2026-09-30 15:07:00.978] [ngap] [info] PDU session resource(s) released for UE[7] count[1]
[2026-09-30 15:07:01.186] [ngap] [info] PDU session resource(s) setup for UE[9] count[1]
[2026-09-30 15:07:01.390] [ngap] [info] PDU session resource(s) released for UE[3] count[1]
[2026-09-30 15:07:01.599] [ngap] [info] PDU session resource(s) setup for UE[4] count[1]
[2026-09-30 15:07:01.801] [ngap] [info] PDU session resource(s) released for UE[9] count[1]
[2026-09-30 15:07:02.015] [ngap] [info] PDU session resource(s) setup for UE[10] count[1]
[2026-09-30 15:07:02.222] [ngap] [info] PDU session resource(s) released for UE[10] count[1]
[2026-09-30 15:07:02.433] [ngap] [info] PDU session resource(s) setup for UE[9] count[1]
[2026-09-30 15:07:02.638] [ngap] [info] PDU session resource(s) released for UE[9] count[1]
[2026-09-30 15:07:02.846] [ngap] [info] PDU session resource(s) setup for UE[6] count[1]
[2026-09-30 15:07:03.050] [ngap] [info] PDU session resource(s) released for UE[4] count[1]
[2026-09-30 15:07:03.258] [ngap] [info] PDU session resource(s) setup for UE[9] count[1]
[2026-09-30 15:07:03.462] [ngap] [info] PDU session resource(s) released for UE[2] count[1]
[2026-09-30 15:07:03.674] [ngap] [info] PDU session resource(s) setup for UE[4] count[1]
[2026-09-30 15:07:03.878] [ngap] [info] PDU session resource(s) released for UE[4] count[1]
[2026-09-30 15:07:04.088] [ngap] [info] PDU session resource(s) setup for UE[12] count[1]
[2026-09-30 15:07:04.289] [ngap] [info] PDU session resource(s) released for UE[9] count[1]
[2026-09-30 15:07:04.498] [ngap] [info] PDU session resource(s) setup for UE[8] count[1]
[2026-09-30 15:07:04.702] [ngap] [info] PDU session resource(s) released for UE[12] count[1]
[2026-09-30 15:07:04.914] [ngap] [info] PDU session resource(s) setup for UE[10] count[1]
[2026-09-30 15:07:05.119] [ngap] [info] PDU session resource(s) released for UE[10] count[1]
[2026-09-30 15:07:05.327] [ngap] [info] PDU session resource(s) setup for UE[12] count[1]
[2026-09-30 15:07:05.529] [ngap] [info] PDU session resource(s) released for UE[6] count[1]
[2026-09-30 15:07:05.739] [ngap] [info] PDU session resource(s) setup for UE[10] count[1]
[2026-09-30 15:07:05.942] [ngap] [info] PDU session resource(s) released for UE[12] count[1]
[2026-09-30 15:07:06.151] [ngap] [info] PDU session resource(s) setup for UE[9] count[1]
[2026-09-30 15:07:06.354] [ngap] [info] PDU session resource(s) released for UE[10] count[1]
[2026-09-30 15:07:06.565] [ngap] [info] PDU session resource(s) setup for UE[4] count[1]
[2026-09-30 15:07:06.769] [ngap] [info] PDU session resource(s) released for UE[9] count[1]
[2026-09-30 15:07:06.979] [ngap] [info] PDU session resource(s) setup for UE[5] count[1]
[2026-09-30 15:07:07.181] [ngap] [info] PDU session resource(s) released for UE[5] count[1]
[2026-09-30 15:07:07.394] [ngap] [info] PDU session resource(s) setup for UE[9] count[1]
[2026-09-30 15:07:07.603] [ngap] [info] PDU session resource(s) released for UE[9] count[1]
[2026-09-30 15:07:07.810] [ngap] [info] PDU session resource(s) setup for UE[6] count[1]
[2026-09-30 15:07:08.018] [ngap] [info] PDU session resource(s) released for UE[4] count[1]
[2026-09-30 15:07:08.226] [ngap] [info] PDU session resource(s) setup for UE[1] count[1]
[2026-09-30 15:07:08.429] [ngap] [info] PDU session resource(s) released for UE[8] count[1]
[2026-09-30 15:07:08.639] [ngap] [info] PDU session resource(s) setup for UE[3] count[1]
[2026-09-30 15:07:08.841] [ngap] [info] PDU session resource(s) released for UE[3] count[1]
[2026-09-30 15:07:09.053] [ngap] [info] PDU session resource(s) setup for UE[2] count[1]
[2026-09-30 15:07:09.259] [ngap] [info] PDU session resource(s) released for UE[6] count[1]
[2026-09-30 15:07:09.474] [ngap] [info] PDU session resource(s) setup for UE[3] count[1]
[2026-09-30 15:07:09.678] [ngap] [info] PDU session resource(s) released for UE[2] count[1]
[2026-09-30 15:07:09.890] [ngap] [info] PDU session resource(s) setup for UE[11] count[1]
[2026-09-30 15:07:10.095] [ngap] [info] PDU session resource(s) released for UE[11] count[1]
[2026-09-30 15:07:10.303] [ngap] [info] PDU session resource(s) setup for UE[12] count[1]
[2026-09-30 15:07:10.509] [ngap] [info] PDU session resource(s) released for UE[1] count[1]
[2026-09-30 15:07:10.722] [ngap] [info] PDU session resource(s) setup for UE[7] count[1]
[2026-09-30 15:07:10.926] [ngap] [info] PDU session resource(s) released for UE[12] count[1]
[2026-09-30 15:07:11.135] [ngap] [info] PDU session resource(s) setup for UE[10] count[1]
[2026-09-30 15:07:11.338] [ngap] [info] PDU session resource(s) released for UE[7] count[1]
[2026-09-30 15:07:11.548] [ngap] [info] PDU session resource(s) setup for UE[8] count[1]
[2026-09-30 15:07:11.754] [ngap] [info] PDU session resource(s) released for UE[10] count[1]
[2026-09-30 15:07:11.963] [ngap] [info] PDU session resource(s) setup for UE[9] count[1]
[2026-09-30 15:07:12.167] [ngap] [info] PDU session resource(s) released for UE[9] count[1]
[2026-09-30 15:07:12.373] [ngap] [info] PDU session resource(s) setup for UE[6] count[1]
[2026-09-30 15:07:12.580] [ngap] [info] PDU session resource(s) released for UE[8] count[1]
[2026-09-30 15:07:12.789] [ngap] [info] PDU session resource(s) setup for UE[1] count[1]
[2026-09-30 15:07:12.992] [ngap] [info] PDU session resource(s) released for UE[3] count[1]
[2026-09-30 15:07:13.201] [ngap] [info] PDU session resource(s) setup for UE[2] count[1]
[2026-09-30 15:07:13.404] [ngap] [info] PDU session resource(s) released for UE[6] count[1]
[2026-09-30 15:07:13.614] [ngap] [info] PDU session resource(s) setup for UE[7] count[1]
[2026-09-30 15:07:13.817] [ngap] [info] PDU session resource(s) released for UE[7] count[1]
[2026-09-30 15:07:14.025] [ngap] [info] PDU session resource(s) setup for UE[11] count[1]
[2026-09-30 15:07:14.228] [ngap] [info] PDU session resource(s) released for UE[11] count[1]
[2026-09-30 15:07:14.438] [ngap] [info] PDU session resource(s) setup for UE[9] count[1]
[2026-09-30 15:07:14.640] [ngap] [info] PDU session resource(s) released for UE[9] count[1]
[2026-09-30 15:07:14.849] [ngap] [info] PDU session resource(s) setup for UE[8] count[1]
[2026-09-30 15:07:15.056] [ngap] [info] PDU session resource(s) released for UE[2] count[1]
[2026-09-30 15:07:15.265] [ngap] [info] PDU session resource(s) setup for UE[6] count[1]
[2026-09-30 15:07:15.468] [ngap] [info] PDU session resource(s) released for UE[8] count[1]
[2026-09-30 15:07:15.677] [ngap] [info] PDU session resource(s) setup for UE[9] count[1]
[2026-09-30 15:07:15.880] [ngap] [info] PDU session resource(s) released for UE[1] count[1]
[2026-09-30 15:07:16.092] [ngap] [info] PDU session resource(s) setup for UE[5] count[1]
[2026-09-30 15:07:16.297] [ngap] [info] PDU session resource(s) released for UE[9] count[1]
[2026-09-30 15:07:16.506] [ngap] [info] PDU session resource(s) setup for UE[2] count[1]
[2026-09-30 15:07:16.708] [ngap] [info] PDU session resource(s) released for UE[5] count[1]
[2026-09-30 15:07:16.921] [ngap] [info] PDU session resource(s) setup for UE[8] count[1]
[2026-09-30 15:07:17.125] [ngap] [info] PDU session resource(s) released for UE[6] count[1]
[2026-09-30 15:07:17.337] [ngap] [info] PDU session resource(s) setup for UE[7] count[1]
[2026-09-30 15:07:17.539] [ngap] [info] PDU session resource(s) released for UE[2] count[1]
[2026-09-30 15:07:17.749] [ngap] [info] PDU session resource(s) setup for UE[11] count[1]
[2026-09-30 15:07:17.953] [ngap] [info] PDU session resource(s) released for UE[11] count[1]
[2026-09-30 15:07:18.162] [ngap] [info] PDU session resource(s) setup for UE[2] count[1]
[2026-09-30 15:07:18.363] [ngap] [info] PDU session resource(s) released for UE[8] count[1]
[2026-09-30 15:07:18.573] [ngap] [info] PDU session resource(s) setup for UE[5] count[1]
[2026-09-30 15:07:18.777] [ngap] [info] PDU session resource(s) released for UE[7] count[1]
[2026-09-30 15:07:18.986] [ngap] [info] PDU session resource(s) setup for UE[3] count[1]
[2026-09-30 15:07:19.189] [ngap] [info] PDU session resource(s) released for UE[2] count[1]
[2026-09-30 15:07:19.397] [ngap] [info] PDU session resource(s) setup for UE[11] count[1]
[2026-09-30 15:07:19.604] [ngap] [info] PDU session resource(s) released for UE[5] count[1]
[2026-09-30 15:07:19.813] [ngap] [info] PDU session resource(s) setup for UE[4] count[1]
[2026-09-30 15:07:20.016] [ngap] [info] PDU session resource(s) released for UE[4] count[1]
[2026-09-30 15:07:20.229] [ngap] [info] PDU session resource(s) setup for UE[1] count[1]
[2026-09-30 15:07:20.432] [ngap] [info] PDU session resource(s) released for UE[11] count[1]
[2026-09-30 15:07:20.642] [ngap] [info] PDU session resource(s) setup for UE[4] count[1]
[2026-09-30 15:07:20.844] [ngap] [info] PDU session resource(s) released for UE[4] count[1]
[2026-09-30 15:07:21.057] [ngap] [info] PDU session resource(s) setup for UE[2] count[1]
[2026-09-30 15:07:21.259] [ngap] [info] PDU session resource(s) released for UE[2] count[1]
[2026-09-30 15:07:21.469] [ngap] [info] PDU session resource(s) setup for UE[6] count[1]
[2026-09-30 15:07:21.676] [ngap] [info] PDU session resource(s) released for UE[6] count[1]
[2026-09-30 15:07:21.889] [ngap] [info] PDU session resource(s) setup for UE[2] count[1]
[2026-09-30 15:07:22.093] [ngap] [info] PDU session resource(s) released for UE[1] count[1]
[2026-09-30 15:07:22.302] [ngap] [info] PDU session resource(s) setup for UE[8] count[1]
[2026-09-30 15:07:22.508] [ngap] [info] PDU session resource(s) released for UE[8] count[1]
[2026-09-30 15:07:22.720] [ngap] [info] PDU session resource(s) setup for UE[12] count[1]
[2026-09-30 15:07:22.924] [ngap] [info] PDU session resource(s) released for UE[2] count[1]
[2026-09-30 15:07:23.135] [ngap] [info] PDU session resource(s) setup for UE[4] count[1]
[2026-09-30 15:07:23.340] [ngap] [info] PDU session resource(s) released for UE[4] count[1]
[2026-09-30 15:07:23.553] [ngap] [info] PDU session resource(s) setup for UE[1] count[1]
[2026-09-30 15:07:23.755] [ngap] [info] PDU session resource(s) released for UE[3] count[1]
[2026-09-30 15:07:23.968] [ngap] [info] PDU session resource(s) setup for UE[11] count[1]
[2026-09-30 15:07:24.173] [ngap] [info] PDU session resource(s) released for UE[12] count[1]
[2026-09-30 15:07:24.381] [ngap] [info] PDU session resource(s) setup for UE[5] count[1]
[2026-09-30 15:07:24.585] [ngap] [info] PDU session resource(s) released for UE[1] count[1]
[2026-09-30 15:07:24.793] [ngap] [info] PDU session resource(s) setup for UE[8] count[1]
[2026-09-30 15:07:25.000] [ngap] [info] PDU session resource(s) released for UE[11] count[1]
[2026-09-30 15:07:25.209] [ngap] [info] PDU session resource(s) setup for UE[9] count[1]
[2026-09-30 15:07:25.412] [ngap] [info] PDU session resource(s) released for UE[8] count[1]
[2026-09-30 15:07:25.622] [ngap] [info] PDU session resource(s) setup for UE[4] count[1]
[2026-09-30 15:07:25.824] [ngap] [info] PDU session resource(s) released for UE[4] count[1]
[2026-09-30 15:07:26.033] [ngap] [info] PDU session resource(s) setup for UE[6] count[1]
[2026-09-30 15:07:26.237] [ngap] [info] PDU session resource(s) released for UE[9] count[1]
[2026-09-30 15:07:26.445] [ngap] [info] PDU session resource(s) setup for UE[12] count[1]
[2026-09-30 15:07:26.648] [ngap] [info] PDU session resource(s) released for UE[5] count[1]
[2026-09-30 15:07:26.860] [ngap] [info] PDU session resource(s) setup for UE[10] count[1]
[2026-09-30 15:07:27.064] [ngap] [info] PDU session resource(s) released for UE[10] count[1]
[2026-09-30 15:07:27.273] [ngap] [info] PDU session resource(s) setup for UE[7] count[1]
[2026-09-30 15:07:27.476] [ngap] [info] PDU session resource(s) released for UE[7] count[1]
[2026-09-30 15:07:27.691] [ngap] [info] PDU session resource(s) setup for UE[11] count[1]
[2026-09-30 15:07:27.898] [ngap] [info] PDU session resource(s) released for UE[11] count[1]
[2026-09-30 15:07:28.109] [ngap] [info] PDU session resource(s) setup for UE[10] count[1]
[2026-09-30 15:07:28.312] [ngap] [info] PDU session resource(s) released for UE[6] count[1]
[2026-09-30 15:07:28.523] [ngap] [info] PDU session resource(s) setup for UE[11] count[1]
[2026-09-30 15:07:28.729] [ngap] [info] PDU session resource(s) released for UE[12] count[1]
[2026-09-30 15:07:28.937] [ngap] [info] PDU session resource(s) setup for UE[5] count[1]
[2026-09-30 15:07:29.141] [ngap] [info] PDU session resource(s) released for UE[10] count[1]
[2026-09-30 15:07:29.350] [ngap] [info] PDU session resource(s) setup for UE[9] count[1]
[2026-09-30 15:07:29.560] [ngap] [info] PDU session resource(s) released for UE[11] count[1]
[2026-09-30 15:07:29.769] [ngap] [info] PDU session resource(s) setup for UE[8] count[1]
[2026-09-30 15:07:29.973] [ngap] [info] PDU session resource(s) released for UE[8] count[1]
[2026-09-30 15:07:30.186] [ngap] [info] PDU session resource(s) setup for UE[12] count[1]
[2026-09-30 15:07:30.392] [ngap] [info] PDU session resource(s) released for UE[12] count[1]
[2026-09-30 15:07:30.602] [ngap] [info] PDU session resource(s) setup for UE[4] count[1]
[2026-09-30 15:07:30.804] [ngap] [info] PDU session resource(s) released for UE[9] count[1]
[2026-09-30 15:07:31.017] [ngap] [info] PDU session resource(s) setup for UE[3] count[1]
[2026-09-30 15:07:31.221] [ngap] [info] PDU session resource(s) released for UE[3] count[1]
[2026-09-30 15:07:31.430] [ngap] [info] PDU session resource(s) setup for UE[8] count[1]
[2026-09-30 15:07:31.632] [ngap] [info] PDU session resource(s) released for UE[4] count[1]
[2026-09-30 15:07:31.846] [ngap] [info] PDU session resource(s) setup for UE[3] count[1]
[2026-09-30 15:07:32.052] [ngap] [info] PDU session resource(s) released for UE[8] count[1]
[2026-09-30 15:07:32.263] [ngap] [info] PDU session resource(s) setup for UE[2] count[1]
[2026-09-30 15:07:32.468] [ngap] [info] PDU session resource(s) released for UE[3] count[1]
[2026-09-30 15:07:32.677] [ngap] [info] PDU session resource(s) setup for UE[9] count[1]
[2026-09-30 15:07:32.881] [ngap] [info] PDU session resource(s) released for UE[2] count[1]
[2026-09-30 15:07:33.089] [ngap] [info] PDU session resource(s) setup for UE[1] count[1]
[2026-09-30 15:07:33.292] [ngap] [info] PDU session resource(s) released for UE[5] count[1]
[2026-09-30 15:07:33.501] [ngap] [info] PDU session resource(s) setup for UE[11] count[1]
[2026-09-30 15:07:33.708] [ngap] [info] PDU session resource(s) released for UE[1] count[1]
[2026-09-30 15:07:33.917] [ngap] [info] PDU session resource(s) setup for UE[10] count[1]
[2026-09-30 15:07:34.121] [ngap] [info] PDU session resource(s) released for UE[11] count[1]
[2026-09-30 15:07:34.329] [ngap] [info] PDU session resource(s) setup for UE[2] count[1]
[2026-09-30 15:07:34.531] [ngap] [info] PDU session resource(s) released for UE[9] count[1]
[2026-09-30 15:07:34.742] [ngap] [info] PDU session resource(s) setup for UE[8] count[1]
[2026-09-30 15:07:34.943] [ngap] [info] PDU session resource(s) released for UE[8] count[1]
[2026-09-30 15:07:35.157] [ngap] [info] PDU session resource(s) setup for UE[6] count[1]
[2026-09-30 15:07:35.360] [ngap] [info] PDU session resource(s) released for UE[2] count[1]
[2026-09-30 15:07:35.571] [ngap] [info] PDU session resource(s) setup for UE[8] count[1]
[2026-09-30 15:07:35.776] [ngap] [info] PDU session resource(s) released for UE[6] count[1]
[2026-09-30 15:07:35.989] [ngap] [info] PDU session resource(s) setup for UE[2] count[1]
[2026-09-30 15:07:36.193] [ngap] [info] PDU session resource(s) released for UE[8] count[1]
[2026-09-30 15:07:36.402] [ngap] [info] PDU session resource(s) setup for UE[6] count[1]
[2026-09-30 15:07:36.604] [ngap] [info] PDU session resource(s) released for UE[10] count[1]
[2026-09-30 15:07:36.817] [ngap] [info] PDU session resource(s) setup for UE[12] count[1]
[2026-09-30 15:07:37.020] [ngap] [info] PDU session resource(s) released for UE[12] count[1]
[2026-09-30 15:07:37.229] [ngap] [info] PDU session resource(s) setup for UE[7] count[1]
[2026-09-30 15:07:37.437] [ngap] [info] PDU session resource(s) released for UE[2] count[1]
[2026-09-30 15:07:37.647] [ngap] [info] PDU session resource(s) setup for UE[5] count[1]
[2026-09-30 15:07:37.852] [ngap] [info] PDU session resource(s) released for UE[6] count[1]
[2026-09-30 15:07:38.062] [ngap] [info] PDU session resource(s) setup for UE[1] count[1]
[2026-09-30 15:07:38.268] [ngap] [info] PDU session resource(s) released for UE[1] count[1]
[2026-09-30 15:07:38.477] [ngap] [info] PDU session resource(s) setup for UE[9] count[1]
[2026-09-30 15:07:38.680] [ngap] [info] PDU session resource(s) released for UE[5] count[1]
[2026-09-30 15:07:38.888] [ngap] [info] PDU session resource(s) setup for UE[12] count[1]
[2026-09-30 15:07:39.096] [ngap] [info] PDU session resource(s) released for UE[12] count[1]
[2026-09-30 15:07:39.305] [ngap] [info] PDU session resource(s) setup for UE[5] count[1]
[2026-09-30 15:07:39.513] [ngap] [info] PDU session resource(s) released for UE[9] count[1]
[2026-09-30 15:07:39.724] [ngap] [info] PDU session resource(s) setup for UE[2] count[1]
[2026-09-30 15:07:39.929] [ngap] [info] PDU session resource(s) released for UE[5] count[1]
[2026-09-30 15:07:40.137] [ngap] [info] PDU session resource(s) setup for UE[6] count[1]
[2026-09-30 15:07:40.340] [ngap] [info] PDU session resource(s) released for UE[7] count[1]
[2026-09-30 15:07:40.555] [ngap] [info] PDU session resource(s) setup for UE[10] count[1]
[2026-09-30 15:07:40.760] [ngap] [info] PDU session resource(s) released for UE[2] count[1]
[2026-09-30 15:07:40.969] [ngap] [info] PDU session resource(s) setup for UE[5] count[1]
[2026-09-30 15:07:41.172] [ngap] [info] PDU session resource(s) released for UE[6] count[1]
[2026-09-30 15:07:41.380] [ngap] [info] PDU session resource(s) setup for UE[2] count[1]
[2026-09-30 15:07:41.584] [ngap] [info] PDU session resource(s) released for UE[10] count[1]
[2026-09-30 15:07:41.798] [ngap] [info] PDU session resource(s) setup for UE[12] count[1]
[2026-09-30 15:07:42.001] [ngap] [info] PDU session resource(s) released for UE[5] count[1]
[2026-09-30 15:07:42.211] [ngap] [info] PDU session resource(s) setup for UE[7] count[1]
[2026-09-30 15:07:42.415] [ngap] [info] PDU session resource(s) released for UE[2] count[1]
[2026-09-30 15:07:42.628] [ngap] [info] PDU session resource(s) setup for UE[6] count[1]
[2026-09-30 15:07:42.831] [ngap] [info] PDU session resource(s) released for UE[12] count[1]
[2026-09-30 15:07:43.039] [ngap] [info] PDU session resource(s) setup for UE[11] count[1]
[2026-09-30 15:07:43.243] [ngap] [info] PDU session resource(s) released for UE[6] count[1]
[2026-09-30 15:07:43.452] [ngap] [info] PDU session resource(s) setup for UE[3] count[1]
[2026-09-30 15:07:43.655] [ngap] [info] PDU session resource(s) released for UE[3] count[1]
[2026-09-30 15:07:43.869] [ngap] [info] PDU session resource(s) setup for UE[2] count[1]
[2026-09-30 15:07:44.079] [ngap] [info] PDU session resource(s) released for UE[7] count[1]
[2026-09-30 15:07:44.289] [ngap] [info] PDU session resource(s) setup for UE[3] count[1]
[2026-09-30 15:07:44.491] [ngap] [info] PDU session resource(s) released for UE[11] count[1]
[2026-09-30 15:07:44.701] [ngap] [info] PDU session resource(s) setup for UE[8] count[1]
[2026-09-30 15:07:44.903] [ngap] [info] PDU session resource(s) released for UE[3] count[1]
[2026-09-30 15:07:45.112] [ngap] [info] PDU session resource(s) setup for UE[12] count[1]
[2026-09-30 15:07:45.319] [ngap] [info] PDU session resource(s) released for UE[8] count[1]
[2026-09-30 15:07:45.527] [ngap] [info] PDU session resource(s) setup for UE[3] count[1]
[2026-09-30 15:07:45.735] [ngap] [info] PDU session resource(s) released for UE[2] count[1]
[2026-09-30 15:07:45.947] [ngap] [info] PDU session resource(s) setup for UE[11] count[1]
[2026-09-30 15:07:46.151] [ngap] [info] PDU session resource(s) released for UE[3] count[1]
[2026-09-30 15:07:46.363] [ngap] [info] PDU session resource(s) setup for UE[1] count[1]
[2026-09-30 15:07:46.567] [ngap] [info] PDU session resource(s) released for UE[12] count[1]
[2026-09-30 15:07:46.776] [ngap] [info] PDU session resource(s) setup for UE[6] count[1]
[2026-09-30 15:07:46.980] [ngap] [info] PDU session resource(s) released for UE[11] count[1]
[2026-09-30 15:07:47.192] [ngap] [info] PDU session resource(s) setup for UE[4] count[1]
[2026-09-30 15:07:47.395] [ngap] [info] PDU session resource(s) released for UE[1] count[1]
[2026-09-30 15:07:47.604] [ngap] [info] PDU session resource(s) setup for UE[3] count[1]
[2026-09-30 15:07:47.811] [ngap] [info] PDU session resource(s) released for UE[6] count[1]
[2026-09-30 15:07:48.020] [ngap] [info] PDU session resource(s) setup for UE[9] count[1]
[2026-09-30 15:07:48.224] [ngap] [info] PDU session resource(s) released for UE[4] count[1]
[2026-09-30 15:07:48.432] [ngap] [info] PDU session resource(s) setup for UE[8] count[1]
[2026-09-30 15:07:48.635] [ngap] [info] PDU session resource(s) released for UE[8] count[1]
[2026-09-30 15:07:48.845] [ngap] [info] PDU session resource(s) setup for UE[1] count[1]
[2026-09-30 15:07:49.051] [ngap] [info] PDU session resource(s) released for UE[3] count[1]
[2026-09-30 15:07:49.263] [ngap] [info] PDU session resource(s) setup for UE[5] count[1]
[2026-09-30 15:07:49.471] [ngap] [info] PDU session resource(s) released for UE[1] count[1]
[2026-09-30 15:07:49.680] [ngap] [info] PDU session resource(s) setup for UE[2] count[1]
[2026-09-30 15:07:49.884] [ngap] [info] PDU session resource(s) released for UE[2] count[1]
[2026-09-30 15:07:50.095] [ngap] [info] PDU session resource(s) setup for UE[11] count[1]
[2026-09-30 15:07:50.300] [ngap] [info] PDU session resource(s) released for UE[9] count[1]
[2026-09-30 15:07:50.511] [ngap] [info] PDU session resource(s) setup for UE[7] count[1]
[2026-09-30 15:07:50.715] [ngap] [info] PDU session resource(s) released for UE[11] count[1]
[2026-09-30 15:07:50.925] [ngap] [info] PDU session resource(s) setup for UE[1] count[1]
[2026-09-30 15:07:51.131] [ngap] [info] PDU session resource(s) released for UE[1] count[1]
[2026-09-30 15:07:51.341] [ngap] [info] PDU session resource(s) setup for UE[8] count[1]
[2026-09-30 15:07:51.543] [ngap] [info] PDU session resource(s) released for UE[8] count[1]
[2026-09-30 15:07:51.752] [ngap] [info] PDU session resource(s) setup for UE[3] count[1]
[2026-09-30 15:07:51.959] [ngap] [info] PDU session resource(s) released for UE[3] count[1]
[2026-09-30 15:07:52.168] [ngap] [info] PDU session resource(s) setup for UE[1] count[1]
[2026-09-30 15:07:52.371] [ngap] [info] PDU session resource(s) released for UE[7] count[1]
[2026-09-30 15:07:52.583] [ngap] [info] PDU session resource(s) setup for UE[12] count[1]
[2026-09-30 15:07:52.791] [ngap] [info] PDU session resource(s) released for UE[5] count[1]
[2026-09-30 15:07:53.001] [ngap] [info] PDU session resource(s) setup for UE[11] count[1]
[2026-09-30 15:07:53.203] [ngap] [info] PDU session resource(s) released for UE[1] count[1]
[2026-09-30 15:07:53.413] [ngap] [info] PDU session resource(s) setup for UE[10] count[1]
[2026-09-30 15:07:53.615] [ngap] [info] PDU session resource(s) released for UE[12] count[1]
[2026-09-30 15:07:53.825] [ngap] [info] PDU session resource(s) setup for UE[8] count[1]
[2026-09-30 15:07:54.027] [ngap] [info] PDU session resource(s) released for UE[8] count[1]
[2026-09-30 15:07:54.236] [ngap] [info] PDU session resource(s) setup for UE[7] count[1]
[2026-09-30 15:07:54.439] [ngap] [info] PDU session resource(s) released for UE[10] count[1]
[2026-09-30 15:07:54.650] [ngap] [info] PDU session resource(s) setup for UE[1] count[1]
[2026-09-30 15:07:54.855] [ngap] [info] PDU session resource(s) released for UE[7] count[1]
[2026-09-30 15:07:55.064] [ngap] [info] PDU session resource(s) setup for UE[12] count[1]
[2026-09-30 15:07:55.269] [ngap] [info] PDU session resource(s) released for UE[11] count[1]
[2026-09-30 15:07:55.479] [ngap] [info] PDU session resource(s) setup for UE[4] count[1]
[2026-09-30 15:07:55.683] [ngap] [info] PDU session resource(s) released for UE[12] count[1]
[2026-09-30 15:07:55.892] [ngap] [info] PDU session resource(s) setup for UE[7] count[1]
[2026-09-30 15:07:56.096] [ngap] [info] PDU session resource(s) released for UE[1] count[1]
[2026-09-30 15:07:56.308] [ngap] [info] PDU session resource(s) setup for UE[5] count[1]
[2026-09-30 15:07:56.511] [ngap] [info] PDU session resource(s) released for UE[4] count[1]
[2026-09-30 15:07:56.720] [ngap] [info] PDU session resource(s) setup for UE[1] count[1]
[2026-09-30 15:07:56.923] [ngap] [info] PDU session resource(s) released for UE[1] count[1]
[2026-09-30 15:07:57.133] [ngap] [info] PDU session resource(s) setup for UE[12] count[1]
[2026-09-30 15:07:57.335] [ngap] [info] PDU session resource(s) released for UE[12] count[1]
[2026-09-30 15:07:57.545] [ngap] [info] PDU session resource(s) setup for UE[10] count[1]
[2026-09-30 15:07:57.749] [ngap] [info] PDU session resource(s) released for UE[5] count[1]
[2026-09-30 15:07:57.961] [ngap] [info] PDU session resource(s) setup for UE[9] count[1]
[2026-09-30 15:07:58.163] [ngap] [info] PDU session resource(s) released for UE[9] count[1]
[2026-09-30 15:07:58.377] [ngap] [info] PDU session resource(s) setup for UE[8] count[1]
[2026-09-30 15:07:58.579] [ngap] [info] PDU session resource(s) released for UE[10] count[1]
[2026-09-30 15:07:58.789] [ngap] [info] PDU session resource(s) setup for UE[11] count[1]
[2026-09-30 15:07:58.991] [ngap] [info] PDU session resource(s) released for UE[7] count[1]
[2026-09-30 15:07:59.200] [ngap] [info] PDU session resource(s) setup for UE[12] count[1]
[2026-09-30 15:07:59.407] [ngap] [info] PDU session resource(s) released for UE[8] count[1]
[2026-09-30 15:07:59.616] [ngap] [info] PDU session resource(s) setup for UE[1] count[1]
[2026-09-30 15:07:59.819] [ngap] [info] PDU session resource(s) released for UE[11] count[1]
[2026-09-30 15:08:00.029] [ngap] [info] PDU session resource(s) setup for UE[7] count[1]
[2026-09-30 15:08:00.235] [ngap] [info] PDU session resource(s) released for UE[12] count[1]
[2026-09-30 15:08:00.450] [ngap] [info] PDU session resource(s) setup for UE[9] count[1]
[2026-09-30 15:08:00.656] [ngap] [info] PDU session resource(s) released for UE[1] count[1]
[2026-09-30 15:08:00.870] [ngap] [info] PDU session resource(s) setup for UE[8] count[1]
[2026-09-30 15:08:01.075] [ngap] [info] PDU session resource(s) released for UE[9] count[1]
[2026-09-30 15:08:01.287] [ngap] [info] PDU session resource(s) setup for UE[6] count[1]
[2026-09-30 15:08:01.491] [ngap] [info] PDU session resource(s) released for UE[8] count[1]
[2026-09-30 15:08:01.703] [ngap] [info] PDU session resource(s) setup for UE[4] count[1]
[2026-09-30 15:08:01.907] [ngap] [info] PDU session resource(s) released for UE[6] count[1]
[2026-09-30 15:08:02.116] [ngap] [info] PDU session resource(s) setup for UE[11] count[1]
[2026-09-30 15:08:02.319] [ngap] [info] PDU session resource(s) released for UE[7] count[1]
[2026-09-30 15:08:02.531] [ngap] [info] PDU session resource(s) setup for UE[1] count[1]
[2026-09-30 15:08:02.735] [ngap] [info] PDU session resource(s) released for UE[4] count[1]
[2026-09-30 15:08:02.945] [ngap] [info] PDU session resource(s) setup for UE[7] count[1]
[2026-09-30 15:08:03.147] [ngap] [info] PDU session resource(s) released for UE[7] count[1]
[2026-09-30 15:08:03.361] [ngap] [info] PDU session resource(s) setup for UE[3] count[1]
[2026-09-30 15:08:03.563] [ngap] [info] PDU session resource(s) released for UE[11] count[1]
[2026-09-30 15:08:03.773] [ngap] [info] PDU session resource(s) setup for UE[12] count[1]
[2026-09-30 15:08:03.975] [ngap] [info] PDU session resource(s) released for UE[1] count[1]
[2026-09-30 15:08:04.184] [ngap] [info] PDU session resource(s) setup for UE[9] count[1]
[2026-09-30 15:08:04.386] [ngap] [info] PDU session resource(s) released for UE[12] count[1]
[2026-09-30 15:08:04.597] [ngap] [info] PDU session resource(s) setup for UE[5] count[1]
[2026-09-30 15:08:04.798] [ngap] [info] PDU session resource(s) released for UE[9] count[1]
[2026-09-30 15:08:05.010] [ngap] [info] PDU session resource(s) setup for UE[12] count[1]
[2026-09-30 15:08:05.215] [ngap] [info] PDU session resource(s) released for UE[3] count[1]
[2026-09-30 15:08:05.424] [ngap] [info] PDU session resource(s) setup for UE[10] count[1]
[2026-09-30 15:08:05.627] [ngap] [info] PDU session resource(s) released for UE[5] count[1]
[2026-09-30 15:08:05.838] [ngap] [info] PDU session resource(s) setup for UE[2] count[1]
[2026-09-30 15:08:06.044] [ngap] [info] PDU session resource(s) released for UE[10] count[1]
[2026-09-30 15:08:06.252] [ngap] [info] PDU session resource(s) setup for UE[1] count[1]
[2026-09-30 15:08:06.455] [ngap] [info] PDU session resource(s) released for UE[2] count[1]
[2026-09-30 15:08:06.666] [ngap] [info] PDU session resource(s) setup for UE[5] count[1]
[2026-09-30 15:08:06.871] [ngap] [info] PDU session resource(s) released for UE[12] count[1]
[2026-09-30 15:08:07.080] [ngap] [info] PDU session resource(s) setup for UE[6] count[1]
[2026-09-30 15:08:07.283] [ngap] [info] PDU session resource(s) released for UE[6] count[1]
[2026-09-30 15:08:07.492] [ngap] [info] PDU session resource(s) setup for UE[3] count[1]
[2026-09-30 15:08:07.695] [ngap] [info] PDU session resource(s) released for UE[1] count[1]
[2026-09-30 15:08:07.907] [ngap] [info] PDU session resource(s) setup for UE[6] count[1]
[2026-09-30 15:08:08.111] [ngap] [info] PDU session resource(s) released for UE[6] count[1]
[2026-09-30 15:08:08.323] [ngap] [info] PDU session resource(s) setup for UE[7] count[1]
[2026-09-30 15:08:08.527] [ngap] [info] PDU session resource(s) released for UE[5] count[1]
[2026-09-30 15:08:08.737] [ngap] [info] PDU session resource(s) setup for UE[11] count[1]
[2026-09-30 15:08:08.940] [ngap] [info] PDU session resource(s) released for UE[3] count[1]
[2026-09-30 15:08:09.151] [ngap] [info] PDU session resource(s) setup for UE[12] count[1]
[2026-09-30 15:08:09.355] [ngap] [info] PDU session resource(s) released for UE[11] count[1]
[2026-09-30 15:08:09.564] [ngap] [info] PDU session resource(s) setup for UE[4] count[1]
[2026-09-30 15:08:09.767] [ngap] [info] PDU session resource(s) released for UE[4] count[1]
[2026-09-30 15:08:09.976] [ngap] [info] PDU session resource(s) setup for UE[11] count[1]
[2026-09-30 15:08:10.179] [ngap] [info] PDU session resource(s) released for UE[11] count[1]
[2026-09-30 15:08:10.387] [ngap] [info] PDU session resource(s) setup for UE[1] count[1]
[2026-09-30 15:08:10.591] [ngap] [info] PDU session resource(s) released for UE[7] count[1]
[2026-09-30 15:08:10.800] [ngap] [info] PDU session resource(s) setup for UE[2] count[1]
[2026-09-30 15:08:11.007] [ngap] [info] PDU session resource(s) released for UE[12] count[1]
[2026-09-30 15:08:11.217] [ngap] [info] PDU session resource(s) setup for UE[7] count[1]
[2026-09-30 15:08:11.419] [ngap] [info] PDU session resource(s) released for UE[7] count[1]
[2026-09-30 15:08:11.630] [ngap] [info] PDU session resource(s) setup for UE[8] count[1]
[2026-09-30 15:08:11.835] [ngap] [info] PDU session resource(s) released for UE[2] count[1]
[2026-09-30 15:08:12.043] [ngap] [info] PDU session resource(s) setup for UE[7] count[1]
[2026-09-30 15:08:12.248] [ngap] [info] PDU session resource(s) released for UE[7] count[1]
[2026-09-30 15:08:12.454] [ngap] [info] PDU session resource(s) setup for UE[5] count[1]
[2026-09-30 15:08:12.657] [ngap] [info] PDU session resource(s) released for UE[1] count[1]
[2026-09-30 15:08:12.868] [ngap] [info] PDU session resource(s) setup for UE[4] count[1]
[2026-09-30 15:08:13.073] [ngap] [info] PDU session resource(s) released for UE[5] count[1]
[2026-09-30 15:08:13.283] [ngap] [info] PDU session resource(s) setup for UE[1] count[1]
[2026-09-30 15:08:13.489] [ngap] [info] PDU session resource(s) released for UE[8] count[1]
[2026-09-30 15:08:13.698] [ngap] [info] PDU session resource(s) setup for UE[9] count[1]
[2026-09-30 15:08:13.901] [ngap] [info] PDU session resource(s) released for UE[9] count[1]
[2026-09-30 15:08:14.114] [ngap] [info] PDU session resource(s) setup for UE[11] count[1]
[2026-09-30 15:08:14.318] [ngap] [info] PDU session resource(s) released for UE[1] count[1]
[2026-09-30 15:08:14.526] [ngap] [info] PDU session resource(s) setup for UE[6] count[1]
[2026-09-30 15:08:14.729] [ngap] [info] PDU session resource(s) released for UE[6] count[1]
[2026-09-30 15:08:14.942] [ngap] [info] PDU session resource(s) setup for UE[9] count[1]
[2026-09-30 15:08:15.146] [ngap] [info] PDU session resource(s) released for UE[11] count[1]
[2026-09-30 15:08:15.355] [ngap] [info] PDU session resource(s) setup for UE[6] count[1]
[2026-09-30 15:08:15.557] [ngap] [info] PDU session resource(s) released for UE[9] count[1]
[2026-09-30 15:08:15.766] [ngap] [info] PDU session resource(s) setup for UE[11] count[1]
[2026-09-30 15:08:15.969] [ngap] [info] PDU session resource(s) released for UE[6] count[1]
[2026-09-30 15:08:16.178] [ngap] [info] PDU session resource(s) setup for UE[9] count[1]
[2026-09-30 15:08:16.383] [ngap] [info] PDU session resource(s) released for UE[11] count[1]
[2026-09-30 15:08:16.591] [ngap] [info] PDU session resource(s) setup for UE[10] count[1]
[2026-09-30 15:08:16.793] [ngap] [info] PDU session resource(s) released for UE[9] count[1]
[2026-09-30 15:08:17.007] [ngap] [info] PDU session resource(s) setup for UE[8] count[1]
[2026-09-30 15:08:17.209] [ngap] [info] PDU session resource(s) released for UE[4] count[1]
[2026-09-30 15:08:17.418] [ngap] [info] PDU session resource(s) setup for UE[5] count[1]
[2026-09-30 15:08:17.621] [ngap] [info] PDU session resource(s) released for UE[8] count[1]
[2026-09-30 15:08:17.830] [ngap] [info] PDU session resource(s) setup for UE[3] count[1]
[2026-09-30 15:08:18.033] [ngap] [info] PDU session resource(s) released for UE[3] count[1]
[2026-09-30 15:08:18.249] [ngap] [info] PDU session resource(s) setup for UE[9] count[1]
[2026-09-30 15:08:18.455] [ngap] [info] PDU session resource(s) released for UE[9] count[1]
[2026-09-30 15:08:18.663] [ngap] [info] PDU session resource(s) setup for UE[12] count[1]
[2026-09-30 15:08:18.866] [ngap] [info] PDU session resource(s) released for UE[10] count[1]
[2026-09-30 15:08:19.074] [ngap] [info] PDU session resource(s) setup for UE[4] count[1]
[2026-09-30 15:08:19.277] [ngap] [info] PDU session resource(s) released for UE[4] count[1]
[2026-09-30 15:08:19.486] [ngap] [info] PDU session resource(s) setup for UE[1] count[1]
[2026-09-30 15:08:19.689] [ngap] [info] PDU session resource(s) released for UE[1] count[1]
[2026-09-30 15:08:19.900] [ngap] [info] PDU session resource(s) setup for UE[6] count[1]
[2026-09-30 15:08:20.105] [ngap] [info] PDU session resource(s) released for UE[5] count[1]
[2026-09-30 15:08:20.319] [ngap] [info] PDU session resource(s) setup for UE[3] count[1]
[2026-09-30 15:08:20.521] [ngap] [info] PDU session resource(s) released for UE[6] count[1]
[2026-09-30 15:08:20.732] [ngap] [info] PDU session resource(s) setup for UE[4] count[1]
[2026-09-30 15:08:20.937] [ngap] [info] PDU session resource(s) released for UE[4] count[1]
[2026-09-30 15:08:21.147] [ngap] [info] PDU session resource(s) setup for UE[1] count[1]
[2026-09-30 15:08:21.349] [ngap] [info] PDU session resource(s) released for UE[12] count[1]
[2026-09-30 15:08:21.558] [ngap] [info] PDU session resource(s) setup for UE[7] count[1]
[2026-09-30 15:08:21.761] [ngap] [info] PDU session resource(s) released for UE[3] count[1]
[2026-09-30 15:08:21.972] [ngap] [info] PDU session resource(s) setup for UE[4] count[1]
[2026-09-30 15:08:22.177] [ngap] [info] PDU session resource(s) released for UE[1] count[1]
[2026-09-30 15:08:22.388] [ngap] [info] PDU session resource(s) setup for UE[8] count[1]
[2026-09-30 15:08:22.594] [ngap] [info] PDU session resource(s) released for UE[8] count[1]
[2026-09-30 15:08:22.803] [ngap] [info] PDU session resource(s) setup for UE[6] count[1]
[2026-09-30 15:08:23.005] [ngap] [info] PDU session resource(s) released for UE[6] count[1]
[2026-09-30 15:08:23.215] [ngap] [info] PDU session resource(s) setup for UE[1] count[1]
[2026-09-30 15:08:23.417] [ngap] [info] PDU session resource(s) released for UE[1] count[1]
[2026-09-30 15:08:23.627] [ngap] [info] PDU session resource(s) setup for UE[10] count[1]
[2026-09-30 15:08:23.829] [ngap] [info] PDU session resource(s) released for UE[7] count[1]
[2026-09-30 15:08:24.038] [ngap] [info] PDU session resource(s) setup for UE[3] count[1]
[2026-09-30 15:08:24.241] [ngap] [info] PDU session resource(s) released for UE[10] count[1]
[2026-09-30 15:08:24.450] [ngap] [info] PDU session resource(s) setup for UE[1] count[1]
[2026-09-30 15:08:24.653] [ngap] [info] PDU session resource(s) released for UE[4] count[1]
[2026-09-30 15:08:24.863] [ngap] [info] PDU session resource(s) setup for UE[6] count[1]
[2026-09-30 15:08:25.065] [ngap] [info] PDU session resource(s) released for UE[1] count[1]
[2026-09-30 15:08:25.277] [ngap] [info] PDU session resource(s) setup for UE[4] count[1]
[2026-09-30 15:08:25.481] [ngap] [info] PDU session resource(s) released for UE[4] count[1]
[2026-09-30 15:08:25.690] [ngap] [info] PDU session resource(s) setup for UE[12] count[1]
[2026-09-30 15:08:25.893] [ngap] [info] PDU session resource(s) released for UE[12] count[1]
[2026-09-30 15:08:26.105] [ngap] [info] PDU session resource(s) setup for UE[5] count[1]
[2026-09-30 15:08:26.308] [ngap] [info] PDU session resource(s) released for UE[3] count[1]
[2026-09-30 15:08:26.520] [ngap] [info] PDU session resource(s) setup for UE[11] count[1]
[2026-09-30 15:08:26.725] [ngap] [info] PDU session resource(s) released for UE[11] count[1]
[2026-09-30 15:08:26.934] [ngap] [info] PDU session resource(s) setup for UE[1] count[1]
[2026-09-30 15:08:27.138] [ngap] [info] PDU session resource(s) released for UE[6] count[1]
[2026-09-30 15:08:27.346] [ngap] [info] PDU session resource(s) setup for UE[11] count[1]
[2026-09-30 15:08:27.550] [ngap] [info] PDU session resource(s) released for UE[5] count[1]
[2026-09-30 15:08:27.766] [ngap] [info] PDU session resource(s) setup for UE[10] count[1]
[2026-09-30 15:08:27.969] [ngap] [info] PDU session resource(s) released for UE[11] count[1]
[2026-09-30 15:08:28.178] [ngap] [info] PDU session resource(s) setup for UE[4] count[1]
[2026-09-30 15:08:28.381] [ngap] [info] PDU session resource(s) released for UE[4] count[1]
[2026-09-30 15:08:28.592] [ngap] [info] PDU session resource(s) setup for UE[3] count[1]
[2026-09-30 15:08:28.801] [ngap] [info] PDU session resource(s) released for UE[1] count[1]
[2026-09-30 15:08:29.012] [ngap] [info] PDU session resource(s) setup for UE[11] count[1]
[2026-09-30 15:08:29.217] [ngap] [info] PDU session resource(s) released for UE[11] count[1]
[2026-09-30 15:08:29.428] [ngap] [info] PDU session resource(s) setup for UE[9] count[1]
[2026-09-30 15:08:29.633] [ngap] [info] PDU session resource(s) released for UE[10] count[1]
[2026-09-30 15:08:29.843] [ngap] [info] PDU session resource(s) setup for UE[11] count[1]
[2026-09-30 15:08:30.045] [ngap] [info] PDU session resource(s) released for UE[11] count[1]
[2026-09-30 15:08:30.254] [ngap] [info] PDU session resource(s) setup for UE[4] count[1]
[2026-09-30 15:08:30.458] [ngap] [info] PDU session resource(s) released for UE[3] count[1]
[2026-09-30 15:08:30.668] [ngap] [info] PDU session resource(s) setup for UE[7] count[1]
[2026-09-30 15:08:30.873] [ngap] [info] PDU session resource(s) released for UE[4] count[1]
[2026-09-30 15:08:31.082] [ngap] [info] PDU session resource(s) setup for UE[10] count[1]
[2026-09-30 15:08:31.285] [ngap] [info] PDU session resource(s) released for UE[9] count[1]
[2026-09-30 15:08:31.494] [ngap] [info] PDU session resource(s) setup for UE[2] count[1]
[2026-09-30 15:08:31.697] [ngap] [info] PDU session resource(s) released for UE[10] count[1]
[2026-09-30 15:08:31.906] [ngap] [info] PDU session resource(s) setup for UE[3] count[1]
[2026-09-30 15:08:32.110] [ngap] [info] PDU session resource(s) released for UE[3] count[1]
[2026-09-30 15:08:32.319] [ngap] [info] PDU session resource(s) setup for UE[11] count[1]
[2026-09-30 15:08:32.526] [ngap] [info] PDU session resource(s) released for UE[2] count[1]
[2026-09-30 15:08:32.738] [ngap] [info] PDU session resource(s) setup for UE[3] count[1]
[2026-09-30 15:08:32.941] [ngap] [info] PDU session resource(s) released for UE[7] count[1]
[2026-09-30 15:08:33.150] [ngap] [info] PDU session resource(s) setup for UE[2] count[1]
[2026-09-30 15:08:33.357] [ngap] [info] PDU session resource(s) released for UE[2] count[1]
[2026-09-30 15:08:33.568] [ngap] [info] PDU session resource(s) setup for UE[8] count[1]
[2026-09-30 15:08:33.773] [ngap] [info] PDU session resource(s) released for UE[8] count[1]
[2026-09-30 15:08:33.983] [ngap] [info] PDU session resource(s) setup for UE[6] count[1]
[2026-09-30 15:08:34.185] [ngap] [info] PDU session resource(s) released for UE[3] count[1]
[2026-09-30 15:08:34.400] [ngap] [info] PDU session resource(s) setup for UE[5] count[1]
[2026-09-30 15:08:34.605] [ngap] [info] PDU session resource(s) released for UE[6] count[1]
[2026-09-30 15:08:34.817] [ngap] [info] PDU session resource(s) setup for UE[1] count[1]
[2026-09-30 15:08:35.022] [ngap] [info] PDU session resource(s) released for UE[11] count[1]
[2026-09-30 15:08:35.230] [ngap] [info] PDU session resource(s) setup for UE[4] count[1]
[2026-09-30 15:08:35.435] [ngap] [info] PDU session resource(s) released for UE[1] count[1]
[2026-09-30 15:08:35.646] [ngap] [info] PDU session resource(s) setup for UE[7] count[1]
[2026-09-30 15:08:35.854] [ngap] [info] PDU session resource(s) released for UE[4] count[1]
[2026-09-30 15:08:36.063] [ngap] [info] PDU session resource(s) setup for UE[6] count[1]
[2026-09-30 15:08:36.265] [ngap] [info] PDU session resource(s) released for UE[7] count[1]
[2026-09-30 15:08:36.476] [ngap] [info] PDU session resource(s) setup for UE[10] count[1]
[2026-09-30 15:08:36.681] [ngap] [info] PDU session resource(s) released for UE[6] count[1]
[2026-09-30 15:08:36.891] [ngap] [info] PDU session resource(s) setup for UE[4] count[1]
[2026-09-30 15:08:37.093] [ngap] [info] PDU session resource(s) released for UE[5] count[1]
[2026-09-30 15:08:37.306] [ngap] [info] PDU session resource(s) setup for UE[7] count[1]
[2026-09-30 15:08:37.509] [ngap] [info] PDU session resource(s) released for UE[10] count[1]
[2026-09-30 15:08:37.721] [ngap] [info] PDU session resource(s) setup for UE[9] count[1]
[2026-09-30 15:08:37.925] [ngap] [info] PDU session resource(s) released for UE[7] count[1]
[2026-09-30 15:08:38.133] [ngap] [info] PDU session resource(s) setup for UE[10] count[1]
[2026-09-30 15:08:38.341] [ngap] [info] PDU session resource(s) released for UE[9] count[1]
[2026-09-30 15:08:38.550] [ngap] [info] PDU session resource(s) setup for UE[2] count[1]
[2026-09-30 15:08:38.753] [ngap] [info] PDU session resource(s) released for UE[2] count[1]
[2026-09-30 15:08:38.963] [ngap] [info] PDU session resource(s) setup for UE[1] count[1]
[2026-09-30 15:08:39.164] [ngap] [info] PDU session resource(s) released for UE[10] count[1]
[2026-09-30 15:08:39.374] [ngap] [info] PDU session resource(s) setup for UE[11] count[1]
[2026-09-30 15:08:39.577] [ngap] [info] PDU session resource(s) released for UE[1] count[1]
[2026-09-30 15:08:39.786] [ngap] [info] PDU session resource(s) setup for UE[10] count[1]
[2026-09-30 15:08:39.990] [ngap] [info] PDU session resource(s) released for UE[4] count[1]
[2026-09-30 15:08:40.201] [ngap] [info] PDU session resource(s) setup for UE[6] count[1]
[2026-09-30 15:08:40.405] [ngap] [info] PDU session resource(s) released for UE[6] count[1]
[2026-09-30 15:08:40.620] [ngap] [info] PDU session resource(s) setup for UE[1] count[1]
[2026-09-30 15:08:40.825] [ngap] [info] PDU session resource(s) released for UE[1] count[1]
[2026-09-30 15:08:41.034] [ngap] [info] PDU session resource(s) setup for UE[12] count[1]
[2026-09-30 15:08:41.237] [ngap] [info] PDU session resource(s) released for UE[11] count[1]
[2026-09-30 15:08:41.452] [ngap] [info] PDU session resource(s) setup for UE[7] count[1]
[2026-09-30 15:08:41.657] [ngap] [info] PDU session resource(s) released for UE[12] count[1]
[2026-09-30 15:08:41.868] [ngap] [info] PDU session resource(s) setup for UE[9] count[1]
[2026-09-30 15:08:42.077] [ngap] [info] PDU session resource(s) released for UE[10] count[1]
[2026-09-30 15:08:42.286] [ngap] [info] PDU session resource(s) setup for UE[4] count[1]
