Open5GS daemon v2.8.0

[32m09/30 15:06:19.927[0m: [[33mapp[0m] [1;32mINFO[0m: Configuration: '/tmp/model5g-runs/b0-order231-v2/configs/udm.yaml' (../lib/app/ogs-init.c:144)
[32m09/30 15:06:19.927[0m: [[33mapp[0m] [1;32mINFO[0m: File Logging: '/tmp/model5g-runs/b0-order231-v2/udm.log' (../lib/app/ogs-init.c:147)
[32m09/30 15:06:19.927[0m: [[33mapp[0m] [1;32mINFO[0m: LOG-LEVEL: 'info' (../lib/app/ogs-init.c:150)
[32m09/30 15:06:19.929[0m: [[33msbi[0m] [1;32mINFO[0m: Setup NF EndPoint(addr) [127.0.0.200:7777] (../lib/sbi/context.c:499)
[32m09/30 15:06:19.929[0m: [[33msbi[0m] [1;32mINFO[0m: Setup NF EndPoint(addr) [127.0.0.10:7777] (../lib/sbi/context.c:451)
[32m09/30 15:06:19.931[0m: [[33msbi[0m] [1;32mINFO[0m: NF Service [nudm-ueau] (../lib/sbi/context.c:2012)
[32m09/30 15:06:19.931[0m: [[33msbi[0m] [1;32mINFO[0m: NF Service [nudm-uecm] (../lib/sbi/context.c:2012)
[32m09/30 15:06:19.931[0m: [[33msbi[0m] [1;32mINFO[0m: NF Service [nudm-sdm] (../lib/sbi/context.c:2012)
[32m09/30 15:06:19.931[0m: [[33msbi[0m] [1;32mINFO[0m: nghttp2_server() [http://127.0.0.12]:7777 (../lib/sbi/nghttp2-server.c:454)
[32m09/30 15:06:19.931[0m: [[33mapp[0m] [1;32mINFO[0m: UDM initialize...done (../src/udm/app.c:31)
[32m09/30 15:06:19.932[0m: [[33msbi[0m] [1;32mINFO[0m: [7e167a1a-bce0-41f1-b83d-7d36fe663fe5] NF registered [Heartbeat:1s] (../lib/sbi/nf-sm.c:368)
[32m09/30 15:06:19.932[0m: [[33msbi[0m] [1;32mINFO[0m: Setup NF EndPoint(addr) [127.0.0.10:7777] (../lib/sbi/nnrf-handler.c:1113)
[32m09/30 15:06:19.932[0m: [[33msbi[0m] [1;32mINFO[0m: [7e16f7f6-bce0-41f1-9858-7d3d09d7ba79] Subscription created until 2026-10-01T15:06:19.932687+00:00 [duration:86400000000,validity:86400.000000,patch:43200.000000] (../lib/sbi/nnrf-handler.c:1032)
[32m09/30 15:06:19.932[0m: [[33msbi[0m] [1;32mINFO[0m: Setup NF EndPoint(addr) [127.0.0.10:7777] (../lib/sbi/nnrf-handler.c:1113)
[32m09/30 15:06:19.932[0m: [[33msbi[0m] [1;32mINFO[0m: [7e16f9c2-bce0-41f1-9858-7d3d09d7ba79] Subscription created until 2026-10-01T15:06:19.932722+00:00 [duration:86400000000,validity:86400.000000,patch:43200.000000] (../lib/sbi/nnrf-handler.c:1032)
[32m09/30 15:06:19.933[0m: [[33msbi[0m] [1;32mINFO[0m: [7df08e68-bce0-41f1-83be-271c44a67e80] (NRF-profile-get) NF registered (../lib/sbi/nf-sm.c:104)
[32m09/30 15:06:19.933[0m: [[33msbi[0m] [1;32mINFO[0m: [UDR] NFInstance associated [7df08e68-bce0-41f1-83be-271c44a67e80] (../lib/sbi/context.c:2498)
[32m09/30 15:06:19.933[0m: [[33msbi[0m] [1;32mINFO[0m: Setup NF EndPoint(addr) [127.0.0.20:80] (../lib/sbi/context.c:2503)
[32m09/30 15:06:19.933[0m: [[33msbi[0m] [1;32mINFO[0m: [nudr-dr] NFService associated [7df15bc2-bce0-41f1-83be-271c44a67e80] (../lib/sbi/context.c:2138)
[32m09/30 15:06:19.933[0m: [[33msbi[0m] [1;32mINFO[0m: Setup NF EndPoint(addr) [127.0.0.20:7777] (../lib/sbi/context.c:2141)
[32m09/30 15:06:27.989[0m: [[33msbi[0m] [1;32mINFO[0m: [7df08e68-bce0-41f1-83be-271c44a67e80] Setup NF Instance [type:UDR] (../lib/sbi/path.c:349)
[32m09/30 15:06:27.992[0m: [[33msbi[0m] [1;32mINFO[0m: [7df08e68-bce0-41f1-83be-271c44a67e80] Setup NF Instance [type:UDR] (../lib/sbi/path.c:349)
[32m09/30 15:06:27.992[0m: [[33msbi[0m] [1;32mINFO[0m: [7df08e68-bce0-41f1-83be-271c44a67e80] Setup NF Instance [type:UDR] (../lib/sbi/path.c:349)
[32m09/30 15:06:27.992[0m: [[33msbi[0m] [1;32mINFO[0m: [7df08e68-bce0-41f1-83be-271c44a67e80] Setup NF Instance [type:UDR] (../lib/sbi/path.c:349)
[32m09/30 15:06:27.992[0m: [[33msbi[0m] [1;32mINFO[0m: [7df08e68-bce0-41f1-83be-271c44a67e80] Setup NF Instance [type:UDR] (../lib/sbi/path.c:349)
[32m09/30 15:06:27.992[0m: [[33msbi[0m] [1;32mINFO[0m: [7df08e68-bce0-41f1-83be-271c44a67e80] Setup NF Instance [type:UDR] (../lib/sbi/path.c:349)
[32m09/30 15:06:27.993[0m: [[33msbi[0m] [1;32mINFO[0m: [7df08e68-bce0-41f1-83be-271c44a67e80] Setup NF Instance [type:UDR] (../lib/sbi/path.c:349)
[32m09/30 15:06:27.994[0m: [[33msbi[0m] [1;32mINFO[0m: [7df08e68-bce0-41f1-83be-271c44a67e80] Setup NF Instance [type:UDR] (../lib/sbi/path.c:349)
[32m09/30 15:06:30.486[0m: [[33msbi[0m] [1;32mINFO[0m: [7df08e68-bce0-41f1-83be-271c44a67e80] Setup NF Instance [type:UDR] (../lib/sbi/path.c:349)
[32m09/30 15:06:30.488[0m: [[33msbi[0m] [1;32mINFO[0m: [7df08e68-bce0-41f1-83be-271c44a67e80] Setup NF Instance [type:UDR] (../lib/sbi/path.c:349)
[32m09/30 15:06:30.492[0m: [[33msbi[0m] [1;32mINFO[0m: [7df08e68-bce0-41f1-83be-271c44a67e80] Setup NF Instance [type:UDR] (../lib/sbi/path.c:349)
[32m09/30 15:06:30.492[0m: [[33msbi[0m] [1;32mINFO[0m: [7df08e68-bce0-41f1-83be-271c44a67e80] Setup NF Instance [type:UDR] (../lib/sbi/path.c:349)
[32m09/30 15:06:36.010[0m: [[33msbi[0m] [1;32mINFO[0m: [7df08e68-bce0-41f1-83be-271c44a67e80] Setup NF Instance [type:UDR] (../lib/sbi/path.c:349)
[32m09/30 15:06:36.216[0m: [[33msbi[0m] [1;32mINFO[0m: [7df08e68-bce0-41f1-83be-271c44a67e80] Setup NF Instance [type:UDR] (../lib/sbi/path.c:349)
[32m09/30 15:06:36.424[0m: [[33msbi[0m] [1;32mINFO[0m: [7df08e68-bce0-41f1-83be-271c44a67e80] Setup NF Instance [type:UDR] (../lib/sbi/path.c:349)
[32m09/30 15:06:39.677[0m: [[33msbi[0m] [1;32mINFO[0m: [7df08e68-bce0-41f1-83be-271c44a67e80] Setup NF Instance [type:UDR] (../lib/sbi/path.c:349)
[32m09/30 15:06:40.089[0m: [[33msbi[0m] [1;32mINFO[0m: [7df08e68-bce0-41f1-83be-271c44a67e80] Setup NF Instance [type:UDR] (../lib/sbi/path.c:349)
[32m09/30 15:06:40.914[0m: [[33msbi[0m] [1;32mINFO[0m: [7df08e68-bce0-41f1-83be-271c44a67e80] Setup NF Instance [type:UDR] (../lib/sbi/path.c:349)
[32m09/30 15:06:41.329[0m: [[33msbi[0m] [1;32mINFO[0m: [7df08e68-bce0-41f1-83be-271c44a67e80] Setup NF Instance [type:UDR] (../lib/sbi/path.c:349)
[32m09/30 15:06:41.741[0m: [[33msbi[0m] [1;32mINFO[0m: [7df08e68-bce0-41f1-83be-271c44a67e80] Setup NF Instance [type:UDR] (../lib/sbi/path.c:349)
[32m09/30 15:06:42.564[0m: [[33msbi[0m] [1;32mINFO[0m: [7df08e68-bce0-41f1-83be-271c44a67e80] Setup NF Instance [type:UDR] (../lib/sbi/path.c:349)
[32m09/30 15:06:43.800[0m: [[33msbi[0m] [1;32mINFO[0m: [7df08e68-bce0-41f1-83be-271c44a67e80] Setup NF Instance [type:UDR] (../lib/sbi/path.c:349)
[32m09/30 15:06:44.211[0m: [[33msbi[0m] [1;32mINFO[0m: [7df08e68-bce0-41f1-83be-271c44a67e80] Setup NF Instance [type:UDR] (../lib/sbi/path.c:349)
[32m09/30 15:06:44.624[0m: [[33msbi[0m] [1;32mINFO[0m: [7df08e68-bce0-41f1-83be-271c44a67e80] Setup NF Instance [type:UDR] (../lib/sbi/path.c:349)
[32m09/30 15:08:45.347[0m: [[33mapp[0m] [1;32mINFO[0m: SIGTERM received (../src/main.c:54)
[32m09/30 15:08:45.347[0m: [[33mapp[0m] [1;32mINFO[0m: Open5GS daemon terminating... (../src/main.c:231)
[32m09/30 15:08:45.347[0m: [[33msbi[0m] [1;32mINFO[0m: [7e167a1a-bce0-41f1-b83d-7d36fe663fe5] NF de-registered (../lib/sbi/nf-sm.c:406)
[32m09/30 15:08:45.352[0m: [[33mapp[0m] [1;32mINFO[0m: UDM terminate...done (../src/udm/app.c:39)
