Open5GS daemon v2.8.0

09/30 15:06:19.927: [app] INFO: Configuration: '/tmp/model5g-runs/b0-order231-v2/configs/udm.yaml' (../lib/app/ogs-init.c:144)
09/30 15:06:19.927: [app] INFO: File Logging: '/tmp/model5g-runs/b0-order231-v2/udm.log' (../lib/app/ogs-init.c:147)
09/30 15:06:19.927: [app] INFO: LOG-LEVEL: 'info' (../lib/app/ogs-init.c:150)
09/30 15:06:19.929: [sbi] INFO: Setup NF EndPoint(addr) [127.0.0.200:7777] (../lib/sbi/context.c:499)
09/30 15:06:19.929: [sbi] INFO: Setup NF EndPoint(addr) [127.0.0.10:7777] (../lib/sbi/context.c:451)
09/30 15:06:19.931: [sbi] INFO: NF Service [nudm-ueau] (../lib/sbi/context.c:2012)
09/30 15:06:19.931: [sbi] INFO: NF Service [nudm-uecm] (../lib/sbi/context.c:2012)
09/30 15:06:19.931: [sbi] INFO: NF Service [nudm-sdm] (../lib/sbi/context.c:2012)
09/30 15:06:19.931: [sbi] INFO: nghttp2_server() [http://127.0.0.12]:7777 (../lib/sbi/nghttp2-server.c:454)
09/30 15:06:19.931: [app] INFO: UDM initialize...done (../src/udm/app.c:31)
09/30 15:06:19.932: [sbi] INFO: [7e167a1a-bce0-41f1-b83d-7d36fe663fe5] NF registered [Heartbeat:1s] (../lib/sbi/nf-sm.c:368)
09/30 15:06:19.932: [sbi] INFO: Setup NF EndPoint(addr) [127.0.0.10:7777] (../lib/sbi/nnrf-handler.c:1113)
09/30 15:06:19.932: [sbi] INFO: [7e16f7f6-bce0-41f1-9858-7d3d09d7ba79] Subscription created until 2026-10-01T15:06:19.932687+00:00 [duration:86400000000,validity:86400.000000,patch:43200.000000] (../lib/sbi/nnrf-handler.c:1032)
09/30 15:06:19.932: [sbi] INFO: Setup NF EndPoint(addr) [127.0.0.10:7777] (../lib/sbi/nnrf-handler.c:1113)
09/30 15:06:19.932: [sbi] INFO: [7e16f9c2-bce0-41f1-9858-7d3d09d7ba79] Subscription created until 2026-10-01T15:06:19.932722+00:00 [duration:86400000000,validity:86400.000000,patch:43200.000000] (../lib/sbi/nnrf-handler.c:1032)
09/30 15:06:19.933: [sbi] INFO: [7df08e68-bce0-41f1-83be-271c44a67e80] (NRF-profile-get) NF registered (../lib/sbi/nf-sm.c:104)
09/30 15:06:19.933: [sbi] INFO: [UDR] NFInstance associated [7df08e68-bce0-41f1-83be-271c44a67e80] (../lib/sbi/context.c:2498)
09/30 15:06:19.933: [sbi] INFO: Setup NF EndPoint(addr) [127.0.0.20:80] (../lib/sbi/context.c:2503)
09/30 15:06:19.933: [sbi] INFO: [nudr-dr] NFService associated [7df15bc2-bce0-41f1-83be-271c44a67e80] (../lib/sbi/context.c:2138)
09/30 15:06:19.933: [sbi] INFO: Setup NF EndPoint(addr) [127.0.0.20:7777] (../lib/sbi/context.c:2141)
09/30 15:06:27.989: [sbi] INFO: [7df08e68-bce0-41f1-83be-271c44a67e80] Setup NF Instance [type:UDR] (../lib/sbi/path.c:349)
09/30 15:06:27.992: [sbi] INFO: [7df08e68-bce0-41f1-83be-271c44a67e80] Setup NF Instance [type:UDR] (../lib/sbi/path.c:349)
09/30 15:06:27.992: [sbi] INFO: [7df08e68-bce0-41f1-83be-271c44a67e80] Setup NF Instance [type:UDR] (../lib/sbi/path.c:349)
09/30 15:06:27.992: [sbi] INFO: [7df08e68-bce0-41f1-83be-271c44a67e80] Setup NF Instance [type:UDR] (../lib/sbi/path.c:349)
09/30 15:06:27.992: [sbi] INFO: [7df08e68-bce0-41f1-83be-271c44a67e80] Setup NF Instance [type:UDR] (../lib/sbi/path.c:349)
09/30 15:06:27.992: [sbi] INFO: [7df08e68-bce0-41f1-83be-271c44a67e80] Setup NF Instance [type:UDR] (../lib/sbi/path.c:349)
09/30 15:06:27.993: [sbi] INFO: [7df08e68-bce0-41f1-83be-271c44a67e80] Setup NF Instance [type:UDR] (../lib/sbi/path.c:349)
09/30 15:06:27.994: [sbi] INFO: [7df08e68-bce0-41f1-83be-271c44a67e80] Setup NF Instance [type:UDR] (../lib/sbi/path.c:349)
09/30 15:06:30.486: [sbi] INFO: [7df08e68-bce0-41f1-83be-271c44a67e80] Setup NF Instance [type:UDR] (../lib/sbi/path.c:349)
09/30 15:06:30.488: [sbi] INFO: [7df08e68-bce0-41f1-83be-271c44a67e80] Setup NF Instance [type:UDR] (../lib/sbi/path.c:349)
09/30 15:06:30.492: [sbi] INFO: [7df08e68-bce0-41f1-83be-271c44a67e80] Setup NF Instance [type:UDR] (../lib/sbi/path.c:349)
09/30 15:06:30.492: [sbi] INFO: [7df08e68-bce0-41f1-83be-271c44a67e80] Setup NF Instance [type:UDR] (../lib/sbi/path.c:349)
09/30 15:06:36.010: [sbi] INFO: [7df08e68-bce0-41f1-83be-271c44a67e80] Setup NF Instance [type:UDR] (../lib/sbi/path.c:349)
09/30 15:06:36.216: [sbi] INFO: [7df08e68-bce0-41f1-83be-271c44a67e80] Setup NF Instance [type:UDR] (../lib/sbi/path.c:349)
09/30 15:06:36.424: [sbi] INFO: [7df08e68-bce0-41f1-83be-271c44a67e80] Setup NF Instance [type:UDR] (../lib/sbi/path.c:349)
09/30 15:06:39.677: [sbi] INFO: [7df08e68-bce0-41f1-83be-271c44a67e80] Setup NF Instance [type:UDR] (../lib/sbi/path.c:349)
09/30 15:06:40.089: [sbi] INFO: [7df08e68-bce0-41f1-83be-271c44a67e80] Setup NF Instance [type:UDR] (../lib/sbi/path.c:349)
09/30 15:06:40.914: [sbi] INFO: [7df08e68-bce0-41f1-83be-271c44a67e80] Setup NF Instance [type:UDR] (../lib/sbi/path.c:349)
09/30 15:06:41.329: [sbi] INFO: [7df08e68-bce0-41f1-83be-271c44a67e80] Setup NF Instance [type:UDR] (../lib/sbi/path.c:349)
09/30 15:06:41.741: [sbi] INFO: [7df08e68-bce0-41f1-83be-271c44a67e80] Setup NF Instance [type:UDR] (../lib/sbi/path.c:349)
09/30 15:06:42.564: [sbi] INFO: [7df08e68-bce0-41f1-83be-271c44a67e80] Setup NF Instance [type:UDR] (../lib/sbi/path.c:349)
09/30 15:06:43.800: [sbi] INFO: [7df08e68-bce0-41f1-83be-271c44a67e80] Setup NF Instance [type:UDR] (../lib/sbi/path.c:349)
09/30 15:06:44.211: [sbi] INFO: [7df08e68-bce0-41f1-83be-271c44a67e80] Setup NF Instance [type:UDR] (../lib/sbi/path.c:349)
09/30 15:06:44.624: [sbi] INFO: [7df08e68-bce0-41f1-83be-271c44a67e80] Setup NF Instance [type:UDR] (../lib/sbi/path.c:349)
09/30 15:08:45.347: [app] INFO: SIGTERM received (../src/main.c:54)
09/30 15:08:45.347: [app] INFO: Open5GS daemon terminating... (../src/main.c:231)
09/30 15:08:45.347: [sbi] INFO: [7e167a1a-bce0-41f1-b83d-7d36fe663fe5] NF de-registered (../lib/sbi/nf-sm.c:406)
09/30 15:08:45.352: [app] INFO: UDM terminate...done (../src/udm/app.c:39)
