UERANSIM v3.2.7
[2026-09-30 14:54:32.908] [999700000000011|nas] [info] UE switches to state [MM-DEREGISTERED/PLMN-SEARCH]
[2026-09-30 14:54:32.909] [999700000000012|nas] [info] UE switches to state [MM-DEREGISTERED/PLMN-SEARCH]
[2026-09-30 14:54:32.910] [999700000000011|rrc] [debug] New signal detected for cell[1], total [1] cells in coverage
[2026-09-30 14:54:32.911] [999700000000007|rrc] [debug] New signal detected for cell[1], total [1] cells in coverage
[2026-09-30 14:54:32.910] [999700000000010|nas] [info] UE switches to state [MM-DEREGISTERED/PLMN-SEARCH]
[2026-09-30 14:54:32.910] [999700000000008|nas] [info] UE switches to state [MM-DEREGISTERED/PLMN-SEARCH]
[2026-09-30 14:54:32.910] [999700000000007|nas] [info] UE switches to state [MM-DEREGISTERED/PLMN-SEARCH]
[2026-09-30 14:54:32.915] [999700000000007|nas] [info] Selected plmn[999/70]
[2026-09-30 14:54:32.911] [999700000000008|rrc] [debug] New signal detected for cell[1], total [1] cells in coverage
[2026-09-30 14:54:32.911] [999700000000009|nas] [info] UE switches to state [MM-DEREGISTERED/PLMN-SEARCH]
[2026-09-30 14:54:32.911] [999700000000005|nas] [info] UE switches to state [MM-DEREGISTERED/PLMN-SEARCH]
[2026-09-30 14:54:32.910] [999700000000012|rrc] [debug] New signal detected for cell[1], total [1] cells in coverage
[2026-09-30 14:54:32.912] [999700000000005|rrc] [debug] New signal detected for cell[1], total [1] cells in coverage
[2026-09-30 14:54:32.912] [999700000000004|nas] [info] UE switches to state [MM-DEREGISTERED/PLMN-SEARCH]
[2026-09-30 14:54:32.912] [999700000000009|rrc] [debug] New signal detected for cell[1], total [1] cells in coverage
[2026-09-30 14:54:32.912] [999700000000003|nas] [info] UE switches to state [MM-DEREGISTERED/PLMN-SEARCH]
[2026-09-30 14:54:32.912] [999700000000004|rrc] [debug] New signal detected for cell[1], total [1] cells in coverage
[2026-09-30 14:54:32.920] [999700000000004|nas] [info] Selected plmn[999/70]
[2026-09-30 14:54:32.921] [999700000000004|rrc] [info] Selected cell plmn[999/70] tac[1] category[SUITABLE]
[2026-09-30 14:54:32.913] [999700000000011|nas] [info] Selected plmn[999/70]
[2026-09-30 14:54:32.913] [999700000000006|nas] [info] UE switches to state [MM-DEREGISTERED/PLMN-SEARCH]
[2026-09-30 14:54:32.913] [999700000000002|rrc] [debug] New signal detected for cell[1], total [1] cells in coverage
[2026-09-30 14:54:32.913] [999700000000001|nas] [info] UE switches to state [MM-DEREGISTERED/PLMN-SEARCH]
[2026-09-30 14:54:32.913] [999700000000006|rrc] [debug] New signal detected for cell[1], total [1] cells in coverage
[2026-09-30 14:54:32.924] [999700000000006|nas] [info] Selected plmn[999/70]
[2026-09-30 14:54:32.911] [999700000000010|rrc] [debug] New signal detected for cell[1], total [1] cells in coverage
[2026-09-30 14:54:32.916] [999700000000008|nas] [info] Selected plmn[999/70]
[2026-09-30 14:54:32.917] [999700000000012|nas] [info] Selected plmn[999/70]
[2026-09-30 14:54:32.926] [999700000000012|rrc] [info] Selected cell plmn[999/70] tac[1] category[SUITABLE]
[2026-09-30 14:54:32.919] [999700000000009|nas] [info] Selected plmn[999/70]
[2026-09-30 14:54:32.912] [999700000000002|nas] [info] UE switches to state [MM-DEREGISTERED/PLMN-SEARCH]
[2026-09-30 14:54:32.928] [999700000000002|nas] [info] Selected plmn[999/70]
[2026-09-30 14:54:32.921] [999700000000004|nas] [info] UE switches to state [MM-DEREGISTERED/PS]
[2026-09-30 14:54:32.929] [999700000000004|nas] [info] UE switches to state [MM-DEREGISTERED/NORMAL-SERVICE]
[2026-09-30 14:54:32.930] [999700000000004|nas] [debug] Initial registration required due to [MM-DEREG-NORMAL-SERVICE]
[2026-09-30 14:54:32.925] [999700000000006|rrc] [info] Selected cell plmn[999/70] tac[1] category[SUITABLE]
[2026-09-30 14:54:32.926] [999700000000010|nas] [info] Selected plmn[999/70]
[2026-09-30 14:54:32.932] [999700000000010|rrc] [info] Selected cell plmn[999/70] tac[1] category[SUITABLE]
[2026-09-30 14:54:32.918] [999700000000005|nas] [info] Selected plmn[999/70]
[2026-09-30 14:54:32.927] [999700000000012|nas] [info] UE switches to state [MM-DEREGISTERED/PS]
[2026-09-30 14:54:32.934] [999700000000012|nas] [info] UE switches to state [MM-DEREGISTERED/NORMAL-SERVICE]
[2026-09-30 14:54:32.934] [999700000000012|nas] [debug] Initial registration required due to [MM-DEREG-NORMAL-SERVICE]
[2026-09-30 14:54:32.929] [999700000000002|rrc] [info] Selected cell plmn[999/70] tac[1] category[SUITABLE]
[2026-09-30 14:54:32.922] [999700000000011|rrc] [info] Selected cell plmn[999/70] tac[1] category[SUITABLE]
[2026-09-30 14:54:32.936] [999700000000011|nas] [info] UE switches to state [MM-DEREGISTERED/PS]
[2026-09-30 14:54:32.937] [999700000000011|nas] [info] UE switches to state [MM-DEREGISTERED/NORMAL-SERVICE]
[2026-09-30 14:54:32.938] [999700000000011|nas] [debug] Initial registration required due to [MM-DEREG-NORMAL-SERVICE]
[2026-09-30 14:54:32.938] [999700000000011|nas] [debug] UAC access attempt is allowed for identity[0], category[MO_sig]
[2026-09-30 14:54:32.939] [999700000000011|nas] [debug] Sending Initial Registration
[2026-09-30 14:54:32.933] [999700000000005|rrc] [info] Selected cell plmn[999/70] tac[1] category[SUITABLE]
[2026-09-30 14:54:32.928] [999700000000009|rrc] [info] Selected cell plmn[999/70] tac[1] category[SUITABLE]
[2026-09-30 14:54:32.912] [999700000000003|rrc] [debug] New signal detected for cell[1], total [1] cells in coverage
[2026-09-30 14:54:32.941] [999700000000003|nas] [info] Selected plmn[999/70]
[2026-09-30 14:54:32.936] [999700000000002|nas] [info] UE switches to state [MM-DEREGISTERED/PS]
[2026-09-30 14:54:32.942] [999700000000002|nas] [info] UE switches to state [MM-DEREGISTERED/NORMAL-SERVICE]
[2026-09-30 14:54:32.943] [999700000000002|nas] [debug] Initial registration required due to [MM-DEREG-NORMAL-SERVICE]
[2026-09-30 14:54:32.931] [999700000000006|nas] [info] UE switches to state [MM-DEREGISTERED/PS]
[2026-09-30 14:54:32.944] [999700000000006|nas] [info] UE switches to state [MM-DEREGISTERED/NORMAL-SERVICE]
[2026-09-30 14:54:32.944] [999700000000006|nas] [debug] Initial registration required due to [MM-DEREG-NORMAL-SERVICE]
[2026-09-30 14:54:32.945] [999700000000006|nas] [debug] UAC access attempt is allowed for identity[0], category[MO_sig]
[2026-09-30 14:54:32.946] [999700000000006|nas] [debug] Sending Initial Registration
[2026-09-30 14:54:32.940] [999700000000005|nas] [info] UE switches to state [MM-DEREGISTERED/PS]
[2026-09-30 14:54:32.947] [999700000000005|nas] [info] UE switches to state [MM-DEREGISTERED/NORMAL-SERVICE]
[2026-09-30 14:54:32.948] [999700000000005|nas] [debug] Initial registration required due to [MM-DEREG-NORMAL-SERVICE]
[2026-09-30 14:54:32.942] [999700000000003|rrc] [info] Selected cell plmn[999/70] tac[1] category[SUITABLE]
[2026-09-30 14:54:32.914] [999700000000001|rrc] [debug] New signal detected for cell[1], total [1] cells in coverage
[2026-09-30 14:54:32.931] [999700000000004|nas] [debug] UAC access attempt is allowed for identity[0], category[MO_sig]
[2026-09-30 14:54:32.950] [999700000000004|nas] [debug] Sending Initial Registration
[2026-09-30 14:54:32.951] [999700000000004|nas] [info] UE switches to state [MM-REGISTER-INITIATED]
[2026-09-30 14:54:32.932] [999700000000010|nas] [info] UE switches to state [MM-DEREGISTERED/PS]
[2026-09-30 14:54:32.952] [999700000000010|nas] [info] UE switches to state [MM-DEREGISTERED/NORMAL-SERVICE]
[2026-09-30 14:54:32.953] [999700000000010|nas] [debug] Initial registration required due to [MM-DEREG-NORMAL-SERVICE]
[2026-09-30 14:54:32.946] [999700000000006|nas] [info] UE switches to state [MM-REGISTER-INITIATED]
[2026-09-30 14:54:32.946] [999700000000006|rrc] [debug] Sending RRC Setup Request
[2026-09-30 14:54:32.941] [999700000000009|nas] [info] UE switches to state [MM-DEREGISTERED/PS]
[2026-09-30 14:54:32.955] [999700000000009|nas] [info] UE switches to state [MM-DEREGISTERED/NORMAL-SERVICE]
[2026-09-30 14:54:32.956] [999700000000009|nas] [debug] Initial registration required due to [MM-DEREG-NORMAL-SERVICE]
[2026-09-30 14:54:32.949] [999700000000003|nas] [info] UE switches to state [MM-DEREGISTERED/PS]
[2026-09-30 14:54:32.957] [999700000000003|nas] [info] UE switches to state [MM-DEREGISTERED/NORMAL-SERVICE]
[2026-09-30 14:54:32.958] [999700000000003|nas] [debug] Initial registration required due to [MM-DEREG-NORMAL-SERVICE]
[2026-09-30 14:54:32.951] [999700000000004|rrc] [debug] Sending RRC Setup Request
[2026-09-30 14:54:32.926] [999700000000008|rrc] [info] Selected cell plmn[999/70] tac[1] category[SUITABLE]
[2026-09-30 14:54:32.939] [999700000000011|nas] [info] UE switches to state [MM-REGISTER-INITIATED]
[2026-09-30 14:54:32.939] [999700000000011|rrc] [debug] Sending RRC Setup Request
[2026-09-30 14:54:32.953] [999700000000010|nas] [debug] UAC access attempt is allowed for identity[0], category[MO_sig]
[2026-09-30 14:54:32.961] [999700000000010|nas] [debug] Sending Initial Registration
[2026-09-30 14:54:32.961] [999700000000010|nas] [info] UE switches to state [MM-REGISTER-INITIATED]
[2026-09-30 14:54:32.948] [999700000000005|nas] [debug] UAC access attempt is allowed for identity[0], category[MO_sig]
[2026-09-30 14:54:32.962] [999700000000005|nas] [debug] Sending Initial Registration
[2026-09-30 14:54:32.949] [999700000000001|nas] [info] Selected plmn[999/70]
[2026-09-30 14:54:32.943] [999700000000002|nas] [debug] UAC access attempt is allowed for identity[0], category[MO_sig]
[2026-09-30 14:54:32.964] [999700000000002|nas] [debug] Sending Initial Registration
[2026-09-30 14:54:32.960] [999700000000004|rrc] [info] RRC connection established
[2026-09-30 14:54:32.965] [999700000000004|rrc] [info] UE switches to state [RRC-CONNECTED]
[2026-09-30 14:54:32.965] [999700000000004|nas] [info] UE switches to state [CM-CONNECTED]
[2026-09-30 14:54:32.961] [999700000000010|rrc] [debug] Sending RRC Setup Request
[2026-09-30 14:54:32.956] [999700000000006|rrc] [info] RRC connection established
[2026-09-30 14:54:32.966] [999700000000006|rrc] [info] UE switches to state [RRC-CONNECTED]
[2026-09-30 14:54:32.967] [999700000000006|nas] [info] UE switches to state [CM-CONNECTED]
[2026-09-30 14:54:32.963] [999700000000005|nas] [info] UE switches to state [MM-REGISTER-INITIATED]
[2026-09-30 14:54:32.963] [999700000000005|rrc] [debug] Sending RRC Setup Request
[2026-09-30 14:54:32.963] [999700000000001|rrc] [info] Selected cell plmn[999/70] tac[1] category[SUITABLE]
[2026-09-30 14:54:32.959] [999700000000003|nas] [debug] UAC access attempt is allowed for identity[0], category[MO_sig]
[2026-09-30 14:54:32.969] [999700000000003|nas] [debug] Sending Initial Registration
[2026-09-30 14:54:32.964] [999700000000002|rrc] [debug] Sending RRC Setup Request
[2026-09-30 14:54:32.960] [999700000000008|nas] [info] UE switches to state [MM-DEREGISTERED/PS]
[2026-09-30 14:54:32.970] [999700000000008|nas] [info] UE switches to state [MM-DEREGISTERED/NORMAL-SERVICE]
[2026-09-30 14:54:32.970] [999700000000008|nas] [debug] Initial registration required due to [MM-DEREG-NORMAL-SERVICE]
[2026-09-30 14:54:32.966] [999700000000010|rrc] [info] RRC connection established
[2026-09-30 14:54:32.971] [999700000000010|rrc] [info] UE switches to state [RRC-CONNECTED]
[2026-09-30 14:54:32.971] [999700000000010|nas] [info] UE switches to state [CM-CONNECTED]
[2026-09-30 14:54:32.969] [999700000000005|rrc] [info] RRC connection established
[2026-09-30 14:54:32.972] [999700000000005|rrc] [info] UE switches to state [RRC-CONNECTED]
[2026-09-30 14:54:32.969] [999700000000003|nas] [info] UE switches to state [MM-REGISTER-INITIATED]
[2026-09-30 14:54:32.969] [999700000000003|rrc] [debug] Sending RRC Setup Request
[2026-09-30 14:54:32.935] [999700000000012|nas] [debug] UAC access attempt is allowed for identity[0], category[MO_sig]
[2026-09-30 14:54:32.974] [999700000000012|nas] [debug] Sending Initial Registration
[2026-09-30 14:54:32.961] [999700000000011|rrc] [info] RRC connection established
[2026-09-30 14:54:32.975] [999700000000011|rrc] [info] UE switches to state [RRC-CONNECTED]
[2026-09-30 14:54:32.975] [999700000000011|nas] [info] UE switches to state [CM-CONNECTED]
[2026-09-30 14:54:32.968] [999700000000001|nas] [info] UE switches to state [MM-DEREGISTERED/PS]
[2026-09-30 14:54:32.975] [999700000000001|nas] [info] UE switches to state [MM-DEREGISTERED/NORMAL-SERVICE]
[2026-09-30 14:54:32.976] [999700000000001|nas] [debug] Initial registration required due to [MM-DEREG-NORMAL-SERVICE]
[2026-09-30 14:54:32.974] [999700000000006|nas] [debug] Authentication Request received
[2026-09-30 14:54:32.977] [999700000000006|nas] [debug] Received SQN [000000000000]
[2026-09-30 14:54:32.978] [999700000000006|nas] [debug] SQN-MS [000000000000]
[2026-09-30 14:54:32.978] [999700000000006|nas] [debug] Sending Authentication Failure due to SQN out of range
[2026-09-30 14:54:32.974] [999700000000012|rrc] [debug] Sending RRC Setup Request
[2026-09-30 14:54:32.971] [999700000000008|nas] [debug] UAC access attempt is allowed for identity[0], category[MO_sig]
[2026-09-30 14:54:32.980] [999700000000008|nas] [debug] Sending Initial Registration
[2026-09-30 14:54:32.964] [999700000000002|nas] [info] UE switches to state [MM-REGISTER-INITIATED]
[2026-09-30 14:54:32.973] [999700000000005|nas] [info] UE switches to state [CM-CONNECTED]
[2026-09-30 14:54:32.977] [999700000000001|nas] [debug] UAC access attempt is allowed for identity[0], category[MO_sig]
[2026-09-30 14:54:32.982] [999700000000001|nas] [debug] Sending Initial Registration
[2026-09-30 14:54:32.983] [999700000000001|nas] [info] UE switches to state [MM-REGISTER-INITIATED]
[2026-09-30 14:54:32.974] [999700000000003|rrc] [info] RRC connection established
[2026-09-30 14:54:32.957] [999700000000009|nas] [debug] UAC access attempt is allowed for identity[0], category[MO_sig]
[2026-09-30 14:54:32.984] [999700000000009|nas] [debug] Sending Initial Registration
[2026-09-30 14:54:32.981] [999700000000008|nas] [info] UE switches to state [MM-REGISTER-INITIATED]
[2026-09-30 14:54:32.981] [999700000000008|rrc] [debug] Sending RRC Setup Request
[2026-09-30 14:54:32.970] [999700000000002|rrc] [info] RRC connection established
[2026-09-30 14:54:32.986] [999700000000002|rrc] [info] UE switches to state [RRC-CONNECTED]
[2026-09-30 14:54:32.974] [999700000000012|nas] [info] UE switches to state [MM-REGISTER-INITIATED]
[2026-09-30 14:54:32.984] [999700000000003|rrc] [info] UE switches to state [RRC-CONNECTED]
[2026-09-30 14:54:32.980] [999700000000012|rrc] [info] RRC connection established
[2026-09-30 14:54:32.988] [999700000000012|rrc] [info] UE switches to state [RRC-CONNECTED]
[2026-09-30 14:54:32.985] [999700000000009|rrc] [debug] Sending RRC Setup Request
[2026-09-30 14:54:32.983] [999700000000001|rrc] [debug] Sending RRC Setup Request
[2026-09-30 14:54:32.986] [999700000000002|nas] [info] UE switches to state [CM-CONNECTED]
[2026-09-30 14:54:32.986] [999700000000008|rrc] [info] RRC connection established
[2026-09-30 14:54:32.990] [999700000000008|rrc] [info] UE switches to state [RRC-CONNECTED]
[2026-09-30 14:54:32.985] [999700000000009|nas] [info] UE switches to state [MM-REGISTER-INITIATED]
[2026-09-30 14:54:32.989] [999700000000012|nas] [info] UE switches to state [CM-CONNECTED]
[2026-09-30 14:54:32.990] [999700000000009|rrc] [info] RRC connection established
[2026-09-30 14:54:32.992] [999700000000009|rrc] [info] UE switches to state [RRC-CONNECTED]
[2026-09-30 14:54:32.993] [999700000000009|nas] [info] UE switches to state [CM-CONNECTED]
[2026-09-30 14:54:32.991] [999700000000008|nas] [info] UE switches to state [CM-CONNECTED]
[2026-09-30 14:54:32.987] [999700000000003|nas] [info] UE switches to state [CM-CONNECTED]
[2026-09-30 14:54:32.990] [999700000000001|rrc] [info] RRC connection established
[2026-09-30 14:54:32.994] [999700000000001|rrc] [info] UE switches to state [RRC-CONNECTED]
[2026-09-30 14:54:32.995] [999700000000001|nas] [info] UE switches to state [CM-CONNECTED]
[2026-09-30 14:54:33.007] [999700000000004|nas] [debug] Authentication Request received
[2026-09-30 14:54:33.007] [999700000000004|nas] [debug] Received SQN [000000000000]
[2026-09-30 14:54:33.007] [999700000000004|nas] [debug] SQN-MS [000000000000]
[2026-09-30 14:54:33.008] [999700000000004|nas] [debug] Sending Authentication Failure due to SQN out of range
[2026-09-30 14:54:33.014] [999700000000011|nas] [debug] Authentication Request received
[2026-09-30 14:54:33.015] [999700000000011|nas] [debug] Received SQN [000000000000]
[2026-09-30 14:54:33.015] [999700000000011|nas] [debug] SQN-MS [000000000000]
[2026-09-30 14:54:33.015] [999700000000011|nas] [debug] Sending Authentication Failure due to SQN out of range
[2026-09-30 14:54:33.025] [999700000000010|nas] [debug] Authentication Request received
[2026-09-30 14:54:33.025] [999700000000010|nas] [debug] Received SQN [000000000000]
[2026-09-30 14:54:33.025] [999700000000010|nas] [debug] SQN-MS [000000000000]
[2026-09-30 14:54:33.026] [999700000000010|nas] [debug] Sending Authentication Failure due to SQN out of range
[2026-09-30 14:54:33.026] [999700000000005|nas] [debug] Authentication Request received
[2026-09-30 14:54:33.026] [999700000000005|nas] [debug] Received SQN [000000000000]
[2026-09-30 14:54:33.027] [999700000000005|nas] [debug] SQN-MS [000000000000]
[2026-09-30 14:54:33.028] [999700000000005|nas] [debug] Sending Authentication Failure due to SQN out of range
[2026-09-30 14:54:33.036] [999700000000002|nas] [debug] Authentication Request received
[2026-09-30 14:54:33.036] [999700000000002|nas] [debug] Received SQN [000000000000]
[2026-09-30 14:54:33.037] [999700000000002|nas] [debug] SQN-MS [000000000000]
[2026-09-30 14:54:33.037] [999700000000002|nas] [debug] Sending Authentication Failure due to SQN out of range
[2026-09-30 14:54:33.047] [999700000000003|nas] [debug] Authentication Request received
[2026-09-30 14:54:33.048] [999700000000003|nas] [debug] Received SQN [000000000000]
[2026-09-30 14:54:33.048] [999700000000003|nas] [debug] SQN-MS [000000000000]
[2026-09-30 14:54:33.049] [999700000000003|nas] [debug] Sending Authentication Failure due to SQN out of range
[2026-09-30 14:54:33.056] [999700000000006|nas] [debug] Authentication Request received
[2026-09-30 14:54:33.057] [999700000000006|nas] [debug] Received SQN [000000000021]
[2026-09-30 14:54:33.057] [999700000000006|nas] [debug] SQN-MS [000000000000]
[2026-09-30 14:54:33.066] [999700000000012|nas] [debug] Authentication Request received
[2026-09-30 14:54:33.066] [999700000000012|nas] [debug] Received SQN [000000000000]
[2026-09-30 14:54:33.067] [999700000000012|nas] [debug] SQN-MS [000000000000]
[2026-09-30 14:54:33.067] [999700000000012|nas] [debug] Sending Authentication Failure due to SQN out of range
[2026-09-30 14:54:33.068] [999700000000008|nas] [debug] Authentication Request received
[2026-09-30 14:54:33.068] [999700000000008|nas] [debug] Received SQN [000000000000]
[2026-09-30 14:54:33.069] [999700000000008|nas] [debug] SQN-MS [000000000000]
[2026-09-30 14:54:33.069] [999700000000008|nas] [debug] Sending Authentication Failure due to SQN out of range
[2026-09-30 14:54:33.070] [999700000000009|nas] [debug] Authentication Request received
[2026-09-30 14:54:33.071] [999700000000009|nas] [debug] Received SQN [000000000000]
[2026-09-30 14:54:33.071] [999700000000009|nas] [debug] SQN-MS [000000000000]
[2026-09-30 14:54:33.071] [999700000000009|nas] [debug] Sending Authentication Failure due to SQN out of range
[2026-09-30 14:54:33.103] [999700000000004|nas] [debug] Authentication Request received
[2026-09-30 14:54:33.103] [999700000000004|nas] [debug] Received SQN [000000000021]
[2026-09-30 14:54:33.104] [999700000000004|nas] [debug] SQN-MS [000000000000]
[2026-09-30 14:54:33.114] [999700000000001|nas] [debug] Authentication Request received
[2026-09-30 14:54:33.114] [999700000000001|nas] [debug] Received SQN [000000000000]
[2026-09-30 14:54:33.115] [999700000000001|nas] [debug] SQN-MS [000000000000]
[2026-09-30 14:54:33.115] [999700000000001|nas] [debug] Sending Authentication Failure due to SQN out of range
[2026-09-30 14:54:33.120] [999700000000010|nas] [debug] Authentication Request received
[2026-09-30 14:54:33.120] [999700000000010|nas] [debug] Received SQN [000000000021]
[2026-09-30 14:54:33.121] [999700000000010|nas] [debug] SQN-MS [000000000000]
[2026-09-30 14:54:33.120] [999700000000011|nas] [debug] Authentication Request received
[2026-09-30 14:54:33.122] [999700000000008|nas] [debug] Authentication Request received
[2026-09-30 14:54:33.122] [999700000000008|nas] [debug] Received SQN [000000000021]
[2026-09-30 14:54:33.123] [999700000000008|nas] [debug] SQN-MS [000000000000]
[2026-09-30 14:54:33.122] [999700000000003|nas] [debug] Authentication Request received
[2026-09-30 14:54:33.124] [999700000000003|nas] [debug] Received SQN [000000000021]
[2026-09-30 14:54:33.124] [999700000000003|nas] [debug] SQN-MS [000000000000]
[2026-09-30 14:54:33.122] [999700000000002|nas] [debug] Authentication Request received
[2026-09-30 14:54:33.125] [999700000000002|nas] [debug] Received SQN [000000000021]
[2026-09-30 14:54:33.126] [999700000000002|nas] [debug] SQN-MS [000000000000]
[2026-09-30 14:54:33.122] [999700000000005|nas] [debug] Authentication Request received
[2026-09-30 14:54:33.126] [999700000000005|nas] [debug] Received SQN [000000000021]
[2026-09-30 14:54:33.127] [999700000000005|nas] [debug] SQN-MS [000000000000]
[2026-09-30 14:54:33.122] [999700000000012|nas] [debug] Authentication Request received
[2026-09-30 14:54:33.127] [999700000000012|nas] [debug] Received SQN [000000000021]
[2026-09-30 14:54:33.128] [999700000000012|nas] [debug] SQN-MS [000000000000]
[2026-09-30 14:54:33.122] [999700000000006|nas] [debug] Security Mode Command received
[2026-09-30 14:54:33.122] [999700000000011|nas] [debug] Received SQN [000000000021]
[2026-09-30 14:54:33.129] [999700000000011|nas] [debug] SQN-MS [000000000000]
[2026-09-30 14:54:33.129] [999700000000006|nas] [debug] Selected integrity[2] ciphering[0]
[2026-09-30 14:54:33.133] [999700000000004|nas] [debug] Security Mode Command received
[2026-09-30 14:54:33.133] [999700000000004|nas] [debug] Selected integrity[2] ciphering[0]
[2026-09-30 14:54:33.143] [999700000000009|nas] [debug] Authentication Request received
[2026-09-30 14:54:33.143] [999700000000009|nas] [debug] Received SQN [000000000021]
[2026-09-30 14:54:33.143] [999700000000009|nas] [debug] SQN-MS [000000000000]
[2026-09-30 14:54:33.150] [999700000000001|nas] [debug] Authentication Request received
[2026-09-30 14:54:33.150] [999700000000001|nas] [debug] Received SQN [000000000021]
[2026-09-30 14:54:33.150] [999700000000001|nas] [debug] SQN-MS [000000000000]
[2026-09-30 14:54:33.153] [999700000000010|nas] [debug] Security Mode Command received
[2026-09-30 14:54:33.153] [999700000000010|nas] [debug] Selected integrity[2] ciphering[0]
[2026-09-30 14:54:33.171] [999700000000009|nas] [debug] Security Mode Command received
[2026-09-30 14:54:33.172] [999700000000009|nas] [debug] Selected integrity[2] ciphering[0]
[2026-09-30 14:54:33.171] [999700000000005|nas] [debug] Security Mode Command received
[2026-09-30 14:54:33.172] [999700000000008|nas] [debug] Security Mode Command received
[2026-09-30 14:54:33.172] [999700000000001|nas] [debug] Security Mode Command received
[2026-09-30 14:54:33.174] [999700000000001|nas] [debug] Selected integrity[2] ciphering[0]
[2026-09-30 14:54:33.172] [999700000000011|nas] [debug] Security Mode Command received
[2026-09-30 14:54:33.174] [999700000000011|nas] [debug] Selected integrity[2] ciphering[0]
[2026-09-30 14:54:33.172] [999700000000003|nas] [debug] Security Mode Command received
[2026-09-30 14:54:33.176] [999700000000003|nas] [debug] Selected integrity[2] ciphering[0]
[2026-09-30 14:54:33.173] [999700000000008|nas] [debug] Selected integrity[2] ciphering[0]
[2026-09-30 14:54:33.172] [999700000000012|nas] [debug] Security Mode Command received
[2026-09-30 14:54:33.177] [999700000000012|nas] [debug] Selected integrity[2] ciphering[0]
[2026-09-30 14:54:33.173] [999700000000005|nas] [debug] Selected integrity[2] ciphering[0]
[2026-09-30 14:54:33.172] [999700000000002|nas] [debug] Security Mode Command received
[2026-09-30 14:54:33.178] [999700000000002|nas] [debug] Selected integrity[2] ciphering[0]
[2026-09-30 14:54:33.192] [999700000000006|nas] [debug] Registration accept received
[2026-09-30 14:54:33.192] [999700000000006|nas] [info] UE switches to state [MM-REGISTERED/NORMAL-SERVICE]
[2026-09-30 14:54:33.193] [999700000000006|nas] [debug] Sending Registration Complete
[2026-09-30 14:54:33.193] [999700000000006|nas] [info] Initial Registration is successful
[2026-09-30 14:54:33.193] [999700000000004|nas] [debug] Registration accept received
[2026-09-30 14:54:33.194] [999700000000004|nas] [info] UE switches to state [MM-REGISTERED/NORMAL-SERVICE]
[2026-09-30 14:54:33.194] [999700000000004|nas] [debug] Sending Registration Complete
[2026-09-30 14:54:33.194] [999700000000004|nas] [info] Initial Registration is successful
[2026-09-30 14:54:33.223] [999700000000010|nas] [debug] Registration accept received
[2026-09-30 14:54:33.224] [999700000000010|nas] [info] UE switches to state [MM-REGISTERED/NORMAL-SERVICE]
[2026-09-30 14:54:33.224] [999700000000010|nas] [debug] Sending Registration Complete
[2026-09-30 14:54:33.225] [999700000000010|nas] [info] Initial Registration is successful
[2026-09-30 14:54:33.227] [999700000000006|nas] [debug] Configuration Update Command received
[2026-09-30 14:54:33.231] [999700000000004|nas] [debug] Configuration Update Command received
[2026-09-30 14:54:33.236] [999700000000010|nas] [debug] Configuration Update Command received
[2026-09-30 14:54:33.260] [999700000000009|nas] [debug] Registration accept received
[2026-09-30 14:54:33.261] [999700000000009|nas] [info] UE switches to state [MM-REGISTERED/NORMAL-SERVICE]
[2026-09-30 14:54:33.261] [999700000000009|nas] [debug] Sending Registration Complete
[2026-09-30 14:54:33.262] [999700000000009|nas] [info] Initial Registration is successful
[2026-09-30 14:54:33.296] [999700000000001|nas] [debug] Registration accept received
[2026-09-30 14:54:33.297] [999700000000001|nas] [info] UE switches to state [MM-REGISTERED/NORMAL-SERVICE]
[2026-09-30 14:54:33.297] [999700000000001|nas] [debug] Sending Registration Complete
[2026-09-30 14:54:33.297] [999700000000008|nas] [debug] Registration accept received
[2026-09-30 14:54:33.298] [999700000000008|nas] [info] UE switches to state [MM-REGISTERED/NORMAL-SERVICE]
[2026-09-30 14:54:33.298] [999700000000008|nas] [debug] Sending Registration Complete
[2026-09-30 14:54:33.299] [999700000000008|nas] [info] Initial Registration is successful
[2026-09-30 14:54:33.297] [999700000000001|nas] [info] Initial Registration is successful
[2026-09-30 14:54:33.300] [999700000000009|nas] [debug] Configuration Update Command received
[2026-09-30 14:54:33.306] [999700000000001|nas] [debug] Configuration Update Command received
[2026-09-30 14:54:33.309] [999700000000008|nas] [debug] Configuration Update Command received
[2026-09-30 14:54:33.315] [999700000000002|nas] [debug] Registration accept received
[2026-09-30 14:54:33.315] [999700000000002|nas] [info] UE switches to state [MM-REGISTERED/NORMAL-SERVICE]
[2026-09-30 14:54:33.315] [999700000000002|nas] [debug] Sending Registration Complete
[2026-09-30 14:54:33.316] [999700000000002|nas] [info] Initial Registration is successful
[2026-09-30 14:54:33.318] [999700000000012|nas] [debug] Registration accept received
[2026-09-30 14:54:33.318] [999700000000012|nas] [info] UE switches to state [MM-REGISTERED/NORMAL-SERVICE]
[2026-09-30 14:54:33.319] [999700000000012|nas] [debug] Sending Registration Complete
[2026-09-30 14:54:33.318] [999700000000011|nas] [debug] Registration accept received
[2026-09-30 14:54:33.320] [999700000000011|nas] [info] UE switches to state [MM-REGISTERED/NORMAL-SERVICE]
[2026-09-30 14:54:33.321] [999700000000011|nas] [debug] Sending Registration Complete
[2026-09-30 14:54:33.321] [999700000000011|nas] [info] Initial Registration is successful
[2026-09-30 14:54:33.320] [999700000000012|nas] [info] Initial Registration is successful
[2026-09-30 14:54:33.322] [999700000000003|nas] [debug] Registration accept received
[2026-09-30 14:54:33.323] [999700000000003|nas] [info] UE switches to state [MM-REGISTERED/NORMAL-SERVICE]
[2026-09-30 14:54:33.324] [999700000000003|nas] [debug] Sending Registration Complete
[2026-09-30 14:54:33.324] [999700000000003|nas] [info] Initial Registration is successful
[2026-09-30 14:54:33.323] [999700000000002|nas] [debug] Configuration Update Command received
[2026-09-30 14:54:33.323] [999700000000005|nas] [debug] Registration accept received
[2026-09-30 14:54:33.326] [999700000000005|nas] [info] UE switches to state [MM-REGISTERED/NORMAL-SERVICE]
[2026-09-30 14:54:33.326] [999700000000005|nas] [debug] Sending Registration Complete
[2026-09-30 14:54:33.327] [999700000000005|nas] [info] Initial Registration is successful
[2026-09-30 14:54:33.326] [999700000000012|nas] [debug] Configuration Update Command received
[2026-09-30 14:54:33.330] [999700000000011|nas] [debug] Configuration Update Command received
[2026-09-30 14:54:33.335] [999700000000003|nas] [debug] Configuration Update Command received
[2026-09-30 14:54:33.338] [999700000000005|nas] [debug] Configuration Update Command received
[2026-09-30 14:54:35.411] [999700000000007|rrc] [info] Selected cell plmn[999/70] tac[1] category[SUITABLE]
[2026-09-30 14:54:35.411] [999700000000007|nas] [info] UE switches to state [MM-DEREGISTERED/PS]
[2026-09-30 14:54:35.412] [999700000000007|nas] [info] UE switches to state [MM-DEREGISTERED/NORMAL-SERVICE]
[2026-09-30 14:54:35.412] [999700000000007|nas] [debug] Initial registration required due to [MM-DEREG-NORMAL-SERVICE]
[2026-09-30 14:54:35.412] [999700000000007|nas] [debug] UAC access attempt is allowed for identity[0], category[MO_sig]
[2026-09-30 14:54:35.413] [999700000000007|nas] [debug] Sending Initial Registration
[2026-09-30 14:54:35.414] [999700000000007|nas] [info] UE switches to state [MM-REGISTER-INITIATED]
[2026-09-30 14:54:35.414] [999700000000007|rrc] [debug] Sending RRC Setup Request
[2026-09-30 14:54:35.415] [999700000000007|rrc] [info] RRC connection established
[2026-09-30 14:54:35.415] [999700000000007|rrc] [info] UE switches to state [RRC-CONNECTED]
[2026-09-30 14:54:35.416] [999700000000007|nas] [info] UE switches to state [CM-CONNECTED]
[2026-09-30 14:54:35.428] [999700000000007|nas] [debug] Authentication Request received
[2026-09-30 14:54:35.428] [999700000000007|nas] [debug] Received SQN [000000000000]
[2026-09-30 14:54:35.429] [999700000000007|nas] [debug] SQN-MS [000000000000]
[2026-09-30 14:54:35.429] [999700000000007|nas] [debug] Sending Authentication Failure due to SQN out of range
[2026-09-30 14:54:35.437] [999700000000007|nas] [debug] Authentication Request received
[2026-09-30 14:54:35.438] [999700000000007|nas] [debug] Received SQN [000000000021]
[2026-09-30 14:54:35.438] [999700000000007|nas] [debug] SQN-MS [000000000000]
[2026-09-30 14:54:35.445] [999700000000007|nas] [debug] Security Mode Command received
[2026-09-30 14:54:35.446] [999700000000007|nas] [debug] Selected integrity[2] ciphering[0]
[2026-09-30 14:54:35.467] [999700000000007|nas] [debug] Registration accept received
[2026-09-30 14:54:35.468] [999700000000007|nas] [info] UE switches to state [MM-REGISTERED/NORMAL-SERVICE]
[2026-09-30 14:54:35.468] [999700000000007|nas] [debug] Sending Registration Complete
[2026-09-30 14:54:35.468] [999700000000007|nas] [info] Initial Registration is successful
[2026-09-30 14:54:35.673] [999700000000007|nas] [debug] Configuration Update Command received
[2026-09-30 14:54:40.917] [999700000000001|nas] [debug] Sending PDU Session Establishment Request
[2026-09-30 14:54:41.019] [999700000000001|nas] [error] No response from RRC from UAC checks, considering access attempt is barred
[2026-09-30 14:54:41.334] [999700000000002|nas] [debug] Sending PDU Session Establishment Request
[2026-09-30 14:54:41.436] [999700000000002|nas] [error] No response from RRC from UAC checks, considering access attempt is barred
[2026-09-30 14:54:41.753] [999700000000003|nas] [debug] Sending PDU Session Establishment Request
[2026-09-30 14:54:41.855] [999700000000003|nas] [error] No response from RRC from UAC checks, considering access attempt is barred
[2026-09-30 14:54:45.484] [999700000000005|nas] [debug] Sending PDU Session Establishment Request
[2026-09-30 14:54:45.586] [999700000000005|nas] [error] No response from RRC from UAC checks, considering access attempt is barred
[2026-09-30 14:54:46.213] [999700000000006|nas] [debug] Sending PDU Session Establishment Request
[2026-09-30 14:54:46.315] [999700000000006|nas] [error] No response from RRC from UAC checks, considering access attempt is barred
[2026-09-30 14:54:46.941] [999700000000001|nas] [debug] Sending PDU Session Establishment Request
[2026-09-30 14:54:47.043] [999700000000001|nas] [error] No response from RRC from UAC checks, considering access attempt is barred
[2026-09-30 14:54:47.669] [999700000000012|nas] [debug] Sending PDU Session Establishment Request
[2026-09-30 14:54:47.771] [999700000000012|nas] [error] No response from RRC from UAC checks, considering access attempt is barred
[2026-09-30 14:54:48.398] [999700000000007|nas] [debug] Sending PDU Session Establishment Request
[2026-09-30 14:54:48.500] [999700000000007|nas] [error] No response from RRC from UAC checks, considering access attempt is barred
[2026-09-30 14:54:49.128] [999700000000004|nas] [debug] Sending PDU Session Establishment Request
[2026-09-30 14:54:49.230] [999700000000004|nas] [error] No response from RRC from UAC checks, considering access attempt is barred
[2026-09-30 14:54:49.859] [999700000000006|nas] [debug] Sending PDU Session Establishment Request
[2026-09-30 14:54:49.960] [999700000000006|nas] [error] No response from RRC from UAC checks, considering access attempt is barred
[2026-09-30 14:54:50.589] [999700000000008|nas] [debug] Sending PDU Session Establishment Request
[2026-09-30 14:54:50.690] [999700000000008|nas] [error] No response from RRC from UAC checks, considering access attempt is barred
[2026-09-30 14:54:51.318] [999700000000007|nas] [debug] Sending PDU Session Establishment Request
[2026-09-30 14:54:51.420] [999700000000007|nas] [error] No response from RRC from UAC checks, considering access attempt is barred
[2026-09-30 14:54:52.047] [999700000000003|nas] [debug] Sending PDU Session Establishment Request
[2026-09-30 14:54:52.149] [999700000000003|nas] [error] No response from RRC from UAC checks, considering access attempt is barred
