UERANSIM v3.2.7
[2026-09-30 15:02:05.213] [sctp] [info] Trying to establish SCTP connection... (127.0.0.5:38412)
[2026-09-30 15:02:05.215] [sctp] [info] SCTP connection established (127.0.0.5:38412)
[2026-09-30 15:02:05.216] [sctp] [debug] SCTP association setup ascId[37]
[2026-09-30 15:02:05.216] [ngap] [debug] Sending NG Setup Request
[2026-09-30 15:02:05.226] [ngap] [debug] NG Setup Response received
[2026-09-30 15:02:05.227] [ngap] [info] NG Setup procedure is successful
[2026-09-30 15:02:07.208] [rrc] [debug] UE[1] new signal detected
[2026-09-30 15:02:07.211] [rrc] [debug] UE[2] new signal detected
[2026-09-30 15:02:07.212] [rrc] [debug] UE[3] new signal detected
[2026-09-30 15:02:07.212] [rrc] [debug] UE[4] new signal detected
[2026-09-30 15:02:07.213] [rrc] [debug] UE[5] new signal detected
[2026-09-30 15:02:07.213] [rrc] [debug] UE[6] new signal detected
[2026-09-30 15:02:07.214] [rrc] [debug] UE[7] new signal detected
[2026-09-30 15:02:07.215] [rrc] [debug] UE[8] new signal detected
[2026-09-30 15:02:07.216] [rrc] [debug] UE[9] new signal detected
[2026-09-30 15:02:07.216] [rrc] [debug] UE[10] new signal detected
[2026-09-30 15:02:07.217] [rrc] [debug] UE[11] new signal detected
[2026-09-30 15:02:07.217] [rrc] [debug] UE[12] new signal detected
[2026-09-30 15:02:07.230] [rrc] [info] RRC Setup for UE[1]
[2026-09-30 15:02:07.230] [ngap] [debug] Initial NAS message received from UE[1]
[2026-09-30 15:02:07.236] [rrc] [info] RRC Setup for UE[9]
[2026-09-30 15:02:07.236] [ngap] [debug] Initial NAS message received from UE[9]
[2026-09-30 15:02:07.237] [rrc] [info] RRC Setup for UE[4]
[2026-09-30 15:02:07.238] [ngap] [debug] Initial NAS message received from UE[4]
[2026-09-30 15:02:07.238] [rrc] [info] RRC Setup for UE[8]
[2026-09-30 15:02:07.239] [ngap] [debug] Initial NAS message received from UE[8]
[2026-09-30 15:02:07.245] [rrc] [info] RRC Setup for UE[7]
[2026-09-30 15:02:07.246] [ngap] [debug] Initial NAS message received from UE[7]
[2026-09-30 15:02:07.247] [rrc] [info] RRC Setup for UE[11]
[2026-09-30 15:02:07.248] [ngap] [debug] Initial NAS message received from UE[11]
[2026-09-30 15:02:07.251] [rrc] [info] RRC Setup for UE[6]
[2026-09-30 15:02:07.252] [ngap] [debug] Initial NAS message received from UE[6]
[2026-09-30 15:02:07.253] [rrc] [info] RRC Setup for UE[2]
[2026-09-30 15:02:07.254] [ngap] [debug] Initial NAS message received from UE[2]
[2026-09-30 15:02:07.259] [rrc] [info] RRC Setup for UE[12]
[2026-09-30 15:02:07.259] [rrc] [info] RRC Setup for UE[3]
[2026-09-30 15:02:07.259] [ngap] [debug] Initial NAS message received from UE[12]
[2026-09-30 15:02:07.260] [ngap] [debug] Initial NAS message received from UE[3]
[2026-09-30 15:02:07.264] [rrc] [info] RRC Setup for UE[10]
[2026-09-30 15:02:07.265] [rrc] [info] RRC Setup for UE[5]
[2026-09-30 15:02:07.265] [ngap] [debug] Initial NAS message received from UE[10]
[2026-09-30 15:02:07.266] [ngap] [debug] Initial NAS message received from UE[5]
[2026-09-30 15:02:07.444] [ngap] [debug] Initial Context Setup Request received
[2026-09-30 15:02:07.462] [ngap] [debug] Initial Context Setup Request received
[2026-09-30 15:02:07.466] [ngap] [debug] Initial Context Setup Request received
[2026-09-30 15:02:07.495] [ngap] [debug] Initial Context Setup Request received
[2026-09-30 15:02:07.502] [ngap] [debug] Initial Context Setup Request received
[2026-09-30 15:02:07.515] [ngap] [debug] Initial Context Setup Request received
[2026-09-30 15:02:07.515] [ngap] [debug] Initial Context Setup Request received
[2026-09-30 15:02:07.524] [ngap] [debug] Initial Context Setup Request received
[2026-09-30 15:02:07.526] [ngap] [debug] Initial Context Setup Request received
[2026-09-30 15:02:07.526] [ngap] [debug] Initial Context Setup Request received
[2026-09-30 15:02:07.528] [ngap] [debug] Initial Context Setup Request received
[2026-09-30 15:02:07.531] [ngap] [debug] Initial Context Setup Request received
[2026-09-30 15:02:15.254] [ngap] [info] PDU session resource(s) setup for UE[12] count[1]
[2026-09-30 15:02:15.485] [ngap] [info] PDU session resource(s) setup for UE[10] count[1]
[2026-09-30 15:02:15.718] [ngap] [info] PDU session resource(s) setup for UE[9] count[1]
[2026-09-30 15:02:18.766] [ngap] [info] PDU session resource(s) released for UE[12] count[1]
[2026-09-30 15:02:18.999] [ngap] [info] PDU session resource(s) setup for UE[7] count[1]
[2026-09-30 15:02:19.204] [ngap] [info] PDU session resource(s) released for UE[9] count[1]
[2026-09-30 15:02:19.433] [ngap] [info] PDU session resource(s) setup for UE[11] count[1]
[2026-09-30 15:02:19.644] [ngap] [info] PDU session resource(s) released for UE[7] count[1]
[2026-09-30 15:02:19.872] [ngap] [info] PDU session resource(s) setup for UE[12] count[1]
[2026-09-30 15:02:20.080] [ngap] [info] PDU session resource(s) released for UE[11] count[1]
[2026-09-30 15:02:20.307] [ngap] [info] PDU session resource(s) setup for UE[2] count[1]
[2026-09-30 15:02:20.515] [ngap] [info] PDU session resource(s) released for UE[10] count[1]
[2026-09-30 15:02:20.747] [ngap] [info] PDU session resource(s) setup for UE[5] count[1]
[2026-09-30 15:02:20.952] [ngap] [info] PDU session resource(s) released for UE[2] count[1]
[2026-09-30 15:02:21.185] [ngap] [info] PDU session resource(s) setup for UE[8] count[1]
[2026-09-30 15:02:21.393] [ngap] [info] PDU session resource(s) released for UE[5] count[1]
[2026-09-30 15:02:21.636] [ngap] [info] PDU session resource(s) setup for UE[11] count[1]
[2026-09-30 15:02:21.841] [ngap] [info] PDU session resource(s) released for UE[11] count[1]
[2026-09-30 15:02:22.073] [ngap] [info] PDU session resource(s) setup for UE[4] count[1]
[2026-09-30 15:02:22.277] [ngap] [info] PDU session resource(s) released for UE[4] count[1]
[2026-09-30 15:02:22.510] [ngap] [info] PDU session resource(s) setup for UE[5] count[1]
[2026-09-30 15:02:22.719] [ngap] [info] PDU session resource(s) released for UE[8] count[1]
[2026-09-30 15:02:22.956] [ngap] [info] PDU session resource(s) setup for UE[9] count[1]
[2026-09-30 15:02:23.160] [ngap] [info] PDU session resource(s) released for UE[9] count[1]
[2026-09-30 15:02:23.392] [ngap] [info] PDU session resource(s) setup for UE[3] count[1]
[2026-09-30 15:02:23.601] [ngap] [info] PDU session resource(s) released for UE[5] count[1]
[2026-09-30 15:02:23.836] [ngap] [info] PDU session resource(s) setup for UE[6] count[1]
[2026-09-30 15:02:24.040] [ngap] [info] PDU session resource(s) released for UE[12] count[1]
[2026-09-30 15:02:24.274] [ngap] [info] PDU session resource(s) setup for UE[1] count[1]
[2026-09-30 15:02:24.482] [ngap] [info] PDU session resource(s) released for UE[1] count[1]
[2026-09-30 15:02:24.715] [ngap] [info] PDU session resource(s) setup for UE[12] count[1]
[2026-09-30 15:02:24.919] [ngap] [info] PDU session resource(s) released for UE[3] count[1]
[2026-09-30 15:02:25.157] [ngap] [info] PDU session resource(s) setup for UE[9] count[1]
[2026-09-30 15:02:25.364] [ngap] [info] PDU session resource(s) released for UE[9] count[1]
[2026-09-30 15:02:25.595] [ngap] [info] PDU session resource(s) setup for UE[11] count[1]
[2026-09-30 15:02:25.800] [ngap] [info] PDU session resource(s) released for UE[12] count[1]
[2026-09-30 15:02:26.034] [ngap] [info] PDU session resource(s) setup for UE[7] count[1]
[2026-09-30 15:02:26.243] [ngap] [info] PDU session resource(s) released for UE[7] count[1]
[2026-09-30 15:02:26.476] [ngap] [info] PDU session resource(s) setup for UE[8] count[1]
[2026-09-30 15:02:26.680] [ngap] [info] PDU session resource(s) released for UE[11] count[1]
[2026-09-30 15:02:26.913] [ngap] [info] PDU session resource(s) setup for UE[12] count[1]
[2026-09-30 15:02:27.116] [ngap] [info] PDU session resource(s) released for UE[12] count[1]
[2026-09-30 15:02:27.347] [ngap] [info] PDU session resource(s) setup for UE[5] count[1]
[2026-09-30 15:02:27.552] [ngap] [info] PDU session resource(s) released for UE[8] count[1]
[2026-09-30 15:02:27.782] [ngap] [info] PDU session resource(s) setup for UE[1] count[1]
[2026-09-30 15:02:27.988] [ngap] [info] PDU session resource(s) released for UE[1] count[1]
[2026-09-30 15:02:28.226] [ngap] [info] PDU session resource(s) setup for UE[3] count[1]
[2026-09-30 15:02:28.433] [ngap] [info] PDU session resource(s) released for UE[5] count[1]
[2026-09-30 15:02:28.688] [ngap] [info] PDU session resource(s) setup for UE[7] count[1]
[2026-09-30 15:02:28.897] [ngap] [info] PDU session resource(s) released for UE[6] count[1]
[2026-09-30 15:02:29.130] [ngap] [info] PDU session resource(s) setup for UE[8] count[1]
[2026-09-30 15:02:29.340] [ngap] [info] PDU session resource(s) released for UE[8] count[1]
[2026-09-30 15:02:29.580] [ngap] [info] PDU session resource(s) setup for UE[2] count[1]
[2026-09-30 15:02:29.784] [ngap] [info] PDU session resource(s) released for UE[3] count[1]
[2026-09-30 15:02:30.023] [ngap] [info] PDU session resource(s) setup for UE[12] count[1]
[2026-09-30 15:02:30.228] [ngap] [info] PDU session resource(s) released for UE[7] count[1]
[2026-09-30 15:02:30.463] [ngap] [info] PDU session resource(s) setup for UE[5] count[1]
[2026-09-30 15:02:30.671] [ngap] [info] PDU session resource(s) released for UE[5] count[1]
[2026-09-30 15:02:30.907] [ngap] [info] PDU session resource(s) setup for UE[7] count[1]
[2026-09-30 15:02:31.116] [ngap] [info] PDU session resource(s) released for UE[12] count[1]
[2026-09-30 15:02:31.346] [ngap] [info] PDU session resource(s) setup for UE[5] count[1]
[2026-09-30 15:02:31.551] [ngap] [info] PDU session resource(s) released for UE[5] count[1]
[2026-09-30 15:02:31.790] [ngap] [info] PDU session resource(s) setup for UE[11] count[1]
[2026-09-30 15:02:32.000] [ngap] [info] PDU session resource(s) released for UE[7] count[1]
[2026-09-30 15:02:32.236] [ngap] [info] PDU session resource(s) setup for UE[6] count[1]
[2026-09-30 15:02:32.439] [ngap] [info] PDU session resource(s) released for UE[6] count[1]
[2026-09-30 15:02:32.671] [ngap] [info] PDU session resource(s) setup for UE[5] count[1]
[2026-09-30 15:02:32.875] [ngap] [info] PDU session resource(s) released for UE[5] count[1]
[2026-09-30 15:02:33.116] [ngap] [info] PDU session resource(s) setup for UE[12] count[1]
[2026-09-30 15:02:33.324] [ngap] [info] PDU session resource(s) released for UE[12] count[1]
[2026-09-30 15:02:33.564] [ngap] [info] PDU session resource(s) setup for UE[10] count[1]
[2026-09-30 15:02:33.768] [ngap] [info] PDU session resource(s) released for UE[11] count[1]
[2026-09-30 15:02:34.003] [ngap] [info] PDU session resource(s) setup for UE[8] count[1]
[2026-09-30 15:02:34.207] [ngap] [info] PDU session resource(s) released for UE[8] count[1]
[2026-09-30 15:02:34.444] [ngap] [info] PDU session resource(s) setup for UE[5] count[1]
[2026-09-30 15:02:34.647] [ngap] [info] PDU session resource(s) released for UE[10] count[1]
[2026-09-30 15:02:34.883] [ngap] [info] PDU session resource(s) setup for UE[1] count[1]
[2026-09-30 15:02:35.092] [ngap] [info] PDU session resource(s) released for UE[5] count[1]
[2026-09-30 15:02:35.324] [ngap] [info] PDU session resource(s) setup for UE[10] count[1]
[2026-09-30 15:02:35.529] [ngap] [info] PDU session resource(s) released for UE[10] count[1]
[2026-09-30 15:02:35.766] [ngap] [info] PDU session resource(s) setup for UE[12] count[1]
[2026-09-30 15:02:35.972] [ngap] [info] PDU session resource(s) released for UE[2] count[1]
[2026-09-30 15:02:36.212] [ngap] [info] PDU session resource(s) setup for UE[5] count[1]
[2026-09-30 15:02:36.416] [ngap] [info] PDU session resource(s) released for UE[5] count[1]
[2026-09-30 15:02:36.655] [ngap] [info] PDU session resource(s) setup for UE[2] count[1]
[2026-09-30 15:02:36.864] [ngap] [info] PDU session resource(s) released for UE[1] count[1]
[2026-09-30 15:02:37.096] [ngap] [info] PDU session resource(s) setup for UE[3] count[1]
[2026-09-30 15:02:37.303] [ngap] [info] PDU session resource(s) released for UE[3] count[1]
[2026-09-30 15:02:37.533] [ngap] [info] PDU session resource(s) setup for UE[10] count[1]
[2026-09-30 15:02:37.739] [ngap] [info] PDU session resource(s) released for UE[2] count[1]
[2026-09-30 15:02:37.981] [ngap] [info] PDU session resource(s) setup for UE[1] count[1]
[2026-09-30 15:02:38.188] [ngap] [info] PDU session resource(s) released for UE[1] count[1]
[2026-09-30 15:02:38.417] [ngap] [info] PDU session resource(s) setup for UE[4] count[1]
[2026-09-30 15:02:38.620] [ngap] [info] PDU session resource(s) released for UE[10] count[1]
[2026-09-30 15:02:38.851] [ngap] [info] PDU session resource(s) setup for UE[9] count[1]
[2026-09-30 15:02:39.056] [ngap] [info] PDU session resource(s) released for UE[4] count[1]
[2026-09-30 15:02:39.297] [ngap] [info] PDU session resource(s) setup for UE[2] count[1]
[2026-09-30 15:02:39.501] [ngap] [info] PDU session resource(s) released for UE[2] count[1]
[2026-09-30 15:02:39.730] [ngap] [info] PDU session resource(s) setup for UE[11] count[1]
[2026-09-30 15:02:39.936] [ngap] [info] PDU session resource(s) released for UE[12] count[1]
[2026-09-30 15:02:40.164] [ngap] [info] PDU session resource(s) setup for UE[2] count[1]
[2026-09-30 15:02:40.367] [ngap] [info] PDU session resource(s) released for UE[9] count[1]
[2026-09-30 15:02:40.601] [ngap] [info] PDU session resource(s) setup for UE[7] count[1]
[2026-09-30 15:02:40.805] [ngap] [info] PDU session resource(s) released for UE[11] count[1]
[2026-09-30 15:02:41.040] [ngap] [info] PDU session resource(s) setup for UE[9] count[1]
[2026-09-30 15:02:41.244] [ngap] [info] PDU session resource(s) released for UE[9] count[1]
[2026-09-30 15:02:41.476] [ngap] [info] PDU session resource(s) setup for UE[3] count[1]
[2026-09-30 15:02:41.680] [ngap] [info] PDU session resource(s) released for UE[7] count[1]
[2026-09-30 15:02:41.916] [ngap] [info] PDU session resource(s) setup for UE[9] count[1]
[2026-09-30 15:02:42.124] [ngap] [info] PDU session resource(s) released for UE[3] count[1]
[2026-09-30 15:02:42.351] [ngap] [info] PDU session resource(s) setup for UE[4] count[1]
[2026-09-30 15:02:42.555] [ngap] [info] PDU session resource(s) released for UE[9] count[1]
[2026-09-30 15:02:42.794] [ngap] [info] PDU session resource(s) setup for UE[10] count[1]
[2026-09-30 15:02:42.999] [ngap] [info] PDU session resource(s) released for UE[10] count[1]
[2026-09-30 15:02:43.231] [ngap] [info] PDU session resource(s) setup for UE[9] count[1]
[2026-09-30 15:02:43.434] [ngap] [info] PDU session resource(s) released for UE[9] count[1]
[2026-09-30 15:02:43.670] [ngap] [info] PDU session resource(s) setup for UE[6] count[1]
[2026-09-30 15:02:43.874] [ngap] [info] PDU session resource(s) released for UE[4] count[1]
[2026-09-30 15:02:44.112] [ngap] [info] PDU session resource(s) setup for UE[9] count[1]
[2026-09-30 15:02:44.318] [ngap] [info] PDU session resource(s) released for UE[2] count[1]
[2026-09-30 15:02:44.552] [ngap] [info] PDU session resource(s) setup for UE[4] count[1]
[2026-09-30 15:02:44.754] [ngap] [info] PDU session resource(s) released for UE[4] count[1]
[2026-09-30 15:02:44.993] [ngap] [info] PDU session resource(s) setup for UE[12] count[1]
[2026-09-30 15:02:45.203] [ngap] [info] PDU session resource(s) released for UE[9] count[1]
[2026-09-30 15:02:45.435] [ngap] [info] PDU session resource(s) setup for UE[8] count[1]
[2026-09-30 15:02:45.643] [ngap] [info] PDU session resource(s) released for UE[12] count[1]
[2026-09-30 15:02:45.877] [ngap] [info] PDU session resource(s) setup for UE[10] count[1]
[2026-09-30 15:02:46.086] [ngap] [info] PDU session resource(s) released for UE[10] count[1]
[2026-09-30 15:02:46.325] [ngap] [info] PDU session resource(s) setup for UE[12] count[1]
[2026-09-30 15:02:46.530] [ngap] [info] PDU session resource(s) released for UE[6] count[1]
[2026-09-30 15:02:46.765] [ngap] [info] PDU session resource(s) setup for UE[10] count[1]
[2026-09-30 15:02:46.970] [ngap] [info] PDU session resource(s) released for UE[12] count[1]
[2026-09-30 15:02:47.209] [ngap] [info] PDU session resource(s) setup for UE[9] count[1]
[2026-09-30 15:02:47.415] [ngap] [info] PDU session resource(s) released for UE[10] count[1]
[2026-09-30 15:02:47.650] [ngap] [info] PDU session resource(s) setup for UE[4] count[1]
[2026-09-30 15:02:47.859] [ngap] [info] PDU session resource(s) released for UE[9] count[1]
[2026-09-30 15:02:48.091] [ngap] [info] PDU session resource(s) setup for UE[5] count[1]
[2026-09-30 15:02:48.294] [ngap] [info] PDU session resource(s) released for UE[5] count[1]
[2026-09-30 15:02:48.531] [ngap] [info] PDU session resource(s) setup for UE[9] count[1]
[2026-09-30 15:02:48.734] [ngap] [info] PDU session resource(s) released for UE[9] count[1]
[2026-09-30 15:02:48.967] [ngap] [info] PDU session resource(s) setup for UE[6] count[1]
[2026-09-30 15:02:49.171] [ngap] [info] PDU session resource(s) released for UE[4] count[1]
[2026-09-30 15:02:49.403] [ngap] [info] PDU session resource(s) setup for UE[1] count[1]
[2026-09-30 15:02:49.611] [ngap] [info] PDU session resource(s) released for UE[8] count[1]
