Open5GS daemon v2.8.0

09/30 15:01:59.138: [app] INFO: Configuration: '/work/runs/b0-order123/configs/udm.yaml' (../lib/app/ogs-init.c:144)
09/30 15:01:59.139: [app] INFO: File Logging: '/work/runs/b0-order123/udm.log' (../lib/app/ogs-init.c:147)
09/30 15:01:59.140: [app] INFO: LOG-LEVEL: 'info' (../lib/app/ogs-init.c:150)
09/30 15:01:59.143: [sbi] INFO: Setup NF EndPoint(addr) [127.0.0.200:7777] (../lib/sbi/context.c:499)
09/30 15:01:59.144: [sbi] INFO: Setup NF EndPoint(addr) [127.0.0.10:7777] (../lib/sbi/context.c:451)
09/30 15:01:59.144: [sbi] INFO: NF Service [nudm-ueau] (../lib/sbi/context.c:2012)
09/30 15:01:59.145: [sbi] INFO: NF Service [nudm-uecm] (../lib/sbi/context.c:2012)
09/30 15:01:59.145: [sbi] INFO: NF Service [nudm-sdm] (../lib/sbi/context.c:2012)
09/30 15:01:59.146: [sbi] INFO: nghttp2_server() [http://127.0.0.12]:7777 (../lib/sbi/nghttp2-server.c:454)
09/30 15:01:59.147: [app] INFO: UDM initialize...done (../src/udm/app.c:31)
09/30 15:01:59.152: [sbi] INFO: [e2a56546-bcdf-41f1-a815-814711f55193] NF registered [Heartbeat:1s] (../lib/sbi/nf-sm.c:368)
09/30 15:01:59.156: [sbi] INFO: Setup NF EndPoint(addr) [127.0.0.10:7777] (../lib/sbi/nnrf-handler.c:1113)
09/30 15:01:59.157: [sbi] INFO: [e2a72534-bcdf-41f1-92a3-61bc01324bf9] Subscription created until 2026-10-01T15:01:59.153611+00:00 [duration:86400000000,validity:86400.000000,patch:43200.000000] (../lib/sbi/nnrf-handler.c:1032)
09/30 15:01:59.157: [sbi] INFO: Setup NF EndPoint(addr) [127.0.0.10:7777] (../lib/sbi/nnrf-handler.c:1113)
09/30 15:01:59.158: [sbi] INFO: [e2a767b0-bcdf-41f1-92a3-61bc01324bf9] Subscription created until 2026-10-01T15:01:59.155424+00:00 [duration:86400000000,validity:86400.000000,patch:43200.000000] (../lib/sbi/nnrf-handler.c:1032)
09/30 15:01:59.159: [sbi] INFO: [e27ee1e6-bcdf-41f1-96d7-4fb2bd7f96be] (NRF-profile-get) NF registered (../lib/sbi/nf-sm.c:104)
09/30 15:01:59.160: [sbi] INFO: [UDR] NFInstance associated [e27ee1e6-bcdf-41f1-96d7-4fb2bd7f96be] (../lib/sbi/context.c:2498)
09/30 15:01:59.160: [sbi] INFO: Setup NF EndPoint(addr) [127.0.0.20:80] (../lib/sbi/context.c:2503)
09/30 15:01:59.161: [sbi] INFO: [nudr-dr] NFService associated [e27fed7a-bcdf-41f1-96d7-4fb2bd7f96be] (../lib/sbi/context.c:2138)
09/30 15:01:59.162: [sbi] INFO: Setup NF EndPoint(addr) [127.0.0.20:7777] (../lib/sbi/context.c:2141)
09/30 15:02:07.238: [sbi] INFO: [e27ee1e6-bcdf-41f1-96d7-4fb2bd7f96be] Setup NF Instance [type:UDR] (../lib/sbi/path.c:349)
09/30 15:02:07.248: [sbi] INFO: [e27ee1e6-bcdf-41f1-96d7-4fb2bd7f96be] Setup NF Instance [type:UDR] (../lib/sbi/path.c:349)
09/30 15:02:07.253: [sbi] INFO: [e27ee1e6-bcdf-41f1-96d7-4fb2bd7f96be] Setup NF Instance [type:UDR] (../lib/sbi/path.c:349)
09/30 15:02:07.259: [sbi] INFO: [e27ee1e6-bcdf-41f1-96d7-4fb2bd7f96be] Setup NF Instance [type:UDR] (../lib/sbi/path.c:349)
09/30 15:02:07.268: [sbi] INFO: [e27ee1e6-bcdf-41f1-96d7-4fb2bd7f96be] Setup NF Instance [type:UDR] (../lib/sbi/path.c:349)
09/30 15:02:07.274: [sbi] INFO: [e27ee1e6-bcdf-41f1-96d7-4fb2bd7f96be] Setup NF Instance [type:UDR] (../lib/sbi/path.c:349)
09/30 15:02:07.282: [sbi] INFO: [e27ee1e6-bcdf-41f1-96d7-4fb2bd7f96be] Setup NF Instance [type:UDR] (../lib/sbi/path.c:349)
09/30 15:02:07.290: [sbi] INFO: [e27ee1e6-bcdf-41f1-96d7-4fb2bd7f96be] Setup NF Instance [type:UDR] (../lib/sbi/path.c:349)
09/30 15:02:07.298: [sbi] INFO: [e27ee1e6-bcdf-41f1-96d7-4fb2bd7f96be] Setup NF Instance [type:UDR] (../lib/sbi/path.c:349)
09/30 15:02:07.304: [sbi] INFO: [e27ee1e6-bcdf-41f1-96d7-4fb2bd7f96be] Setup NF Instance [type:UDR] (../lib/sbi/path.c:349)
09/30 15:02:07.314: [sbi] INFO: [e27ee1e6-bcdf-41f1-96d7-4fb2bd7f96be] Setup NF Instance [type:UDR] (../lib/sbi/path.c:349)
09/30 15:02:07.321: [sbi] INFO: [e27ee1e6-bcdf-41f1-96d7-4fb2bd7f96be] Setup NF Instance [type:UDR] (../lib/sbi/path.c:349)
09/30 15:02:15.257: [sbi] INFO: [e27ee1e6-bcdf-41f1-96d7-4fb2bd7f96be] Setup NF Instance [type:UDR] (../lib/sbi/path.c:349)
09/30 15:02:15.489: [sbi] INFO: [e27ee1e6-bcdf-41f1-96d7-4fb2bd7f96be] Setup NF Instance [type:UDR] (../lib/sbi/path.c:349)
09/30 15:02:15.721: [sbi] INFO: [e27ee1e6-bcdf-41f1-96d7-4fb2bd7f96be] Setup NF Instance [type:UDR] (../lib/sbi/path.c:349)
09/30 15:02:19.002: [sbi] INFO: [e27ee1e6-bcdf-41f1-96d7-4fb2bd7f96be] Setup NF Instance [type:UDR] (../lib/sbi/path.c:349)
09/30 15:02:19.437: [sbi] INFO: [e27ee1e6-bcdf-41f1-96d7-4fb2bd7f96be] Setup NF Instance [type:UDR] (../lib/sbi/path.c:349)
09/30 15:02:20.310: [sbi] INFO: [e27ee1e6-bcdf-41f1-96d7-4fb2bd7f96be] Setup NF Instance [type:UDR] (../lib/sbi/path.c:349)
09/30 15:02:20.750: [sbi] INFO: [e27ee1e6-bcdf-41f1-96d7-4fb2bd7f96be] Setup NF Instance [type:UDR] (../lib/sbi/path.c:349)
09/30 15:02:21.189: [sbi] INFO: [e27ee1e6-bcdf-41f1-96d7-4fb2bd7f96be] Setup NF Instance [type:UDR] (../lib/sbi/path.c:349)
09/30 15:02:22.076: [sbi] INFO: [e27ee1e6-bcdf-41f1-96d7-4fb2bd7f96be] Setup NF Instance [type:UDR] (../lib/sbi/path.c:349)
09/30 15:02:23.396: [sbi] INFO: [e27ee1e6-bcdf-41f1-96d7-4fb2bd7f96be] Setup NF Instance [type:UDR] (../lib/sbi/path.c:349)
09/30 15:02:23.840: [sbi] INFO: [e27ee1e6-bcdf-41f1-96d7-4fb2bd7f96be] Setup NF Instance [type:UDR] (../lib/sbi/path.c:349)
09/30 15:02:24.278: [sbi] INFO: [e27ee1e6-bcdf-41f1-96d7-4fb2bd7f96be] Setup NF Instance [type:UDR] (../lib/sbi/path.c:349)
09/30 15:02:49.614: [app] INFO: SIGTERM received (../src/main.c:54)
09/30 15:02:49.618: [app] INFO: Open5GS daemon terminating... (../src/main.c:231)
09/30 15:02:49.621: [sbi] INFO: [e2a56546-bcdf-41f1-a815-814711f55193] NF de-registered (../lib/sbi/nf-sm.c:406)
09/30 15:02:49.625: [app] INFO: UDM terminate...done (../src/udm/app.c:39)
