Open5GS daemon v2.8.0

[32m09/30 15:01:59.138[0m: [[33mapp[0m] [1;32mINFO[0m: Configuration: '/work/runs/b0-order123/configs/udm.yaml' (../lib/app/ogs-init.c:144)
[32m09/30 15:01:59.139[0m: [[33mapp[0m] [1;32mINFO[0m: File Logging: '/work/runs/b0-order123/udm.log' (../lib/app/ogs-init.c:147)
[32m09/30 15:01:59.139[0m: [[33mapp[0m] [1;32mINFO[0m: LOG-LEVEL: 'info' (../lib/app/ogs-init.c:150)
[32m09/30 15:01:59.141[0m: [[33msbi[0m] [1;32mINFO[0m: Setup NF EndPoint(addr) [127.0.0.200:7777] (../lib/sbi/context.c:499)
[32m09/30 15:01:59.143[0m: [[33msbi[0m] [1;32mINFO[0m: Setup NF EndPoint(addr) [127.0.0.10:7777] (../lib/sbi/context.c:451)
[32m09/30 15:01:59.144[0m: [[33msbi[0m] [1;32mINFO[0m: NF Service [nudm-ueau] (../lib/sbi/context.c:2012)
[32m09/30 15:01:59.145[0m: [[33msbi[0m] [1;32mINFO[0m: NF Service [nudm-uecm] (../lib/sbi/context.c:2012)
[32m09/30 15:01:59.145[0m: [[33msbi[0m] [1;32mINFO[0m: NF Service [nudm-sdm] (../lib/sbi/context.c:2012)
[32m09/30 15:01:59.146[0m: [[33msbi[0m] [1;32mINFO[0m: nghttp2_server() [http://127.0.0.12]:7777 (../lib/sbi/nghttp2-server.c:454)
[32m09/30 15:01:59.146[0m: [[33mapp[0m] [1;32mINFO[0m: UDM initialize...done (../src/udm/app.c:31)
[32m09/30 15:01:59.152[0m: [[33msbi[0m] [1;32mINFO[0m: [e2a56546-bcdf-41f1-a815-814711f55193] NF registered [Heartbeat:1s] (../lib/sbi/nf-sm.c:368)
[32m09/30 15:01:59.156[0m: [[33msbi[0m] [1;32mINFO[0m: Setup NF EndPoint(addr) [127.0.0.10:7777] (../lib/sbi/nnrf-handler.c:1113)
[32m09/30 15:01:59.156[0m: [[33msbi[0m] [1;32mINFO[0m: [e2a72534-bcdf-41f1-92a3-61bc01324bf9] Subscription created until 2026-10-01T15:01:59.153611+00:00 [duration:86400000000,validity:86400.000000,patch:43200.000000] (../lib/sbi/nnrf-handler.c:1032)
[32m09/30 15:01:59.157[0m: [[33msbi[0m] [1;32mINFO[0m: Setup NF EndPoint(addr) [127.0.0.10:7777] (../lib/sbi/nnrf-handler.c:1113)
[32m09/30 15:01:59.157[0m: [[33msbi[0m] [1;32mINFO[0m: [e2a767b0-bcdf-41f1-92a3-61bc01324bf9] Subscription created until 2026-10-01T15:01:59.155424+00:00 [duration:86400000000,validity:86400.000000,patch:43200.000000] (../lib/sbi/nnrf-handler.c:1032)
[32m09/30 15:01:59.159[0m: [[33msbi[0m] [1;32mINFO[0m: [e27ee1e6-bcdf-41f1-96d7-4fb2bd7f96be] (NRF-profile-get) NF registered (../lib/sbi/nf-sm.c:104)
[32m09/30 15:01:59.159[0m: [[33msbi[0m] [1;32mINFO[0m: [UDR] NFInstance associated [e27ee1e6-bcdf-41f1-96d7-4fb2bd7f96be] (../lib/sbi/context.c:2498)
[32m09/30 15:01:59.160[0m: [[33msbi[0m] [1;32mINFO[0m: Setup NF EndPoint(addr) [127.0.0.20:80] (../lib/sbi/context.c:2503)
[32m09/30 15:01:59.161[0m: [[33msbi[0m] [1;32mINFO[0m: [nudr-dr] NFService associated [e27fed7a-bcdf-41f1-96d7-4fb2bd7f96be] (../lib/sbi/context.c:2138)
[32m09/30 15:01:59.161[0m: [[33msbi[0m] [1;32mINFO[0m: Setup NF EndPoint(addr) [127.0.0.20:7777] (../lib/sbi/context.c:2141)
[32m09/30 15:02:07.238[0m: [[33msbi[0m] [1;32mINFO[0m: [e27ee1e6-bcdf-41f1-96d7-4fb2bd7f96be] Setup NF Instance [type:UDR] (../lib/sbi/path.c:349)
[32m09/30 15:02:07.248[0m: [[33msbi[0m] [1;32mINFO[0m: [e27ee1e6-bcdf-41f1-96d7-4fb2bd7f96be] Setup NF Instance [type:UDR] (../lib/sbi/path.c:349)
[32m09/30 15:02:07.253[0m: [[33msbi[0m] [1;32mINFO[0m: [e27ee1e6-bcdf-41f1-96d7-4fb2bd7f96be] Setup NF Instance [type:UDR] (../lib/sbi/path.c:349)
[32m09/30 15:02:07.258[0m: [[33msbi[0m] [1;32mINFO[0m: [e27ee1e6-bcdf-41f1-96d7-4fb2bd7f96be] Setup NF Instance [type:UDR] (../lib/sbi/path.c:349)
[32m09/30 15:02:07.268[0m: [[33msbi[0m] [1;32mINFO[0m: [e27ee1e6-bcdf-41f1-96d7-4fb2bd7f96be] Setup NF Instance [type:UDR] (../lib/sbi/path.c:349)
[32m09/30 15:02:07.274[0m: [[33msbi[0m] [1;32mINFO[0m: [e27ee1e6-bcdf-41f1-96d7-4fb2bd7f96be] Setup NF Instance [type:UDR] (../lib/sbi/path.c:349)
[32m09/30 15:02:07.282[0m: [[33msbi[0m] [1;32mINFO[0m: [e27ee1e6-bcdf-41f1-96d7-4fb2bd7f96be] Setup NF Instance [type:UDR] (../lib/sbi/path.c:349)
[32m09/30 15:02:07.290[0m: [[33msbi[0m] [1;32mINFO[0m: [e27ee1e6-bcdf-41f1-96d7-4fb2bd7f96be] Setup NF Instance [type:UDR] (../lib/sbi/path.c:349)
[32m09/30 15:02:07.297[0m: [[33msbi[0m] [1;32mINFO[0m: [e27ee1e6-bcdf-41f1-96d7-4fb2bd7f96be] Setup NF Instance [type:UDR] (../lib/sbi/path.c:349)
[32m09/30 15:02:07.303[0m: [[33msbi[0m] [1;32mINFO[0m: [e27ee1e6-bcdf-41f1-96d7-4fb2bd7f96be] Setup NF Instance [type:UDR] (../lib/sbi/path.c:349)
[32m09/30 15:02:07.314[0m: [[33msbi[0m] [1;32mINFO[0m: [e27ee1e6-bcdf-41f1-96d7-4fb2bd7f96be] Setup NF Instance [type:UDR] (../lib/sbi/path.c:349)
[32m09/30 15:02:07.321[0m: [[33msbi[0m] [1;32mINFO[0m: [e27ee1e6-bcdf-41f1-96d7-4fb2bd7f96be] Setup NF Instance [type:UDR] (../lib/sbi/path.c:349)
[32m09/30 15:02:15.256[0m: [[33msbi[0m] [1;32mINFO[0m: [e27ee1e6-bcdf-41f1-96d7-4fb2bd7f96be] Setup NF Instance [type:UDR] (../lib/sbi/path.c:349)
[32m09/30 15:02:15.488[0m: [[33msbi[0m] [1;32mINFO[0m: [e27ee1e6-bcdf-41f1-96d7-4fb2bd7f96be] Setup NF Instance [type:UDR] (../lib/sbi/path.c:349)
[32m09/30 15:02:15.720[0m: [[33msbi[0m] [1;32mINFO[0m: [e27ee1e6-bcdf-41f1-96d7-4fb2bd7f96be] Setup NF Instance [type:UDR] (../lib/sbi/path.c:349)
[32m09/30 15:02:19.002[0m: [[33msbi[0m] [1;32mINFO[0m: [e27ee1e6-bcdf-41f1-96d7-4fb2bd7f96be] Setup NF Instance [type:UDR] (../lib/sbi/path.c:349)
[32m09/30 15:02:19.436[0m: [[33msbi[0m] [1;32mINFO[0m: [e27ee1e6-bcdf-41f1-96d7-4fb2bd7f96be] Setup NF Instance [type:UDR] (../lib/sbi/path.c:349)
[32m09/30 15:02:20.310[0m: [[33msbi[0m] [1;32mINFO[0m: [e27ee1e6-bcdf-41f1-96d7-4fb2bd7f96be] Setup NF Instance [type:UDR] (../lib/sbi/path.c:349)
[32m09/30 15:02:20.750[0m: [[33msbi[0m] [1;32mINFO[0m: [e27ee1e6-bcdf-41f1-96d7-4fb2bd7f96be] Setup NF Instance [type:UDR] (../lib/sbi/path.c:349)
[32m09/30 15:02:21.189[0m: [[33msbi[0m] [1;32mINFO[0m: [e27ee1e6-bcdf-41f1-96d7-4fb2bd7f96be] Setup NF Instance [type:UDR] (../lib/sbi/path.c:349)
[32m09/30 15:02:22.076[0m: [[33msbi[0m] [1;32mINFO[0m: [e27ee1e6-bcdf-41f1-96d7-4fb2bd7f96be] Setup NF Instance [type:UDR] (../lib/sbi/path.c:349)
[32m09/30 15:02:23.396[0m: [[33msbi[0m] [1;32mINFO[0m: [e27ee1e6-bcdf-41f1-96d7-4fb2bd7f96be] Setup NF Instance [type:UDR] (../lib/sbi/path.c:349)
[32m09/30 15:02:23.839[0m: [[33msbi[0m] [1;32mINFO[0m: [e27ee1e6-bcdf-41f1-96d7-4fb2bd7f96be] Setup NF Instance [type:UDR] (../lib/sbi/path.c:349)
[32m09/30 15:02:24.277[0m: [[33msbi[0m] [1;32mINFO[0m: [e27ee1e6-bcdf-41f1-96d7-4fb2bd7f96be] Setup NF Instance [type:UDR] (../lib/sbi/path.c:349)
[32m09/30 15:02:49.613[0m: [[33mapp[0m] [1;32mINFO[0m: SIGTERM received (../src/main.c:54)
[32m09/30 15:02:49.616[0m: [[33mapp[0m] [1;32mINFO[0m: Open5GS daemon terminating... (../src/main.c:231)
[32m09/30 15:02:49.619[0m: [[33msbi[0m] [1;32mINFO[0m: [e2a56546-bcdf-41f1-a815-814711f55193] NF de-registered (../lib/sbi/nf-sm.c:406)
[32m09/30 15:02:49.624[0m: [[33mapp[0m] [1;32mINFO[0m: UDM terminate...done (../src/udm/app.c:39)
