Open5GS daemon v2.8.0

09/30 14:59:15.218: [app] INFO: Configuration: '/work/runs/patched-preflight/configs/udm.yaml' (../lib/app/ogs-init.c:144)
09/30 14:59:15.219: [app] INFO: File Logging: '/work/runs/patched-preflight/udm.log' (../lib/app/ogs-init.c:147)
09/30 14:59:15.220: [app] INFO: LOG-LEVEL: 'info' (../lib/app/ogs-init.c:150)
09/30 14:59:15.223: [sbi] INFO: Setup NF EndPoint(addr) [127.0.0.200:7777] (../lib/sbi/context.c:499)
09/30 14:59:15.224: [sbi] INFO: Setup NF EndPoint(addr) [127.0.0.10:7777] (../lib/sbi/context.c:451)
09/30 14:59:15.225: [sbi] INFO: NF Service [nudm-ueau] (../lib/sbi/context.c:2012)
09/30 14:59:15.225: [sbi] INFO: NF Service [nudm-uecm] (../lib/sbi/context.c:2012)
09/30 14:59:15.226: [sbi] INFO: NF Service [nudm-sdm] (../lib/sbi/context.c:2012)
09/30 14:59:15.227: [sbi] INFO: nghttp2_server() [http://127.0.0.12]:7777 (../lib/sbi/nghttp2-server.c:454)
09/30 14:59:15.228: [app] INFO: UDM initialize...done (../src/udm/app.c:31)
09/30 14:59:15.235: [sbi] INFO: [80f131fe-bcdf-41f1-a910-81cee510089b] NF registered [Heartbeat:1s] (../lib/sbi/nf-sm.c:368)
09/30 14:59:15.238: [sbi] INFO: Setup NF EndPoint(addr) [127.0.0.10:7777] (../lib/sbi/nnrf-handler.c:1113)
09/30 14:59:15.239: [sbi] INFO: [80f34db8-bcdf-41f1-9b13-dba846011b48] Subscription created until 2026-10-01T14:59:15.235995+00:00 [duration:86400000000,validity:86400.000000,patch:43200.000000] (../lib/sbi/nnrf-handler.c:1032)
09/30 14:59:15.239: [sbi] INFO: Setup NF EndPoint(addr) [127.0.0.10:7777] (../lib/sbi/nnrf-handler.c:1113)
09/30 14:59:15.240: [sbi] INFO: [80f37f9a-bcdf-41f1-9b13-dba846011b48] Subscription created until 2026-10-01T14:59:15.237344+00:00 [duration:86400000000,validity:86400.000000,patch:43200.000000] (../lib/sbi/nnrf-handler.c:1032)
09/30 14:59:15.242: [sbi] INFO: [80cabd4e-bcdf-41f1-9eb9-8fe4d47f9fb0] (NRF-profile-get) NF registered (../lib/sbi/nf-sm.c:104)
09/30 14:59:15.242: [sbi] INFO: [UDR] NFInstance associated [80cabd4e-bcdf-41f1-9eb9-8fe4d47f9fb0] (../lib/sbi/context.c:2498)
09/30 14:59:15.243: [sbi] INFO: Setup NF EndPoint(addr) [127.0.0.20:80] (../lib/sbi/context.c:2503)
09/30 14:59:15.243: [sbi] INFO: [nudr-dr] NFService associated [80cb6be0-bcdf-41f1-9eb9-8fe4d47f9fb0] (../lib/sbi/context.c:2138)
09/30 14:59:15.244: [sbi] INFO: Setup NF EndPoint(addr) [127.0.0.20:7777] (../lib/sbi/context.c:2141)
09/30 14:59:23.326: [sbi] INFO: [80cabd4e-bcdf-41f1-9eb9-8fe4d47f9fb0] Setup NF Instance [type:UDR] (../lib/sbi/path.c:349)
09/30 14:59:23.339: [sbi] INFO: [80cabd4e-bcdf-41f1-9eb9-8fe4d47f9fb0] Setup NF Instance [type:UDR] (../lib/sbi/path.c:349)
09/30 14:59:23.343: [sbi] INFO: [80cabd4e-bcdf-41f1-9eb9-8fe4d47f9fb0] Setup NF Instance [type:UDR] (../lib/sbi/path.c:349)
09/30 14:59:23.353: [sbi] INFO: [80cabd4e-bcdf-41f1-9eb9-8fe4d47f9fb0] Setup NF Instance [type:UDR] (../lib/sbi/path.c:349)
09/30 14:59:23.362: [sbi] INFO: [80cabd4e-bcdf-41f1-9eb9-8fe4d47f9fb0] Setup NF Instance [type:UDR] (../lib/sbi/path.c:349)
09/30 14:59:23.367: [sbi] INFO: [80cabd4e-bcdf-41f1-9eb9-8fe4d47f9fb0] Setup NF Instance [type:UDR] (../lib/sbi/path.c:349)
09/30 14:59:23.375: [sbi] INFO: [80cabd4e-bcdf-41f1-9eb9-8fe4d47f9fb0] Setup NF Instance [type:UDR] (../lib/sbi/path.c:349)
09/30 14:59:23.381: [sbi] INFO: [80cabd4e-bcdf-41f1-9eb9-8fe4d47f9fb0] Setup NF Instance [type:UDR] (../lib/sbi/path.c:349)
09/30 14:59:23.389: [sbi] INFO: [80cabd4e-bcdf-41f1-9eb9-8fe4d47f9fb0] Setup NF Instance [type:UDR] (../lib/sbi/path.c:349)
09/30 14:59:23.396: [sbi] INFO: [80cabd4e-bcdf-41f1-9eb9-8fe4d47f9fb0] Setup NF Instance [type:UDR] (../lib/sbi/path.c:349)
09/30 14:59:23.403: [sbi] INFO: [80cabd4e-bcdf-41f1-9eb9-8fe4d47f9fb0] Setup NF Instance [type:UDR] (../lib/sbi/path.c:349)
09/30 14:59:23.408: [sbi] INFO: [80cabd4e-bcdf-41f1-9eb9-8fe4d47f9fb0] Setup NF Instance [type:UDR] (../lib/sbi/path.c:349)
09/30 14:59:23.416: [sbi] INFO: [80cabd4e-bcdf-41f1-9eb9-8fe4d47f9fb0] Setup NF Instance [type:UDR] (../lib/sbi/path.c:349)
09/30 14:59:23.421: [sbi] INFO: [80cabd4e-bcdf-41f1-9eb9-8fe4d47f9fb0] Setup NF Instance [type:UDR] (../lib/sbi/path.c:349)
09/30 14:59:23.430: [sbi] INFO: [80cabd4e-bcdf-41f1-9eb9-8fe4d47f9fb0] Setup NF Instance [type:UDR] (../lib/sbi/path.c:349)
09/30 14:59:23.435: [sbi] INFO: [80cabd4e-bcdf-41f1-9eb9-8fe4d47f9fb0] Setup NF Instance [type:UDR] (../lib/sbi/path.c:349)
09/30 14:59:23.440: [sbi] INFO: [80cabd4e-bcdf-41f1-9eb9-8fe4d47f9fb0] Setup NF Instance [type:UDR] (../lib/sbi/path.c:349)
09/30 14:59:23.447: [sbi] INFO: [80cabd4e-bcdf-41f1-9eb9-8fe4d47f9fb0] Setup NF Instance [type:UDR] (../lib/sbi/path.c:349)
09/30 14:59:23.455: [sbi] INFO: [80cabd4e-bcdf-41f1-9eb9-8fe4d47f9fb0] Setup NF Instance [type:UDR] (../lib/sbi/path.c:349)
09/30 14:59:23.459: [sbi] INFO: [80cabd4e-bcdf-41f1-9eb9-8fe4d47f9fb0] Setup NF Instance [type:UDR] (../lib/sbi/path.c:349)
09/30 14:59:23.464: [sbi] INFO: [80cabd4e-bcdf-41f1-9eb9-8fe4d47f9fb0] Setup NF Instance [type:UDR] (../lib/sbi/path.c:349)
09/30 14:59:23.471: [sbi] INFO: [80cabd4e-bcdf-41f1-9eb9-8fe4d47f9fb0] Setup NF Instance [type:UDR] (../lib/sbi/path.c:349)
09/30 14:59:23.478: [sbi] INFO: [80cabd4e-bcdf-41f1-9eb9-8fe4d47f9fb0] Setup NF Instance [type:UDR] (../lib/sbi/path.c:349)
09/30 14:59:23.486: [sbi] INFO: [80cabd4e-bcdf-41f1-9eb9-8fe4d47f9fb0] Setup NF Instance [type:UDR] (../lib/sbi/path.c:349)
09/30 14:59:31.338: [sbi] INFO: [80cabd4e-bcdf-41f1-9eb9-8fe4d47f9fb0] Setup NF Instance [type:UDR] (../lib/sbi/path.c:349)
09/30 14:59:31.566: [sbi] INFO: [80cabd4e-bcdf-41f1-9eb9-8fe4d47f9fb0] Setup NF Instance [type:UDR] (../lib/sbi/path.c:349)
09/30 14:59:31.801: [sbi] INFO: [80cabd4e-bcdf-41f1-9eb9-8fe4d47f9fb0] Setup NF Instance [type:UDR] (../lib/sbi/path.c:349)
09/30 14:59:32.041: [sbi] INFO: [80cabd4e-bcdf-41f1-9eb9-8fe4d47f9fb0] Setup NF Instance [type:UDR] (../lib/sbi/path.c:349)
09/30 14:59:32.273: [sbi] INFO: [80cabd4e-bcdf-41f1-9eb9-8fe4d47f9fb0] Setup NF Instance [type:UDR] (../lib/sbi/path.c:349)
09/30 14:59:32.504: [sbi] INFO: [80cabd4e-bcdf-41f1-9eb9-8fe4d47f9fb0] Setup NF Instance [type:UDR] (../lib/sbi/path.c:349)
09/30 14:59:32.737: [sbi] INFO: [80cabd4e-bcdf-41f1-9eb9-8fe4d47f9fb0] Setup NF Instance [type:UDR] (../lib/sbi/path.c:349)
09/30 14:59:32.968: [sbi] INFO: [80cabd4e-bcdf-41f1-9eb9-8fe4d47f9fb0] Setup NF Instance [type:UDR] (../lib/sbi/path.c:349)
09/30 14:59:33.198: [sbi] INFO: [80cabd4e-bcdf-41f1-9eb9-8fe4d47f9fb0] Setup NF Instance [type:UDR] (../lib/sbi/path.c:349)
09/30 14:59:33.477: [sbi] INFO: [80cabd4e-bcdf-41f1-9eb9-8fe4d47f9fb0] Setup NF Instance [type:UDR] (../lib/sbi/path.c:349)
09/30 14:59:33.679: [sbi] INFO: [80cabd4e-bcdf-41f1-9eb9-8fe4d47f9fb0] Setup NF Instance [type:UDR] (../lib/sbi/path.c:349)
09/30 14:59:33.705: [sbi] INFO: [80cabd4e-bcdf-41f1-9eb9-8fe4d47f9fb0] Setup NF Instance [type:UDR] (../lib/sbi/path.c:349)
09/30 14:59:33.959: [sbi] INFO: [80cabd4e-bcdf-41f1-9eb9-8fe4d47f9fb0] Setup NF Instance [type:UDR] (../lib/sbi/path.c:349)
09/30 14:59:34.193: [sbi] INFO: [80cabd4e-bcdf-41f1-9eb9-8fe4d47f9fb0] Setup NF Instance [type:UDR] (../lib/sbi/path.c:349)
09/30 14:59:34.423: [sbi] INFO: [80cabd4e-bcdf-41f1-9eb9-8fe4d47f9fb0] Setup NF Instance [type:UDR] (../lib/sbi/path.c:349)
09/30 14:59:37.964: [sbi] INFO: [80cabd4e-bcdf-41f1-9eb9-8fe4d47f9fb0] Setup NF Instance [type:UDR] (../lib/sbi/path.c:349)
09/30 14:59:38.213: [sbi] INFO: [80cabd4e-bcdf-41f1-9eb9-8fe4d47f9fb0] Setup NF Instance [type:UDR] (../lib/sbi/path.c:349)
09/30 14:59:39.124: [sbi] INFO: [80cabd4e-bcdf-41f1-9eb9-8fe4d47f9fb0] Setup NF Instance [type:UDR] (../lib/sbi/path.c:349)
09/30 14:59:39.576: [sbi] INFO: [80cabd4e-bcdf-41f1-9eb9-8fe4d47f9fb0] Setup NF Instance [type:UDR] (../lib/sbi/path.c:349)
09/30 14:59:40.952: [sbi] INFO: [80cabd4e-bcdf-41f1-9eb9-8fe4d47f9fb0] Setup NF Instance [type:UDR] (../lib/sbi/path.c:349)
09/30 14:59:41.647: [sbi] INFO: [80cabd4e-bcdf-41f1-9eb9-8fe4d47f9fb0] Setup NF Instance [type:UDR] (../lib/sbi/path.c:349)
09/30 14:59:42.088: [sbi] INFO: [80cabd4e-bcdf-41f1-9eb9-8fe4d47f9fb0] Setup NF Instance [type:UDR] (../lib/sbi/path.c:349)
09/30 14:59:43.009: [sbi] INFO: [80cabd4e-bcdf-41f1-9eb9-8fe4d47f9fb0] Setup NF Instance [type:UDR] (../lib/sbi/path.c:349)
09/30 14:59:44.608: [sbi] INFO: [80cabd4e-bcdf-41f1-9eb9-8fe4d47f9fb0] Setup NF Instance [type:UDR] (../lib/sbi/path.c:349)
09/30 14:59:49.226: [app] INFO: SIGTERM received (../src/main.c:54)
09/30 14:59:49.227: [app] INFO: Open5GS daemon terminating... (../src/main.c:231)
09/30 14:59:49.229: [sbi] INFO: [80f131fe-bcdf-41f1-a910-81cee510089b] NF de-registered (../lib/sbi/nf-sm.c:406)
09/30 14:59:49.233: [app] INFO: UDM terminate...done (../src/udm/app.c:39)
