Open5GS daemon v2.8.0

[32m09/30 14:59:15.217[0m: [[33mapp[0m] [1;32mINFO[0m: Configuration: '/work/runs/patched-preflight/configs/udm.yaml' (../lib/app/ogs-init.c:144)
[32m09/30 14:59:15.218[0m: [[33mapp[0m] [1;32mINFO[0m: File Logging: '/work/runs/patched-preflight/udm.log' (../lib/app/ogs-init.c:147)
[32m09/30 14:59:15.219[0m: [[33mapp[0m] [1;32mINFO[0m: LOG-LEVEL: 'info' (../lib/app/ogs-init.c:150)
[32m09/30 14:59:15.221[0m: [[33msbi[0m] [1;32mINFO[0m: Setup NF EndPoint(addr) [127.0.0.200:7777] (../lib/sbi/context.c:499)
[32m09/30 14:59:15.223[0m: [[33msbi[0m] [1;32mINFO[0m: Setup NF EndPoint(addr) [127.0.0.10:7777] (../lib/sbi/context.c:451)
[32m09/30 14:59:15.224[0m: [[33msbi[0m] [1;32mINFO[0m: NF Service [nudm-ueau] (../lib/sbi/context.c:2012)
[32m09/30 14:59:15.225[0m: [[33msbi[0m] [1;32mINFO[0m: NF Service [nudm-uecm] (../lib/sbi/context.c:2012)
[32m09/30 14:59:15.226[0m: [[33msbi[0m] [1;32mINFO[0m: NF Service [nudm-sdm] (../lib/sbi/context.c:2012)
[32m09/30 14:59:15.227[0m: [[33msbi[0m] [1;32mINFO[0m: nghttp2_server() [http://127.0.0.12]:7777 (../lib/sbi/nghttp2-server.c:454)
[32m09/30 14:59:15.228[0m: [[33mapp[0m] [1;32mINFO[0m: UDM initialize...done (../src/udm/app.c:31)
[32m09/30 14:59:15.234[0m: [[33msbi[0m] [1;32mINFO[0m: [80f131fe-bcdf-41f1-a910-81cee510089b] NF registered [Heartbeat:1s] (../lib/sbi/nf-sm.c:368)
[32m09/30 14:59:15.238[0m: [[33msbi[0m] [1;32mINFO[0m: Setup NF EndPoint(addr) [127.0.0.10:7777] (../lib/sbi/nnrf-handler.c:1113)
[32m09/30 14:59:15.238[0m: [[33msbi[0m] [1;32mINFO[0m: [80f34db8-bcdf-41f1-9b13-dba846011b48] Subscription created until 2026-10-01T14:59:15.235995+00:00 [duration:86400000000,validity:86400.000000,patch:43200.000000] (../lib/sbi/nnrf-handler.c:1032)
[32m09/30 14:59:15.239[0m: [[33msbi[0m] [1;32mINFO[0m: Setup NF EndPoint(addr) [127.0.0.10:7777] (../lib/sbi/nnrf-handler.c:1113)
[32m09/30 14:59:15.240[0m: [[33msbi[0m] [1;32mINFO[0m: [80f37f9a-bcdf-41f1-9b13-dba846011b48] Subscription created until 2026-10-01T14:59:15.237344+00:00 [duration:86400000000,validity:86400.000000,patch:43200.000000] (../lib/sbi/nnrf-handler.c:1032)
[32m09/30 14:59:15.241[0m: [[33msbi[0m] [1;32mINFO[0m: [80cabd4e-bcdf-41f1-9eb9-8fe4d47f9fb0] (NRF-profile-get) NF registered (../lib/sbi/nf-sm.c:104)
[32m09/30 14:59:15.242[0m: [[33msbi[0m] [1;32mINFO[0m: [UDR] NFInstance associated [80cabd4e-bcdf-41f1-9eb9-8fe4d47f9fb0] (../lib/sbi/context.c:2498)
[32m09/30 14:59:15.243[0m: [[33msbi[0m] [1;32mINFO[0m: Setup NF EndPoint(addr) [127.0.0.20:80] (../lib/sbi/context.c:2503)
[32m09/30 14:59:15.243[0m: [[33msbi[0m] [1;32mINFO[0m: [nudr-dr] NFService associated [80cb6be0-bcdf-41f1-9eb9-8fe4d47f9fb0] (../lib/sbi/context.c:2138)
[32m09/30 14:59:15.244[0m: [[33msbi[0m] [1;32mINFO[0m: Setup NF EndPoint(addr) [127.0.0.20:7777] (../lib/sbi/context.c:2141)
[32m09/30 14:59:23.326[0m: [[33msbi[0m] [1;32mINFO[0m: [80cabd4e-bcdf-41f1-9eb9-8fe4d47f9fb0] Setup NF Instance [type:UDR] (../lib/sbi/path.c:349)
[32m09/30 14:59:23.338[0m: [[33msbi[0m] [1;32mINFO[0m: [80cabd4e-bcdf-41f1-9eb9-8fe4d47f9fb0] Setup NF Instance [type:UDR] (../lib/sbi/path.c:349)
[32m09/30 14:59:23.343[0m: [[33msbi[0m] [1;32mINFO[0m: [80cabd4e-bcdf-41f1-9eb9-8fe4d47f9fb0] Setup NF Instance [type:UDR] (../lib/sbi/path.c:349)
[32m09/30 14:59:23.353[0m: [[33msbi[0m] [1;32mINFO[0m: [80cabd4e-bcdf-41f1-9eb9-8fe4d47f9fb0] Setup NF Instance [type:UDR] (../lib/sbi/path.c:349)
[32m09/30 14:59:23.361[0m: [[33msbi[0m] [1;32mINFO[0m: [80cabd4e-bcdf-41f1-9eb9-8fe4d47f9fb0] Setup NF Instance [type:UDR] (../lib/sbi/path.c:349)
[32m09/30 14:59:23.366[0m: [[33msbi[0m] [1;32mINFO[0m: [80cabd4e-bcdf-41f1-9eb9-8fe4d47f9fb0] Setup NF Instance [type:UDR] (../lib/sbi/path.c:349)
[32m09/30 14:59:23.375[0m: [[33msbi[0m] [1;32mINFO[0m: [80cabd4e-bcdf-41f1-9eb9-8fe4d47f9fb0] Setup NF Instance [type:UDR] (../lib/sbi/path.c:349)
[32m09/30 14:59:23.381[0m: [[33msbi[0m] [1;32mINFO[0m: [80cabd4e-bcdf-41f1-9eb9-8fe4d47f9fb0] Setup NF Instance [type:UDR] (../lib/sbi/path.c:349)
[32m09/30 14:59:23.389[0m: [[33msbi[0m] [1;32mINFO[0m: [80cabd4e-bcdf-41f1-9eb9-8fe4d47f9fb0] Setup NF Instance [type:UDR] (../lib/sbi/path.c:349)
[32m09/30 14:59:23.396[0m: [[33msbi[0m] [1;32mINFO[0m: [80cabd4e-bcdf-41f1-9eb9-8fe4d47f9fb0] Setup NF Instance [type:UDR] (../lib/sbi/path.c:349)
[32m09/30 14:59:23.403[0m: [[33msbi[0m] [1;32mINFO[0m: [80cabd4e-bcdf-41f1-9eb9-8fe4d47f9fb0] Setup NF Instance [type:UDR] (../lib/sbi/path.c:349)
[32m09/30 14:59:23.408[0m: [[33msbi[0m] [1;32mINFO[0m: [80cabd4e-bcdf-41f1-9eb9-8fe4d47f9fb0] Setup NF Instance [type:UDR] (../lib/sbi/path.c:349)
[32m09/30 14:59:23.416[0m: [[33msbi[0m] [1;32mINFO[0m: [80cabd4e-bcdf-41f1-9eb9-8fe4d47f9fb0] Setup NF Instance [type:UDR] (../lib/sbi/path.c:349)
[32m09/30 14:59:23.421[0m: [[33msbi[0m] [1;32mINFO[0m: [80cabd4e-bcdf-41f1-9eb9-8fe4d47f9fb0] Setup NF Instance [type:UDR] (../lib/sbi/path.c:349)
[32m09/30 14:59:23.430[0m: [[33msbi[0m] [1;32mINFO[0m: [80cabd4e-bcdf-41f1-9eb9-8fe4d47f9fb0] Setup NF Instance [type:UDR] (../lib/sbi/path.c:349)
[32m09/30 14:59:23.435[0m: [[33msbi[0m] [1;32mINFO[0m: [80cabd4e-bcdf-41f1-9eb9-8fe4d47f9fb0] Setup NF Instance [type:UDR] (../lib/sbi/path.c:349)
[32m09/30 14:59:23.440[0m: [[33msbi[0m] [1;32mINFO[0m: [80cabd4e-bcdf-41f1-9eb9-8fe4d47f9fb0] Setup NF Instance [type:UDR] (../lib/sbi/path.c:349)
[32m09/30 14:59:23.447[0m: [[33msbi[0m] [1;32mINFO[0m: [80cabd4e-bcdf-41f1-9eb9-8fe4d47f9fb0] Setup NF Instance [type:UDR] (../lib/sbi/path.c:349)
[32m09/30 14:59:23.455[0m: [[33msbi[0m] [1;32mINFO[0m: [80cabd4e-bcdf-41f1-9eb9-8fe4d47f9fb0] Setup NF Instance [type:UDR] (../lib/sbi/path.c:349)
[32m09/30 14:59:23.458[0m: [[33msbi[0m] [1;32mINFO[0m: [80cabd4e-bcdf-41f1-9eb9-8fe4d47f9fb0] Setup NF Instance [type:UDR] (../lib/sbi/path.c:349)
[32m09/30 14:59:23.463[0m: [[33msbi[0m] [1;32mINFO[0m: [80cabd4e-bcdf-41f1-9eb9-8fe4d47f9fb0] Setup NF Instance [type:UDR] (../lib/sbi/path.c:349)
[32m09/30 14:59:23.470[0m: [[33msbi[0m] [1;32mINFO[0m: [80cabd4e-bcdf-41f1-9eb9-8fe4d47f9fb0] Setup NF Instance [type:UDR] (../lib/sbi/path.c:349)
[32m09/30 14:59:23.478[0m: [[33msbi[0m] [1;32mINFO[0m: [80cabd4e-bcdf-41f1-9eb9-8fe4d47f9fb0] Setup NF Instance [type:UDR] (../lib/sbi/path.c:349)
[32m09/30 14:59:23.485[0m: [[33msbi[0m] [1;32mINFO[0m: [80cabd4e-bcdf-41f1-9eb9-8fe4d47f9fb0] Setup NF Instance [type:UDR] (../lib/sbi/path.c:349)
[32m09/30 14:59:31.338[0m: [[33msbi[0m] [1;32mINFO[0m: [80cabd4e-bcdf-41f1-9eb9-8fe4d47f9fb0] Setup NF Instance [type:UDR] (../lib/sbi/path.c:349)
[32m09/30 14:59:31.566[0m: [[33msbi[0m] [1;32mINFO[0m: [80cabd4e-bcdf-41f1-9eb9-8fe4d47f9fb0] Setup NF Instance [type:UDR] (../lib/sbi/path.c:349)
[32m09/30 14:59:31.800[0m: [[33msbi[0m] [1;32mINFO[0m: [80cabd4e-bcdf-41f1-9eb9-8fe4d47f9fb0] Setup NF Instance [type:UDR] (../lib/sbi/path.c:349)
[32m09/30 14:59:32.040[0m: [[33msbi[0m] [1;32mINFO[0m: [80cabd4e-bcdf-41f1-9eb9-8fe4d47f9fb0] Setup NF Instance [type:UDR] (../lib/sbi/path.c:349)
[32m09/30 14:59:32.273[0m: [[33msbi[0m] [1;32mINFO[0m: [80cabd4e-bcdf-41f1-9eb9-8fe4d47f9fb0] Setup NF Instance [type:UDR] (../lib/sbi/path.c:349)
[32m09/30 14:59:32.503[0m: [[33msbi[0m] [1;32mINFO[0m: [80cabd4e-bcdf-41f1-9eb9-8fe4d47f9fb0] Setup NF Instance [type:UDR] (../lib/sbi/path.c:349)
[32m09/30 14:59:32.737[0m: [[33msbi[0m] [1;32mINFO[0m: [80cabd4e-bcdf-41f1-9eb9-8fe4d47f9fb0] Setup NF Instance [type:UDR] (../lib/sbi/path.c:349)
[32m09/30 14:59:32.968[0m: [[33msbi[0m] [1;32mINFO[0m: [80cabd4e-bcdf-41f1-9eb9-8fe4d47f9fb0] Setup NF Instance [type:UDR] (../lib/sbi/path.c:349)
[32m09/30 14:59:33.198[0m: [[33msbi[0m] [1;32mINFO[0m: [80cabd4e-bcdf-41f1-9eb9-8fe4d47f9fb0] Setup NF Instance [type:UDR] (../lib/sbi/path.c:349)
[32m09/30 14:59:33.476[0m: [[33msbi[0m] [1;32mINFO[0m: [80cabd4e-bcdf-41f1-9eb9-8fe4d47f9fb0] Setup NF Instance [type:UDR] (../lib/sbi/path.c:349)
[32m09/30 14:59:33.678[0m: [[33msbi[0m] [1;32mINFO[0m: [80cabd4e-bcdf-41f1-9eb9-8fe4d47f9fb0] Setup NF Instance [type:UDR] (../lib/sbi/path.c:349)
[32m09/30 14:59:33.704[0m: [[33msbi[0m] [1;32mINFO[0m: [80cabd4e-bcdf-41f1-9eb9-8fe4d47f9fb0] Setup NF Instance [type:UDR] (../lib/sbi/path.c:349)
[32m09/30 14:59:33.959[0m: [[33msbi[0m] [1;32mINFO[0m: [80cabd4e-bcdf-41f1-9eb9-8fe4d47f9fb0] Setup NF Instance [type:UDR] (../lib/sbi/path.c:349)
[32m09/30 14:59:34.193[0m: [[33msbi[0m] [1;32mINFO[0m: [80cabd4e-bcdf-41f1-9eb9-8fe4d47f9fb0] Setup NF Instance [type:UDR] (../lib/sbi/path.c:349)
[32m09/30 14:59:34.423[0m: [[33msbi[0m] [1;32mINFO[0m: [80cabd4e-bcdf-41f1-9eb9-8fe4d47f9fb0] Setup NF Instance [type:UDR] (../lib/sbi/path.c:349)
[32m09/30 14:59:37.964[0m: [[33msbi[0m] [1;32mINFO[0m: [80cabd4e-bcdf-41f1-9eb9-8fe4d47f9fb0] Setup NF Instance [type:UDR] (../lib/sbi/path.c:349)
[32m09/30 14:59:38.212[0m: [[33msbi[0m] [1;32mINFO[0m: [80cabd4e-bcdf-41f1-9eb9-8fe4d47f9fb0] Setup NF Instance [type:UDR] (../lib/sbi/path.c:349)
[32m09/30 14:59:39.124[0m: [[33msbi[0m] [1;32mINFO[0m: [80cabd4e-bcdf-41f1-9eb9-8fe4d47f9fb0] Setup NF Instance [type:UDR] (../lib/sbi/path.c:349)
[32m09/30 14:59:39.576[0m: [[33msbi[0m] [1;32mINFO[0m: [80cabd4e-bcdf-41f1-9eb9-8fe4d47f9fb0] Setup NF Instance [type:UDR] (../lib/sbi/path.c:349)
[32m09/30 14:59:40.952[0m: [[33msbi[0m] [1;32mINFO[0m: [80cabd4e-bcdf-41f1-9eb9-8fe4d47f9fb0] Setup NF Instance [type:UDR] (../lib/sbi/path.c:349)
[32m09/30 14:59:41.646[0m: [[33msbi[0m] [1;32mINFO[0m: [80cabd4e-bcdf-41f1-9eb9-8fe4d47f9fb0] Setup NF Instance [type:UDR] (../lib/sbi/path.c:349)
[32m09/30 14:59:42.087[0m: [[33msbi[0m] [1;32mINFO[0m: [80cabd4e-bcdf-41f1-9eb9-8fe4d47f9fb0] Setup NF Instance [type:UDR] (../lib/sbi/path.c:349)
[32m09/30 14:59:43.009[0m: [[33msbi[0m] [1;32mINFO[0m: [80cabd4e-bcdf-41f1-9eb9-8fe4d47f9fb0] Setup NF Instance [type:UDR] (../lib/sbi/path.c:349)
[32m09/30 14:59:44.608[0m: [[33msbi[0m] [1;32mINFO[0m: [80cabd4e-bcdf-41f1-9eb9-8fe4d47f9fb0] Setup NF Instance [type:UDR] (../lib/sbi/path.c:349)
[32m09/30 14:59:49.225[0m: [[33mapp[0m] [1;32mINFO[0m: SIGTERM received (../src/main.c:54)
[32m09/30 14:59:49.226[0m: [[33mapp[0m] [1;32mINFO[0m: Open5GS daemon terminating... (../src/main.c:231)
[32m09/30 14:59:49.228[0m: [[33msbi[0m] [1;32mINFO[0m: [80f131fe-bcdf-41f1-a910-81cee510089b] NF de-registered (../lib/sbi/nf-sm.c:406)
[32m09/30 14:59:49.232[0m: [[33mapp[0m] [1;32mINFO[0m: UDM terminate...done (../src/udm/app.c:39)
