Open5GS daemon v2.8.0

[32m09/30 14:57:35.981[0m: [[33mapp[0m] [1;32mINFO[0m: Configuration: '/work/runs/b0-preflight-03/configs/udm.yaml' (../lib/app/ogs-init.c:144)
[32m09/30 14:57:35.982[0m: [[33mapp[0m] [1;32mINFO[0m: File Logging: '/work/runs/b0-preflight-03/udm.log' (../lib/app/ogs-init.c:147)
[32m09/30 14:57:35.984[0m: [[33mapp[0m] [1;32mINFO[0m: LOG-LEVEL: 'info' (../lib/app/ogs-init.c:150)
[32m09/30 14:57:35.986[0m: [[33msbi[0m] [1;32mINFO[0m: Setup NF EndPoint(addr) [127.0.0.200:7777] (../lib/sbi/context.c:499)
[32m09/30 14:57:35.990[0m: [[33msbi[0m] [1;32mINFO[0m: Setup NF EndPoint(addr) [127.0.0.10:7777] (../lib/sbi/context.c:451)
[32m09/30 14:57:35.993[0m: [[33msbi[0m] [1;32mINFO[0m: NF Service [nudm-ueau] (../lib/sbi/context.c:2012)
[32m09/30 14:57:35.995[0m: [[33msbi[0m] [1;32mINFO[0m: NF Service [nudm-uecm] (../lib/sbi/context.c:2012)
[32m09/30 14:57:35.997[0m: [[33msbi[0m] [1;32mINFO[0m: NF Service [nudm-sdm] (../lib/sbi/context.c:2012)
[32m09/30 14:57:35.998[0m: [[33msbi[0m] [1;32mINFO[0m: nghttp2_server() [http://127.0.0.12]:7777 (../lib/sbi/nghttp2-server.c:454)
[32m09/30 14:57:36.000[0m: [[33mapp[0m] [1;32mINFO[0m: UDM initialize...done (../src/udm/app.c:31)
[32m09/30 14:57:36.012[0m: [[33msbi[0m] [1;32mINFO[0m: [45cb27ba-bcdf-41f1-a9a9-03270ac393f4] NF registered [Heartbeat:1s] (../lib/sbi/nf-sm.c:368)
[32m09/30 14:57:36.019[0m: [[33msbi[0m] [1;32mINFO[0m: Setup NF EndPoint(addr) [127.0.0.10:7777] (../lib/sbi/nnrf-handler.c:1113)
[32m09/30 14:57:36.021[0m: [[33msbi[0m] [1;32mINFO[0m: [45cfcdd8-bcdf-41f1-8269-e172a9a063bd] Subscription created until 2026-10-01T14:57:36.018643+00:00 [duration:86400000000,validity:86400.000000,patch:43200.000000] (../lib/sbi/nnrf-handler.c:1032)
[32m09/30 14:57:36.022[0m: [[33msbi[0m] [1;32mINFO[0m: Setup NF EndPoint(addr) [127.0.0.10:7777] (../lib/sbi/nnrf-handler.c:1113)
[32m09/30 14:57:36.024[0m: [[33msbi[0m] [1;32mINFO[0m: [45cf6636-bcdf-41f1-8269-e172a9a063bd] Subscription created until 2026-10-01T14:57:36.016052+00:00 [duration:86400000000,validity:86400.000000,patch:43200.000000] (../lib/sbi/nnrf-handler.c:1032)
[32m09/30 14:57:36.026[0m: [[33msbi[0m] [1;32mINFO[0m: [45a50c60-bcdf-41f1-b868-d761e4f3b9cf] (NRF-profile-get) NF registered (../lib/sbi/nf-sm.c:104)
[32m09/30 14:57:36.028[0m: [[33msbi[0m] [1;32mINFO[0m: [UDR] NFInstance associated [45a50c60-bcdf-41f1-b868-d761e4f3b9cf] (../lib/sbi/context.c:2498)
[32m09/30 14:57:36.029[0m: [[33msbi[0m] [1;32mINFO[0m: Setup NF EndPoint(addr) [127.0.0.20:80] (../lib/sbi/context.c:2503)
[32m09/30 14:57:36.031[0m: [[33msbi[0m] [1;32mINFO[0m: [nudr-dr] NFService associated [45a67dd4-bcdf-41f1-b868-d761e4f3b9cf] (../lib/sbi/context.c:2138)
[32m09/30 14:57:36.032[0m: [[33msbi[0m] [1;32mINFO[0m: Setup NF EndPoint(addr) [127.0.0.20:7777] (../lib/sbi/context.c:2141)
[32m09/30 14:57:44.085[0m: [[33msbi[0m] [1;32mINFO[0m: [45a50c60-bcdf-41f1-b868-d761e4f3b9cf] Setup NF Instance [type:UDR] (../lib/sbi/path.c:349)
[32m09/30 14:57:44.095[0m: [[33msbi[0m] [1;32mINFO[0m: [45a50c60-bcdf-41f1-b868-d761e4f3b9cf] Setup NF Instance [type:UDR] (../lib/sbi/path.c:349)
[32m09/30 14:57:44.100[0m: [[33msbi[0m] [1;32mINFO[0m: [45a50c60-bcdf-41f1-b868-d761e4f3b9cf] Setup NF Instance [type:UDR] (../lib/sbi/path.c:349)
[32m09/30 14:57:44.104[0m: [[33msbi[0m] [1;32mINFO[0m: [45a50c60-bcdf-41f1-b868-d761e4f3b9cf] Setup NF Instance [type:UDR] (../lib/sbi/path.c:349)
[32m09/30 14:57:44.111[0m: [[33msbi[0m] [1;32mINFO[0m: [45a50c60-bcdf-41f1-b868-d761e4f3b9cf] Setup NF Instance [type:UDR] (../lib/sbi/path.c:349)
[32m09/30 14:57:44.117[0m: [[33msbi[0m] [1;32mINFO[0m: [45a50c60-bcdf-41f1-b868-d761e4f3b9cf] Setup NF Instance [type:UDR] (../lib/sbi/path.c:349)
[32m09/30 14:57:44.123[0m: [[33msbi[0m] [1;32mINFO[0m: [45a50c60-bcdf-41f1-b868-d761e4f3b9cf] Setup NF Instance [type:UDR] (../lib/sbi/path.c:349)
[32m09/30 14:57:44.129[0m: [[33msbi[0m] [1;32mINFO[0m: [45a50c60-bcdf-41f1-b868-d761e4f3b9cf] Setup NF Instance [type:UDR] (../lib/sbi/path.c:349)
[32m09/30 14:57:44.136[0m: [[33msbi[0m] [1;32mINFO[0m: [45a50c60-bcdf-41f1-b868-d761e4f3b9cf] Setup NF Instance [type:UDR] (../lib/sbi/path.c:349)
[32m09/30 14:57:44.141[0m: [[33msbi[0m] [1;32mINFO[0m: [45a50c60-bcdf-41f1-b868-d761e4f3b9cf] Setup NF Instance [type:UDR] (../lib/sbi/path.c:349)
[32m09/30 14:57:44.149[0m: [[33msbi[0m] [1;32mINFO[0m: [45a50c60-bcdf-41f1-b868-d761e4f3b9cf] Setup NF Instance [type:UDR] (../lib/sbi/path.c:349)
[32m09/30 14:57:44.155[0m: [[33msbi[0m] [1;32mINFO[0m: [45a50c60-bcdf-41f1-b868-d761e4f3b9cf] Setup NF Instance [type:UDR] (../lib/sbi/path.c:349)
[32m09/30 14:57:52.100[0m: [[33msbi[0m] [1;32mINFO[0m: [45a50c60-bcdf-41f1-b868-d761e4f3b9cf] Setup NF Instance [type:UDR] (../lib/sbi/path.c:349)
[32m09/30 14:57:52.409[0m: [[33msbi[0m] [1;32mINFO[0m: [45a50c60-bcdf-41f1-b868-d761e4f3b9cf] Setup NF Instance [type:UDR] (../lib/sbi/path.c:349)
[32m09/30 14:57:52.747[0m: [[33msbi[0m] [1;32mINFO[0m: [45a50c60-bcdf-41f1-b868-d761e4f3b9cf] Setup NF Instance [type:UDR] (../lib/sbi/path.c:349)
[32m09/30 14:57:56.447[0m: [[33msbi[0m] [1;32mINFO[0m: [45a50c60-bcdf-41f1-b868-d761e4f3b9cf] Setup NF Instance [type:UDR] (../lib/sbi/path.c:349)
[32m09/30 14:57:57.085[0m: [[33msbi[0m] [1;32mINFO[0m: [45a50c60-bcdf-41f1-b868-d761e4f3b9cf] Setup NF Instance [type:UDR] (../lib/sbi/path.c:349)
[32m09/30 14:57:58.370[0m: [[33msbi[0m] [1;32mINFO[0m: [45a50c60-bcdf-41f1-b868-d761e4f3b9cf] Setup NF Instance [type:UDR] (../lib/sbi/path.c:349)
[32m09/30 14:57:59.006[0m: [[33msbi[0m] [1;32mINFO[0m: [45a50c60-bcdf-41f1-b868-d761e4f3b9cf] Setup NF Instance [type:UDR] (../lib/sbi/path.c:349)
[32m09/30 14:57:59.649[0m: [[33msbi[0m] [1;32mINFO[0m: [45a50c60-bcdf-41f1-b868-d761e4f3b9cf] Setup NF Instance [type:UDR] (../lib/sbi/path.c:349)
[32m09/30 14:58:00.935[0m: [[33msbi[0m] [1;32mINFO[0m: [45a50c60-bcdf-41f1-b868-d761e4f3b9cf] Setup NF Instance [type:UDR] (../lib/sbi/path.c:349)
[32m09/30 14:58:05.322[0m: [[33mapp[0m] [1;32mINFO[0m: SIGTERM received (../src/main.c:54)
[32m09/30 14:58:05.324[0m: [[33mapp[0m] [1;32mINFO[0m: Open5GS daemon terminating... (../src/main.c:231)
[32m09/30 14:58:05.326[0m: [[33msbi[0m] [1;32mINFO[0m: [45cb27ba-bcdf-41f1-a9a9-03270ac393f4] NF de-registered (../lib/sbi/nf-sm.c:406)
[32m09/30 14:58:05.328[0m: [[33msbi[0m] [1;36mWARNING[0m: Couldn't connect to server (7): Failed to connect to 127.0.0.10 port 7777 after 0 ms: Couldn't connect to server (../lib/sbi/client.c:767)
[32m09/30 14:58:05.329[0m: [[33msbi[0m] [1;36mWARNING[0m: ogs_sbi_client_handler() failed [-1] (../lib/sbi/path.c:62)
[32m09/30 14:58:05.335[0m: [[33mapp[0m] [1;32mINFO[0m: UDM terminate...done (../src/udm/app.c:39)
