Open5GS daemon v2.8.0

09/30 14:57:35.981: [app] INFO: Configuration: '/work/runs/b0-preflight-03/configs/udm.yaml' (../lib/app/ogs-init.c:144)
09/30 14:57:35.983: [app] INFO: File Logging: '/work/runs/b0-preflight-03/udm.log' (../lib/app/ogs-init.c:147)
09/30 14:57:35.984: [app] INFO: LOG-LEVEL: 'info' (../lib/app/ogs-init.c:150)
09/30 14:57:35.989: [sbi] INFO: Setup NF EndPoint(addr) [127.0.0.200:7777] (../lib/sbi/context.c:499)
09/30 14:57:35.991: [sbi] INFO: Setup NF EndPoint(addr) [127.0.0.10:7777] (../lib/sbi/context.c:451)
09/30 14:57:35.994: [sbi] INFO: NF Service [nudm-ueau] (../lib/sbi/context.c:2012)
09/30 14:57:35.996: [sbi] INFO: NF Service [nudm-uecm] (../lib/sbi/context.c:2012)
09/30 14:57:35.997: [sbi] INFO: NF Service [nudm-sdm] (../lib/sbi/context.c:2012)
09/30 14:57:35.999: [sbi] INFO: nghttp2_server() [http://127.0.0.12]:7777 (../lib/sbi/nghttp2-server.c:454)
09/30 14:57:36.001: [app] INFO: UDM initialize...done (../src/udm/app.c:31)
09/30 14:57:36.013: [sbi] INFO: [45cb27ba-bcdf-41f1-a9a9-03270ac393f4] NF registered [Heartbeat:1s] (../lib/sbi/nf-sm.c:368)
09/30 14:57:36.020: [sbi] INFO: Setup NF EndPoint(addr) [127.0.0.10:7777] (../lib/sbi/nnrf-handler.c:1113)
09/30 14:57:36.022: [sbi] INFO: [45cfcdd8-bcdf-41f1-8269-e172a9a063bd] Subscription created until 2026-10-01T14:57:36.018643+00:00 [duration:86400000000,validity:86400.000000,patch:43200.000000] (../lib/sbi/nnrf-handler.c:1032)
09/30 14:57:36.023: [sbi] INFO: Setup NF EndPoint(addr) [127.0.0.10:7777] (../lib/sbi/nnrf-handler.c:1113)
09/30 14:57:36.025: [sbi] INFO: [45cf6636-bcdf-41f1-8269-e172a9a063bd] Subscription created until 2026-10-01T14:57:36.016052+00:00 [duration:86400000000,validity:86400.000000,patch:43200.000000] (../lib/sbi/nnrf-handler.c:1032)
09/30 14:57:36.027: [sbi] INFO: [45a50c60-bcdf-41f1-b868-d761e4f3b9cf] (NRF-profile-get) NF registered (../lib/sbi/nf-sm.c:104)
09/30 14:57:36.029: [sbi] INFO: [UDR] NFInstance associated [45a50c60-bcdf-41f1-b868-d761e4f3b9cf] (../lib/sbi/context.c:2498)
09/30 14:57:36.030: [sbi] INFO: Setup NF EndPoint(addr) [127.0.0.20:80] (../lib/sbi/context.c:2503)
09/30 14:57:36.032: [sbi] INFO: [nudr-dr] NFService associated [45a67dd4-bcdf-41f1-b868-d761e4f3b9cf] (../lib/sbi/context.c:2138)
09/30 14:57:36.033: [sbi] INFO: Setup NF EndPoint(addr) [127.0.0.20:7777] (../lib/sbi/context.c:2141)
09/30 14:57:44.085: [sbi] INFO: [45a50c60-bcdf-41f1-b868-d761e4f3b9cf] Setup NF Instance [type:UDR] (../lib/sbi/path.c:349)
09/30 14:57:44.095: [sbi] INFO: [45a50c60-bcdf-41f1-b868-d761e4f3b9cf] Setup NF Instance [type:UDR] (../lib/sbi/path.c:349)
09/30 14:57:44.100: [sbi] INFO: [45a50c60-bcdf-41f1-b868-d761e4f3b9cf] Setup NF Instance [type:UDR] (../lib/sbi/path.c:349)
09/30 14:57:44.105: [sbi] INFO: [45a50c60-bcdf-41f1-b868-d761e4f3b9cf] Setup NF Instance [type:UDR] (../lib/sbi/path.c:349)
09/30 14:57:44.112: [sbi] INFO: [45a50c60-bcdf-41f1-b868-d761e4f3b9cf] Setup NF Instance [type:UDR] (../lib/sbi/path.c:349)
09/30 14:57:44.117: [sbi] INFO: [45a50c60-bcdf-41f1-b868-d761e4f3b9cf] Setup NF Instance [type:UDR] (../lib/sbi/path.c:349)
09/30 14:57:44.123: [sbi] INFO: [45a50c60-bcdf-41f1-b868-d761e4f3b9cf] Setup NF Instance [type:UDR] (../lib/sbi/path.c:349)
09/30 14:57:44.130: [sbi] INFO: [45a50c60-bcdf-41f1-b868-d761e4f3b9cf] Setup NF Instance [type:UDR] (../lib/sbi/path.c:349)
09/30 14:57:44.136: [sbi] INFO: [45a50c60-bcdf-41f1-b868-d761e4f3b9cf] Setup NF Instance [type:UDR] (../lib/sbi/path.c:349)
09/30 14:57:44.142: [sbi] INFO: [45a50c60-bcdf-41f1-b868-d761e4f3b9cf] Setup NF Instance [type:UDR] (../lib/sbi/path.c:349)
09/30 14:57:44.149: [sbi] INFO: [45a50c60-bcdf-41f1-b868-d761e4f3b9cf] Setup NF Instance [type:UDR] (../lib/sbi/path.c:349)
09/30 14:57:44.155: [sbi] INFO: [45a50c60-bcdf-41f1-b868-d761e4f3b9cf] Setup NF Instance [type:UDR] (../lib/sbi/path.c:349)
09/30 14:57:52.101: [sbi] INFO: [45a50c60-bcdf-41f1-b868-d761e4f3b9cf] Setup NF Instance [type:UDR] (../lib/sbi/path.c:349)
09/30 14:57:52.409: [sbi] INFO: [45a50c60-bcdf-41f1-b868-d761e4f3b9cf] Setup NF Instance [type:UDR] (../lib/sbi/path.c:349)
09/30 14:57:52.747: [sbi] INFO: [45a50c60-bcdf-41f1-b868-d761e4f3b9cf] Setup NF Instance [type:UDR] (../lib/sbi/path.c:349)
09/30 14:57:56.448: [sbi] INFO: [45a50c60-bcdf-41f1-b868-d761e4f3b9cf] Setup NF Instance [type:UDR] (../lib/sbi/path.c:349)
09/30 14:57:57.085: [sbi] INFO: [45a50c60-bcdf-41f1-b868-d761e4f3b9cf] Setup NF Instance [type:UDR] (../lib/sbi/path.c:349)
09/30 14:57:58.370: [sbi] INFO: [45a50c60-bcdf-41f1-b868-d761e4f3b9cf] Setup NF Instance [type:UDR] (../lib/sbi/path.c:349)
09/30 14:57:59.007: [sbi] INFO: [45a50c60-bcdf-41f1-b868-d761e4f3b9cf] Setup NF Instance [type:UDR] (../lib/sbi/path.c:349)
09/30 14:57:59.649: [sbi] INFO: [45a50c60-bcdf-41f1-b868-d761e4f3b9cf] Setup NF Instance [type:UDR] (../lib/sbi/path.c:349)
09/30 14:58:00.935: [sbi] INFO: [45a50c60-bcdf-41f1-b868-d761e4f3b9cf] Setup NF Instance [type:UDR] (../lib/sbi/path.c:349)
09/30 14:58:05.323: [app] INFO: SIGTERM received (../src/main.c:54)
09/30 14:58:05.325: [app] INFO: Open5GS daemon terminating... (../src/main.c:231)
09/30 14:58:05.327: [sbi] INFO: [45cb27ba-bcdf-41f1-a9a9-03270ac393f4] NF de-registered (../lib/sbi/nf-sm.c:406)
09/30 14:58:05.329: [sbi] WARNING: Couldn't connect to server (7): Failed to connect to 127.0.0.10 port 7777 after 0 ms: Couldn't connect to server (../lib/sbi/client.c:767)
09/30 14:58:05.332: [sbi] WARNING: ogs_sbi_client_handler() failed [-1] (../lib/sbi/path.c:62)
09/30 14:58:05.335: [app] INFO: UDM terminate...done (../src/udm/app.c:39)
