model5g-db
model5g-db2
model5g-db3
model5g-db4
model5g-runtime
model5g-worker2
model5g-worker3
model5g-worker4
START model5g-runtime {'stage': 'onoff', 'policy': 'random', 'rho': 0.5, 'seed': 1802, 'alpha': 0.02}
START model5g-worker2 {'stage': 'honest-fixed', 'policy': 'swrr', 'rho': 0.5, 'seed': 1803, 'alpha': 0}
START model5g-worker3 {'stage': 'honest-fixed', 'policy': 'random', 'rho': 0.5, 'seed': 1802, 'alpha': 0}
START model5g-worker4 {'stage': 'budget', 'policy': 'random', 'rho': 0.5, 'seed': 1803, 'alpha': 0.1}
DONE {'stage': 'honest-fixed', 'policy': 'swrr', 'rho': 0.5, 'seed': 1803, 'alpha': 0} True
START model5g-worker2 {'stage': 'budget', 'policy': 'random', 'rho': 0.5, 'seed': 1802, 'alpha': 0.1}
DONE {'stage': 'honest-fixed', 'policy': 'random', 'rho': 0.5, 'seed': 1802, 'alpha': 0} True
START model5g-worker3 {'stage': 'budget', 'policy': 'swrr', 'rho': 0.5, 'seed': 1802, 'alpha': 0.1}
DONE {'stage': 'budget', 'policy': 'random', 'rho': 0.5, 'seed': 1803, 'alpha': 0.1} True
START model5g-worker4 {'stage': 'honest-variable', 'policy': 'random', 'rho': 0.5, 'seed': 1801, 'alpha': 0}
DONE {'stage': 'onoff', 'policy': 'random', 'rho': 0.5, 'seed': 1802, 'alpha': 0.02} True
START model5g-runtime {'stage': 'honest-variable', 'policy': 'swrr', 'rho': 0.5, 'seed': 1801, 'alpha': 0}
DONE {'stage': 'budget', 'policy': 'random', 'rho': 0.5, 'seed': 1802, 'alpha': 0.1} True
START model5g-worker2 {'stage': 'onoff', 'policy': 'random', 'rho': 0.5, 'seed': 1801, 'alpha': 0.02}
DONE {'stage': 'budget', 'policy': 'swrr', 'rho': 0.5, 'seed': 1802, 'alpha': 0.1} True
START model5g-worker3 {'stage': 'onoff', 'policy': 'swrr', 'rho': 0.5, 'seed': 1803, 'alpha': 0.02}
DONE {'stage': 'honest-variable', 'policy': 'random', 'rho': 0.5, 'seed': 1801, 'alpha': 0} True
START model5g-worker4 {'stage': 'onoff', 'policy': 'swrr', 'rho': 0.5, 'seed': 1801, 'alpha': 0.02}
DONE {'stage': 'honest-variable', 'policy': 'swrr', 'rho': 0.5, 'seed': 1801, 'alpha': 0} True
START model5g-runtime {'stage': 'honest-variable', 'policy': 'swrr', 'rho': 0.5, 'seed': 1802, 'alpha': 0}
DONE {'stage': 'onoff', 'policy': 'random', 'rho': 0.5, 'seed': 1801, 'alpha': 0.02} True
START model5g-worker2 {'stage': 'honest-variable', 'policy': 'random', 'rho': 0.5, 'seed': 1802, 'alpha': 0}
DONE {'stage': 'onoff', 'policy': 'swrr', 'rho': 0.5, 'seed': 1803, 'alpha': 0.02} True
START model5g-worker3 {'stage': 'honest-fixed', 'policy': 'swrr', 'rho': 0.5, 'seed': 1801, 'alpha': 0}
DONE {'stage': 'onoff', 'policy': 'swrr', 'rho': 0.5, 'seed': 1801, 'alpha': 0.02} True
START model5g-worker4 {'stage': 'honest-variable', 'policy': 'swrr', 'rho': 0.5, 'seed': 1803, 'alpha': 0}
DONE {'stage': 'honest-variable', 'policy': 'swrr', 'rho': 0.5, 'seed': 1802, 'alpha': 0} True
START model5g-runtime {'stage': 'honest-fixed', 'policy': 'random', 'rho': 0.5, 'seed': 1803, 'alpha': 0}
DONE {'stage': 'honest-fixed', 'policy': 'swrr', 'rho': 0.5, 'seed': 1801, 'alpha': 0} True
START model5g-worker3 {'stage': 'budget', 'policy': 'swrr', 'rho': 0.5, 'seed': 1803, 'alpha': 0.1}
DONE {'stage': 'honest-variable', 'policy': 'random', 'rho': 0.5, 'seed': 1802, 'alpha': 0} True
START model5g-worker2 {'stage': 'honest-fixed', 'policy': 'random', 'rho': 0.5, 'seed': 1801, 'alpha': 0}
DONE {'stage': 'honest-variable', 'policy': 'swrr', 'rho': 0.5, 'seed': 1803, 'alpha': 0} True
START model5g-worker4 {'stage': 'honest-fixed', 'policy': 'swrr', 'rho': 0.5, 'seed': 1802, 'alpha': 0}
DONE {'stage': 'honest-fixed', 'policy': 'random', 'rho': 0.5, 'seed': 1803, 'alpha': 0} True
START model5g-runtime {'stage': 'budget', 'policy': 'swrr', 'rho': 0.5, 'seed': 1801, 'alpha': 0.1}
DONE {'stage': 'budget', 'policy': 'swrr', 'rho': 0.5, 'seed': 1803, 'alpha': 0.1} True
START model5g-worker3 {'stage': 'budget', 'policy': 'random', 'rho': 0.5, 'seed': 1801, 'alpha': 0.1}
DONE {'stage': 'honest-fixed', 'policy': 'random', 'rho': 0.5, 'seed': 1801, 'alpha': 0} True
START model5g-worker2 {'stage': 'onoff', 'policy': 'swrr', 'rho': 0.5, 'seed': 1802, 'alpha': 0.02}
DONE {'stage': 'honest-fixed', 'policy': 'swrr', 'rho': 0.5, 'seed': 1802, 'alpha': 0} True
START model5g-worker4 {'stage': 'honest-variable', 'policy': 'random', 'rho': 0.5, 'seed': 1803, 'alpha': 0}
DONE {'stage': 'budget', 'policy': 'swrr', 'rho': 0.5, 'seed': 1801, 'alpha': 0.1} True
START model5g-runtime {'stage': 'onoff', 'policy': 'random', 'rho': 0.5, 'seed': 1803, 'alpha': 0.02}
DONE {'stage': 'budget', 'policy': 'random', 'rho': 0.5, 'seed': 1801, 'alpha': 0.1} True
DONE {'stage': 'onoff', 'policy': 'swrr', 'rho': 0.5, 'seed': 1802, 'alpha': 0.02} True
DONE {'stage': 'honest-variable', 'policy': 'random', 'rho': 0.5, 'seed': 1803, 'alpha': 0} True
DONE {'stage': 'onoff', 'policy': 'random', 'rho': 0.5, 'seed': 1803, 'alpha': 0.02} True
