UERANSIM v3.2.7
[2026-09-30 15:03:58.042] [sctp] [info] Trying to establish SCTP connection... (127.0.0.5:38412)
[2026-09-30 15:03:58.045] [sctp] [info] SCTP connection established (127.0.0.5:38412)
[2026-09-30 15:03:58.045] [sctp] [debug] SCTP association setup ascId[39]
[2026-09-30 15:03:58.046] [ngap] [debug] Sending NG Setup Request
[2026-09-30 15:03:58.054] [ngap] [debug] NG Setup Response received
[2026-09-30 15:03:58.054] [ngap] [info] NG Setup procedure is successful
[2026-09-30 15:04:00.040] [rrc] [debug] UE[1] new signal detected
[2026-09-30 15:04:00.040] [rrc] [debug] UE[2] new signal detected
[2026-09-30 15:04:00.041] [rrc] [info] RRC Setup for UE[1]
[2026-09-30 15:04:00.041] [rrc] [info] RRC Setup for UE[2]
[2026-09-30 15:04:00.041] [rrc] [debug] UE[3] new signal detected
[2026-09-30 15:04:00.041] [ngap] [debug] Initial NAS message received from UE[1]
[2026-09-30 15:04:00.041] [ngap] [debug] Initial NAS message received from UE[2]
[2026-09-30 15:04:00.041] [rrc] [debug] UE[4] new signal detected
[2026-09-30 15:04:00.042] [rrc] [info] RRC Setup for UE[3]
[2026-09-30 15:04:00.042] [rrc] [debug] UE[5] new signal detected
[2026-09-30 15:04:00.042] [rrc] [info] RRC Setup for UE[4]
[2026-09-30 15:04:00.042] [ngap] [debug] Initial NAS message received from UE[3]
[2026-09-30 15:04:00.042] [rrc] [debug] UE[6] new signal detected
[2026-09-30 15:04:00.043] [ngap] [debug] Initial NAS message received from UE[4]
[2026-09-30 15:04:00.043] [rrc] [debug] UE[7] new signal detected
[2026-09-30 15:04:00.043] [rrc] [info] RRC Setup for UE[6]
[2026-09-30 15:04:00.043] [rrc] [debug] UE[8] new signal detected
[2026-09-30 15:04:00.044] [ngap] [debug] Initial NAS message received from UE[6]
[2026-09-30 15:04:00.044] [rrc] [debug] UE[9] new signal detected
[2026-09-30 15:04:00.044] [rrc] [info] RRC Setup for UE[8]
[2026-09-30 15:04:00.044] [rrc] [debug] UE[10] new signal detected
[2026-09-30 15:04:00.045] [rrc] [debug] UE[11] new signal detected
[2026-09-30 15:04:00.045] [ngap] [debug] Initial NAS message received from UE[8]
[2026-09-30 15:04:00.046] [rrc] [debug] UE[12] new signal detected
[2026-09-30 15:04:00.046] [rrc] [info] RRC Setup for UE[10]
[2026-09-30 15:04:00.046] [ngap] [debug] Initial NAS message received from UE[10]
[2026-09-30 15:04:00.049] [rrc] [info] RRC Setup for UE[9]
[2026-09-30 15:04:00.050] [ngap] [debug] Initial NAS message received from UE[9]
[2026-09-30 15:04:00.071] [ngap] [debug] Initial Context Setup Request received
[2026-09-30 15:04:00.071] [ngap] [debug] Initial Context Setup Request received
[2026-09-30 15:04:00.075] [ngap] [debug] Initial Context Setup Request received
[2026-09-30 15:04:00.075] [ngap] [debug] Initial Context Setup Request received
[2026-09-30 15:04:00.075] [ngap] [debug] Initial Context Setup Request received
[2026-09-30 15:04:00.077] [ngap] [debug] Initial Context Setup Request received
[2026-09-30 15:04:00.077] [ngap] [debug] Initial Context Setup Request received
[2026-09-30 15:04:00.077] [ngap] [debug] Initial Context Setup Request received
[2026-09-30 15:04:02.542] [rrc] [info] RRC Setup for UE[5]
[2026-09-30 15:04:02.542] [ngap] [debug] Initial NAS message received from UE[5]
[2026-09-30 15:04:02.543] [rrc] [info] RRC Setup for UE[7]
[2026-09-30 15:04:02.543] [ngap] [debug] Initial NAS message received from UE[7]
[2026-09-30 15:04:02.545] [rrc] [info] RRC Setup for UE[11]
[2026-09-30 15:04:02.545] [ngap] [debug] Initial NAS message received from UE[11]
[2026-09-30 15:04:02.546] [rrc] [info] RRC Setup for UE[12]
[2026-09-30 15:04:02.546] [ngap] [debug] Initial NAS message received from UE[12]
[2026-09-30 15:04:02.561] [ngap] [debug] Initial Context Setup Request received
[2026-09-30 15:04:02.563] [ngap] [debug] Initial Context Setup Request received
[2026-09-30 15:04:02.564] [ngap] [debug] Initial Context Setup Request received
[2026-09-30 15:04:02.566] [ngap] [debug] Initial Context Setup Request received
[2026-09-30 15:04:08.070] [ngap] [info] PDU session resource(s) setup for UE[12] count[1]
[2026-09-30 15:04:08.280] [ngap] [info] PDU session resource(s) setup for UE[10] count[1]
[2026-09-30 15:04:08.491] [ngap] [info] PDU session resource(s) setup for UE[9] count[1]
[2026-09-30 15:04:11.528] [ngap] [info] PDU session resource(s) released for UE[12] count[1]
[2026-09-30 15:04:11.738] [ngap] [info] PDU session resource(s) setup for UE[7] count[1]
[2026-09-30 15:04:11.943] [ngap] [info] PDU session resource(s) released for UE[9] count[1]
[2026-09-30 15:04:12.154] [ngap] [info] PDU session resource(s) setup for UE[11] count[1]
[2026-09-30 15:04:12.362] [ngap] [info] PDU session resource(s) released for UE[7] count[1]
[2026-09-30 15:04:12.570] [ngap] [info] PDU session resource(s) setup for UE[12] count[1]
[2026-09-30 15:04:12.775] [ngap] [info] PDU session resource(s) released for UE[11] count[1]
[2026-09-30 15:04:12.982] [ngap] [info] PDU session resource(s) setup for UE[2] count[1]
[2026-09-30 15:04:13.185] [ngap] [info] PDU session resource(s) released for UE[10] count[1]
[2026-09-30 15:04:13.395] [ngap] [info] PDU session resource(s) setup for UE[5] count[1]
[2026-09-30 15:04:13.598] [ngap] [info] PDU session resource(s) released for UE[2] count[1]
[2026-09-30 15:04:13.807] [ngap] [info] PDU session resource(s) setup for UE[8] count[1]
[2026-09-30 15:04:14.009] [ngap] [info] PDU session resource(s) released for UE[5] count[1]
[2026-09-30 15:04:14.218] [ngap] [info] PDU session resource(s) setup for UE[11] count[1]
[2026-09-30 15:04:14.421] [ngap] [info] PDU session resource(s) released for UE[11] count[1]
[2026-09-30 15:04:14.630] [ngap] [info] PDU session resource(s) setup for UE[4] count[1]
[2026-09-30 15:04:14.838] [ngap] [info] PDU session resource(s) released for UE[4] count[1]
[2026-09-30 15:04:15.046] [ngap] [info] PDU session resource(s) setup for UE[5] count[1]
[2026-09-30 15:04:15.249] [ngap] [info] PDU session resource(s) released for UE[8] count[1]
[2026-09-30 15:04:15.461] [ngap] [info] PDU session resource(s) setup for UE[9] count[1]
[2026-09-30 15:04:15.665] [ngap] [info] PDU session resource(s) released for UE[9] count[1]
[2026-09-30 15:04:15.875] [ngap] [info] PDU session resource(s) setup for UE[3] count[1]
[2026-09-30 15:04:16.077] [ngap] [info] PDU session resource(s) released for UE[5] count[1]
[2026-09-30 15:04:16.286] [ngap] [info] PDU session resource(s) setup for UE[6] count[1]
[2026-09-30 15:04:16.493] [ngap] [info] PDU session resource(s) released for UE[12] count[1]
[2026-09-30 15:04:16.703] [ngap] [info] PDU session resource(s) setup for UE[1] count[1]
[2026-09-30 15:04:16.905] [ngap] [info] PDU session resource(s) released for UE[1] count[1]
[2026-09-30 15:04:17.114] [ngap] [info] PDU session resource(s) setup for UE[12] count[1]
[2026-09-30 15:04:17.321] [ngap] [info] PDU session resource(s) released for UE[3] count[1]
[2026-09-30 15:04:17.531] [ngap] [info] PDU session resource(s) setup for UE[9] count[1]
[2026-09-30 15:04:17.733] [ngap] [info] PDU session resource(s) released for UE[9] count[1]
[2026-09-30 15:04:17.942] [ngap] [info] PDU session resource(s) setup for UE[11] count[1]
[2026-09-30 15:04:18.146] [ngap] [info] PDU session resource(s) released for UE[12] count[1]
[2026-09-30 15:04:18.359] [ngap] [info] PDU session resource(s) setup for UE[7] count[1]
[2026-09-30 15:04:18.565] [ngap] [info] PDU session resource(s) released for UE[7] count[1]
[2026-09-30 15:04:18.775] [ngap] [info] PDU session resource(s) setup for UE[8] count[1]
[2026-09-30 15:04:18.977] [ngap] [info] PDU session resource(s) released for UE[11] count[1]
[2026-09-30 15:04:19.186] [ngap] [info] PDU session resource(s) setup for UE[12] count[1]
[2026-09-30 15:04:19.390] [ngap] [info] PDU session resource(s) released for UE[12] count[1]
[2026-09-30 15:04:19.598] [ngap] [info] PDU session resource(s) setup for UE[5] count[1]
[2026-09-30 15:04:19.801] [ngap] [info] PDU session resource(s) released for UE[8] count[1]
[2026-09-30 15:04:20.010] [ngap] [info] PDU session resource(s) setup for UE[1] count[1]
[2026-09-30 15:04:20.214] [ngap] [info] PDU session resource(s) released for UE[1] count[1]
[2026-09-30 15:04:20.423] [ngap] [info] PDU session resource(s) setup for UE[3] count[1]
[2026-09-30 15:04:20.625] [ngap] [info] PDU session resource(s) released for UE[5] count[1]
[2026-09-30 15:04:20.837] [ngap] [info] PDU session resource(s) setup for UE[7] count[1]
[2026-09-30 15:04:21.042] [ngap] [info] PDU session resource(s) released for UE[6] count[1]
[2026-09-30 15:04:21.254] [ngap] [info] PDU session resource(s) setup for UE[8] count[1]
[2026-09-30 15:04:21.461] [ngap] [info] PDU session resource(s) released for UE[8] count[1]
[2026-09-30 15:04:21.670] [ngap] [info] PDU session resource(s) setup for UE[2] count[1]
[2026-09-30 15:04:21.874] [ngap] [info] PDU session resource(s) released for UE[3] count[1]
[2026-09-30 15:04:22.086] [ngap] [info] PDU session resource(s) setup for UE[12] count[1]
[2026-09-30 15:04:22.290] [ngap] [info] PDU session resource(s) released for UE[7] count[1]
[2026-09-30 15:04:22.504] [ngap] [info] PDU session resource(s) setup for UE[5] count[1]
[2026-09-30 15:04:22.710] [ngap] [info] PDU session resource(s) released for UE[5] count[1]
[2026-09-30 15:04:22.921] [ngap] [info] PDU session resource(s) setup for UE[7] count[1]
[2026-09-30 15:04:23.125] [ngap] [info] PDU session resource(s) released for UE[12] count[1]
[2026-09-30 15:04:23.336] [ngap] [info] PDU session resource(s) setup for UE[5] count[1]
[2026-09-30 15:04:23.541] [ngap] [info] PDU session resource(s) released for UE[5] count[1]
[2026-09-30 15:04:23.752] [ngap] [info] PDU session resource(s) setup for UE[11] count[1]
[2026-09-30 15:04:23.958] [ngap] [info] PDU session resource(s) released for UE[7] count[1]
[2026-09-30 15:04:24.168] [ngap] [info] PDU session resource(s) setup for UE[6] count[1]
[2026-09-30 15:04:24.379] [ngap] [info] PDU session resource(s) released for UE[6] count[1]
[2026-09-30 15:04:24.586] [ngap] [info] PDU session resource(s) setup for UE[5] count[1]
[2026-09-30 15:04:24.790] [ngap] [info] PDU session resource(s) released for UE[5] count[1]
[2026-09-30 15:04:25.003] [ngap] [info] PDU session resource(s) setup for UE[12] count[1]
[2026-09-30 15:04:25.205] [ngap] [info] PDU session resource(s) released for UE[12] count[1]
[2026-09-30 15:04:25.416] [ngap] [info] PDU session resource(s) setup for UE[10] count[1]
[2026-09-30 15:04:25.626] [ngap] [info] PDU session resource(s) released for UE[11] count[1]
[2026-09-30 15:04:25.836] [ngap] [info] PDU session resource(s) setup for UE[8] count[1]
[2026-09-30 15:04:26.041] [ngap] [info] PDU session resource(s) released for UE[8] count[1]
[2026-09-30 15:04:26.252] [ngap] [info] PDU session resource(s) setup for UE[5] count[1]
[2026-09-30 15:04:26.457] [ngap] [info] PDU session resource(s) released for UE[10] count[1]
[2026-09-30 15:04:26.666] [ngap] [info] PDU session resource(s) setup for UE[1] count[1]
[2026-09-30 15:04:26.870] [ngap] [info] PDU session resource(s) released for UE[5] count[1]
[2026-09-30 15:04:27.078] [ngap] [info] PDU session resource(s) setup for UE[10] count[1]
[2026-09-30 15:04:27.281] [ngap] [info] PDU session resource(s) released for UE[10] count[1]
[2026-09-30 15:04:27.494] [ngap] [info] PDU session resource(s) setup for UE[12] count[1]
[2026-09-30 15:04:27.697] [ngap] [info] PDU session resource(s) released for UE[2] count[1]
[2026-09-30 15:04:27.907] [ngap] [info] PDU session resource(s) setup for UE[5] count[1]
[2026-09-30 15:04:28.109] [ngap] [info] PDU session resource(s) released for UE[5] count[1]
[2026-09-30 15:04:28.322] [ngap] [info] PDU session resource(s) setup for UE[2] count[1]
[2026-09-30 15:04:28.525] [ngap] [info] PDU session resource(s) released for UE[1] count[1]
[2026-09-30 15:04:28.735] [ngap] [info] PDU session resource(s) setup for UE[3] count[1]
[2026-09-30 15:04:28.937] [ngap] [info] PDU session resource(s) released for UE[3] count[1]
[2026-09-30 15:04:29.151] [ngap] [info] PDU session resource(s) setup for UE[10] count[1]
[2026-09-30 15:04:29.354] [ngap] [info] PDU session resource(s) released for UE[2] count[1]
[2026-09-30 15:04:29.564] [ngap] [info] PDU session resource(s) setup for UE[1] count[1]
[2026-09-30 15:04:29.769] [ngap] [info] PDU session resource(s) released for UE[1] count[1]
[2026-09-30 15:04:29.978] [ngap] [info] PDU session resource(s) setup for UE[4] count[1]
[2026-09-30 15:04:30.181] [ngap] [info] PDU session resource(s) released for UE[10] count[1]
[2026-09-30 15:04:30.391] [ngap] [info] PDU session resource(s) setup for UE[9] count[1]
[2026-09-30 15:04:30.593] [ngap] [info] PDU session resource(s) released for UE[4] count[1]
[2026-09-30 15:04:30.803] [ngap] [info] PDU session resource(s) setup for UE[2] count[1]
[2026-09-30 15:04:31.005] [ngap] [info] PDU session resource(s) released for UE[2] count[1]
[2026-09-30 15:04:31.215] [ngap] [info] PDU session resource(s) setup for UE[11] count[1]
[2026-09-30 15:04:31.418] [ngap] [info] PDU session resource(s) released for UE[12] count[1]
[2026-09-30 15:04:31.626] [ngap] [info] PDU session resource(s) setup for UE[2] count[1]
[2026-09-30 15:04:31.829] [ngap] [info] PDU session resource(s) released for UE[9] count[1]
[2026-09-30 15:04:32.038] [ngap] [info] PDU session resource(s) setup for UE[7] count[1]
[2026-09-30 15:04:32.241] [ngap] [info] PDU session resource(s) released for UE[11] count[1]
[2026-09-30 15:04:32.456] [ngap] [info] PDU session resource(s) setup for UE[9] count[1]
[2026-09-30 15:04:32.661] [ngap] [info] PDU session resource(s) released for UE[9] count[1]
[2026-09-30 15:04:32.871] [ngap] [info] PDU session resource(s) setup for UE[3] count[1]
[2026-09-30 15:04:33.073] [ngap] [info] PDU session resource(s) released for UE[7] count[1]
[2026-09-30 15:04:33.282] [ngap] [info] PDU session resource(s) setup for UE[9] count[1]
[2026-09-30 15:04:33.485] [ngap] [info] PDU session resource(s) released for UE[3] count[1]
[2026-09-30 15:04:33.696] [ngap] [info] PDU session resource(s) setup for UE[4] count[1]
[2026-09-30 15:04:33.901] [ngap] [info] PDU session resource(s) released for UE[9] count[1]
[2026-09-30 15:04:34.110] [ngap] [info] PDU session resource(s) setup for UE[10] count[1]
[2026-09-30 15:04:34.313] [ngap] [info] PDU session resource(s) released for UE[10] count[1]
[2026-09-30 15:04:34.526] [ngap] [info] PDU session resource(s) setup for UE[9] count[1]
[2026-09-30 15:04:34.729] [ngap] [info] PDU session resource(s) released for UE[9] count[1]
[2026-09-30 15:04:34.939] [ngap] [info] PDU session resource(s) setup for UE[6] count[1]
[2026-09-30 15:04:35.141] [ngap] [info] PDU session resource(s) released for UE[4] count[1]
[2026-09-30 15:04:35.350] [ngap] [info] PDU session resource(s) setup for UE[9] count[1]
[2026-09-30 15:04:35.553] [ngap] [info] PDU session resource(s) released for UE[2] count[1]
[2026-09-30 15:04:35.763] [ngap] [info] PDU session resource(s) setup for UE[4] count[1]
[2026-09-30 15:04:35.965] [ngap] [info] PDU session resource(s) released for UE[4] count[1]
[2026-09-30 15:04:36.176] [ngap] [info] PDU session resource(s) setup for UE[12] count[1]
[2026-09-30 15:04:36.381] [ngap] [info] PDU session resource(s) released for UE[9] count[1]
[2026-09-30 15:04:36.592] [ngap] [info] PDU session resource(s) setup for UE[8] count[1]
[2026-09-30 15:04:36.799] [ngap] [info] PDU session resource(s) released for UE[12] count[1]
[2026-09-30 15:04:37.009] [ngap] [info] PDU session resource(s) setup for UE[10] count[1]
[2026-09-30 15:04:37.213] [ngap] [info] PDU session resource(s) released for UE[10] count[1]
[2026-09-30 15:04:37.425] [ngap] [info] PDU session resource(s) setup for UE[12] count[1]
[2026-09-30 15:04:37.629] [ngap] [info] PDU session resource(s) released for UE[6] count[1]
[2026-09-30 15:04:37.840] [ngap] [info] PDU session resource(s) setup for UE[10] count[1]
[2026-09-30 15:04:38.049] [ngap] [info] PDU session resource(s) released for UE[12] count[1]
[2026-09-30 15:04:38.262] [ngap] [info] PDU session resource(s) setup for UE[9] count[1]
[2026-09-30 15:04:38.465] [ngap] [info] PDU session resource(s) released for UE[10] count[1]
[2026-09-30 15:04:38.675] [ngap] [info] PDU session resource(s) setup for UE[4] count[1]
[2026-09-30 15:04:38.878] [ngap] [info] PDU session resource(s) released for UE[9] count[1]
[2026-09-30 15:04:39.090] [ngap] [info] PDU session resource(s) setup for UE[5] count[1]
[2026-09-30 15:04:39.293] [ngap] [info] PDU session resource(s) released for UE[5] count[1]
[2026-09-30 15:04:39.503] [ngap] [info] PDU session resource(s) setup for UE[9] count[1]
[2026-09-30 15:04:39.709] [ngap] [info] PDU session resource(s) released for UE[9] count[1]
[2026-09-30 15:04:39.919] [ngap] [info] PDU session resource(s) setup for UE[6] count[1]
[2026-09-30 15:04:40.122] [ngap] [info] PDU session resource(s) released for UE[4] count[1]
[2026-09-30 15:04:40.331] [ngap] [info] PDU session resource(s) setup for UE[1] count[1]
[2026-09-30 15:04:40.533] [ngap] [info] PDU session resource(s) released for UE[8] count[1]
[2026-09-30 15:04:40.743] [ngap] [info] PDU session resource(s) setup for UE[3] count[1]
[2026-09-30 15:04:40.950] [ngap] [info] PDU session resource(s) released for UE[3] count[1]
[2026-09-30 15:04:41.159] [ngap] [info] PDU session resource(s) setup for UE[2] count[1]
[2026-09-30 15:04:41.361] [ngap] [info] PDU session resource(s) released for UE[6] count[1]
[2026-09-30 15:04:41.575] [ngap] [info] PDU session resource(s) setup for UE[3] count[1]
[2026-09-30 15:04:41.777] [ngap] [info] PDU session resource(s) released for UE[2] count[1]
[2026-09-30 15:04:41.986] [ngap] [info] PDU session resource(s) setup for UE[11] count[1]
[2026-09-30 15:04:42.189] [ngap] [info] PDU session resource(s) released for UE[11] count[1]
[2026-09-30 15:04:42.398] [ngap] [info] PDU session resource(s) setup for UE[12] count[1]
[2026-09-30 15:04:42.608] [ngap] [info] PDU session resource(s) released for UE[1] count[1]
[2026-09-30 15:04:42.821] [ngap] [info] PDU session resource(s) setup for UE[7] count[1]
[2026-09-30 15:04:43.023] [ngap] [info] PDU session resource(s) released for UE[12] count[1]
[2026-09-30 15:04:43.232] [ngap] [info] PDU session resource(s) setup for UE[10] count[1]
[2026-09-30 15:04:43.436] [ngap] [info] PDU session resource(s) released for UE[7] count[1]
[2026-09-30 15:04:43.646] [ngap] [info] PDU session resource(s) setup for UE[8] count[1]
[2026-09-30 15:04:43.856] [ngap] [info] PDU session resource(s) released for UE[10] count[1]
[2026-09-30 15:04:44.067] [ngap] [info] PDU session resource(s) setup for UE[9] count[1]
[2026-09-30 15:04:44.272] [ngap] [info] PDU session resource(s) released for UE[9] count[1]
[2026-09-30 15:04:44.481] [ngap] [info] PDU session resource(s) setup for UE[6] count[1]
[2026-09-30 15:04:44.684] [ngap] [info] PDU session resource(s) released for UE[8] count[1]
[2026-09-30 15:04:44.898] [ngap] [info] PDU session resource(s) setup for UE[1] count[1]
[2026-09-30 15:04:45.108] [ngap] [info] PDU session resource(s) released for UE[3] count[1]
[2026-09-30 15:04:45.317] [ngap] [info] PDU session resource(s) setup for UE[2] count[1]
[2026-09-30 15:04:45.520] [ngap] [info] PDU session resource(s) released for UE[6] count[1]
[2026-09-30 15:04:45.731] [ngap] [info] PDU session resource(s) setup for UE[7] count[1]
[2026-09-30 15:04:45.935] [ngap] [info] PDU session resource(s) released for UE[7] count[1]
[2026-09-30 15:04:46.146] [ngap] [info] PDU session resource(s) setup for UE[11] count[1]
[2026-09-30 15:04:46.347] [ngap] [info] PDU session resource(s) released for UE[11] count[1]
[2026-09-30 15:04:46.561] [ngap] [info] PDU session resource(s) setup for UE[9] count[1]
[2026-09-30 15:04:46.763] [ngap] [info] PDU session resource(s) released for UE[9] count[1]
[2026-09-30 15:04:46.975] [ngap] [info] PDU session resource(s) setup for UE[8] count[1]
[2026-09-30 15:04:47.180] [ngap] [info] PDU session resource(s) released for UE[2] count[1]
[2026-09-30 15:04:47.390] [ngap] [info] PDU session resource(s) setup for UE[6] count[1]
[2026-09-30 15:04:47.592] [ngap] [info] PDU session resource(s) released for UE[8] count[1]
[2026-09-30 15:04:47.800] [ngap] [info] PDU session resource(s) setup for UE[9] count[1]
[2026-09-30 15:04:48.004] [ngap] [info] PDU session resource(s) released for UE[1] count[1]
[2026-09-30 15:04:48.215] [ngap] [info] PDU session resource(s) setup for UE[5] count[1]
[2026-09-30 15:04:48.420] [ngap] [info] PDU session resource(s) released for UE[9] count[1]
[2026-09-30 15:04:48.629] [ngap] [info] PDU session resource(s) setup for UE[2] count[1]
[2026-09-30 15:04:48.832] [ngap] [info] PDU session resource(s) released for UE[5] count[1]
[2026-09-30 15:04:49.041] [ngap] [info] PDU session resource(s) setup for UE[8] count[1]
[2026-09-30 15:04:49.244] [ngap] [info] PDU session resource(s) released for UE[6] count[1]
[2026-09-30 15:04:49.456] [ngap] [info] PDU session resource(s) setup for UE[7] count[1]
[2026-09-30 15:04:49.660] [ngap] [info] PDU session resource(s) released for UE[2] count[1]
[2026-09-30 15:04:49.875] [ngap] [info] PDU session resource(s) setup for UE[11] count[1]
[2026-09-30 15:04:50.080] [ngap] [info] PDU session resource(s) released for UE[11] count[1]
[2026-09-30 15:04:50.289] [ngap] [info] PDU session resource(s) setup for UE[2] count[1]
[2026-09-30 15:04:50.496] [ngap] [info] PDU session resource(s) released for UE[8] count[1]
[2026-09-30 15:04:50.704] [ngap] [info] PDU session resource(s) setup for UE[5] count[1]
[2026-09-30 15:04:50.913] [ngap] [info] PDU session resource(s) released for UE[7] count[1]
[2026-09-30 15:04:51.121] [ngap] [info] PDU session resource(s) setup for UE[3] count[1]
[2026-09-30 15:04:51.323] [ngap] [info] PDU session resource(s) released for UE[2] count[1]
[2026-09-30 15:04:51.533] [ngap] [info] PDU session resource(s) setup for UE[11] count[1]
[2026-09-30 15:04:51.740] [ngap] [info] PDU session resource(s) released for UE[5] count[1]
[2026-09-30 15:04:51.951] [ngap] [info] PDU session resource(s) setup for UE[4] count[1]
[2026-09-30 15:04:52.156] [ngap] [info] PDU session resource(s) released for UE[4] count[1]
[2026-09-30 15:04:52.367] [ngap] [info] PDU session resource(s) setup for UE[1] count[1]
[2026-09-30 15:04:52.575] [ngap] [info] PDU session resource(s) released for UE[11] count[1]
[2026-09-30 15:04:52.785] [ngap] [info] PDU session resource(s) setup for UE[4] count[1]
[2026-09-30 15:04:52.987] [ngap] [info] PDU session resource(s) released for UE[4] count[1]
[2026-09-30 15:04:53.198] [ngap] [info] PDU session resource(s) setup for UE[2] count[1]
[2026-09-30 15:04:53.400] [ngap] [info] PDU session resource(s) released for UE[2] count[1]
[2026-09-30 15:04:53.615] [ngap] [info] PDU session resource(s) setup for UE[6] count[1]
[2026-09-30 15:04:53.820] [ngap] [info] PDU session resource(s) released for UE[6] count[1]
[2026-09-30 15:04:54.029] [ngap] [info] PDU session resource(s) setup for UE[2] count[1]
[2026-09-30 15:04:54.232] [ngap] [info] PDU session resource(s) released for UE[1] count[1]
[2026-09-30 15:04:54.442] [ngap] [info] PDU session resource(s) setup for UE[8] count[1]
[2026-09-30 15:04:54.647] [ngap] [info] PDU session resource(s) released for UE[8] count[1]
[2026-09-30 15:04:54.858] [ngap] [info] PDU session resource(s) setup for UE[12] count[1]
[2026-09-30 15:04:55.060] [ngap] [info] PDU session resource(s) released for UE[2] count[1]
[2026-09-30 15:04:55.269] [ngap] [info] PDU session resource(s) setup for UE[4] count[1]
[2026-09-30 15:04:55.471] [ngap] [info] PDU session resource(s) released for UE[4] count[1]
[2026-09-30 15:04:55.682] [ngap] [info] PDU session resource(s) setup for UE[1] count[1]
[2026-09-30 15:04:55.888] [ngap] [info] PDU session resource(s) released for UE[3] count[1]
[2026-09-30 15:04:56.097] [ngap] [info] PDU session resource(s) setup for UE[11] count[1]
[2026-09-30 15:04:56.300] [ngap] [info] PDU session resource(s) released for UE[12] count[1]
[2026-09-30 15:04:56.510] [ngap] [info] PDU session resource(s) setup for UE[5] count[1]
[2026-09-30 15:04:56.712] [ngap] [info] PDU session resource(s) released for UE[1] count[1]
[2026-09-30 15:04:56.925] [ngap] [info] PDU session resource(s) setup for UE[8] count[1]
[2026-09-30 15:04:57.128] [ngap] [info] PDU session resource(s) released for UE[11] count[1]
[2026-09-30 15:04:57.341] [ngap] [info] PDU session resource(s) setup for UE[9] count[1]
[2026-09-30 15:04:57.543] [ngap] [info] PDU session resource(s) released for UE[8] count[1]
[2026-09-30 15:04:57.754] [ngap] [info] PDU session resource(s) setup for UE[4] count[1]
[2026-09-30 15:04:57.961] [ngap] [info] PDU session resource(s) released for UE[4] count[1]
[2026-09-30 15:04:58.169] [ngap] [info] PDU session resource(s) setup for UE[6] count[1]
[2026-09-30 15:04:58.372] [ngap] [info] PDU session resource(s) released for UE[9] count[1]
[2026-09-30 15:04:58.580] [ngap] [info] PDU session resource(s) setup for UE[12] count[1]
[2026-09-30 15:04:58.784] [ngap] [info] PDU session resource(s) released for UE[5] count[1]
[2026-09-30 15:04:58.994] [ngap] [info] PDU session resource(s) setup for UE[10] count[1]
[2026-09-30 15:04:59.200] [ngap] [info] PDU session resource(s) released for UE[10] count[1]
[2026-09-30 15:04:59.409] [ngap] [info] PDU session resource(s) setup for UE[7] count[1]
[2026-09-30 15:04:59.612] [ngap] [info] PDU session resource(s) released for UE[7] count[1]
[2026-09-30 15:04:59.821] [ngap] [info] PDU session resource(s) setup for UE[11] count[1]
[2026-09-30 15:05:00.028] [ngap] [info] PDU session resource(s) released for UE[11] count[1]
[2026-09-30 15:05:00.236] [ngap] [info] PDU session resource(s) setup for UE[10] count[1]
[2026-09-30 15:05:00.441] [ngap] [info] PDU session resource(s) released for UE[6] count[1]
[2026-09-30 15:05:00.651] [ngap] [info] PDU session resource(s) setup for UE[11] count[1]
[2026-09-30 15:05:00.860] [ngap] [info] PDU session resource(s) released for UE[12] count[1]
[2026-09-30 15:05:01.074] [ngap] [info] PDU session resource(s) setup for UE[5] count[1]
[2026-09-30 15:05:01.275] [ngap] [info] PDU session resource(s) released for UE[10] count[1]
[2026-09-30 15:05:01.488] [ngap] [info] PDU session resource(s) setup for UE[9] count[1]
[2026-09-30 15:05:01.692] [ngap] [info] PDU session resource(s) released for UE[11] count[1]
[2026-09-30 15:05:01.904] [ngap] [info] PDU session resource(s) setup for UE[8] count[1]
[2026-09-30 15:05:02.109] [ngap] [info] PDU session resource(s) released for UE[8] count[1]
[2026-09-30 15:05:02.321] [ngap] [info] PDU session resource(s) setup for UE[12] count[1]
[2026-09-30 15:05:02.524] [ngap] [info] PDU session resource(s) released for UE[12] count[1]
[2026-09-30 15:05:02.735] [ngap] [info] PDU session resource(s) setup for UE[4] count[1]
[2026-09-30 15:05:02.940] [ngap] [info] PDU session resource(s) released for UE[9] count[1]
[2026-09-30 15:05:03.149] [ngap] [info] PDU session resource(s) setup for UE[3] count[1]
[2026-09-30 15:05:03.351] [ngap] [info] PDU session resource(s) released for UE[3] count[1]
[2026-09-30 15:05:03.564] [ngap] [info] PDU session resource(s) setup for UE[8] count[1]
[2026-09-30 15:05:03.767] [ngap] [info] PDU session resource(s) released for UE[4] count[1]
[2026-09-30 15:05:03.980] [ngap] [info] PDU session resource(s) setup for UE[3] count[1]
[2026-09-30 15:05:04.187] [ngap] [info] PDU session resource(s) released for UE[8] count[1]
[2026-09-30 15:05:04.403] [ngap] [info] PDU session resource(s) setup for UE[2] count[1]
[2026-09-30 15:05:04.607] [ngap] [info] PDU session resource(s) released for UE[3] count[1]
[2026-09-30 15:05:04.816] [ngap] [info] PDU session resource(s) setup for UE[9] count[1]
[2026-09-30 15:05:05.021] [ngap] [info] PDU session resource(s) released for UE[2] count[1]
[2026-09-30 15:05:05.229] [ngap] [info] PDU session resource(s) setup for UE[1] count[1]
[2026-09-30 15:05:05.432] [ngap] [info] PDU session resource(s) released for UE[5] count[1]
[2026-09-30 15:05:05.645] [ngap] [info] PDU session resource(s) setup for UE[11] count[1]
[2026-09-30 15:05:05.847] [ngap] [info] PDU session resource(s) released for UE[1] count[1]
[2026-09-30 15:05:06.059] [ngap] [info] PDU session resource(s) setup for UE[10] count[1]
[2026-09-30 15:05:06.264] [ngap] [info] PDU session resource(s) released for UE[11] count[1]
[2026-09-30 15:05:06.473] [ngap] [info] PDU session resource(s) setup for UE[2] count[1]
[2026-09-30 15:05:06.676] [ngap] [info] PDU session resource(s) released for UE[9] count[1]
[2026-09-30 15:05:06.885] [ngap] [info] PDU session resource(s) setup for UE[8] count[1]
[2026-09-30 15:05:07.088] [ngap] [info] PDU session resource(s) released for UE[8] count[1]
[2026-09-30 15:05:07.300] [ngap] [info] PDU session resource(s) setup for UE[6] count[1]
[2026-09-30 15:05:07.504] [ngap] [info] PDU session resource(s) released for UE[2] count[1]
[2026-09-30 15:05:07.714] [ngap] [info] PDU session resource(s) setup for UE[8] count[1]
[2026-09-30 15:05:07.920] [ngap] [info] PDU session resource(s) released for UE[6] count[1]
[2026-09-30 15:05:08.129] [ngap] [info] PDU session resource(s) setup for UE[2] count[1]
[2026-09-30 15:05:08.332] [ngap] [info] PDU session resource(s) released for UE[8] count[1]
[2026-09-30 15:05:08.545] [ngap] [info] PDU session resource(s) setup for UE[6] count[1]
[2026-09-30 15:05:08.748] [ngap] [info] PDU session resource(s) released for UE[10] count[1]
[2026-09-30 15:05:08.960] [ngap] [info] PDU session resource(s) setup for UE[12] count[1]
[2026-09-30 15:05:09.165] [ngap] [info] PDU session resource(s) released for UE[12] count[1]
[2026-09-30 15:05:09.378] [ngap] [info] PDU session resource(s) setup for UE[7] count[1]
[2026-09-30 15:05:09.580] [ngap] [info] PDU session resource(s) released for UE[2] count[1]
[2026-09-30 15:05:09.792] [ngap] [info] PDU session resource(s) setup for UE[5] count[1]
[2026-09-30 15:05:10.000] [ngap] [info] PDU session resource(s) released for UE[6] count[1]
[2026-09-30 15:05:10.211] [ngap] [info] PDU session resource(s) setup for UE[1] count[1]
[2026-09-30 15:05:10.420] [ngap] [info] PDU session resource(s) released for UE[1] count[1]
[2026-09-30 15:05:10.634] [ngap] [info] PDU session resource(s) setup for UE[9] count[1]
[2026-09-30 15:05:10.840] [ngap] [info] PDU session resource(s) released for UE[5] count[1]
[2026-09-30 15:05:11.056] [ngap] [info] PDU session resource(s) setup for UE[12] count[1]
[2026-09-30 15:05:11.265] [ngap] [info] PDU session resource(s) released for UE[12] count[1]
[2026-09-30 15:05:11.476] [ngap] [info] PDU session resource(s) setup for UE[5] count[1]
[2026-09-30 15:05:11.681] [ngap] [info] PDU session resource(s) released for UE[9] count[1]
[2026-09-30 15:05:11.890] [ngap] [info] PDU session resource(s) setup for UE[2] count[1]
[2026-09-30 15:05:12.096] [ngap] [info] PDU session resource(s) released for UE[5] count[1]
[2026-09-30 15:05:12.310] [ngap] [info] PDU session resource(s) setup for UE[6] count[1]
[2026-09-30 15:05:12.516] [ngap] [info] PDU session resource(s) released for UE[7] count[1]
[2026-09-30 15:05:12.728] [ngap] [info] PDU session resource(s) setup for UE[10] count[1]
[2026-09-30 15:05:12.936] [ngap] [info] PDU session resource(s) released for UE[2] count[1]
[2026-09-30 15:05:13.147] [ngap] [info] PDU session resource(s) setup for UE[5] count[1]
[2026-09-30 15:05:13.350] [ngap] [info] PDU session resource(s) released for UE[6] count[1]
[2026-09-30 15:05:13.560] [ngap] [info] PDU session resource(s) setup for UE[2] count[1]
[2026-09-30 15:05:13.762] [ngap] [info] PDU session resource(s) released for UE[10] count[1]
[2026-09-30 15:05:13.979] [ngap] [info] PDU session resource(s) setup for UE[12] count[1]
[2026-09-30 15:05:14.183] [ngap] [info] PDU session resource(s) released for UE[5] count[1]
[2026-09-30 15:05:14.400] [ngap] [info] PDU session resource(s) setup for UE[7] count[1]
[2026-09-30 15:05:14.607] [ngap] [info] PDU session resource(s) released for UE[2] count[1]
[2026-09-30 15:05:14.816] [ngap] [info] PDU session resource(s) setup for UE[6] count[1]
[2026-09-30 15:05:15.018] [ngap] [info] PDU session resource(s) released for UE[12] count[1]
[2026-09-30 15:05:15.231] [ngap] [info] PDU session resource(s) setup for UE[11] count[1]
[2026-09-30 15:05:15.435] [ngap] [info] PDU session resource(s) released for UE[6] count[1]
[2026-09-30 15:05:15.642] [ngap] [info] PDU session resource(s) setup for UE[3] count[1]
[2026-09-30 15:05:15.846] [ngap] [info] PDU session resource(s) released for UE[3] count[1]
[2026-09-30 15:05:16.055] [ngap] [info] PDU session resource(s) setup for UE[2] count[1]
[2026-09-30 15:05:16.258] [ngap] [info] PDU session resource(s) released for UE[7] count[1]
[2026-09-30 15:05:16.466] [ngap] [info] PDU session resource(s) setup for UE[3] count[1]
[2026-09-30 15:05:16.670] [ngap] [info] PDU session resource(s) released for UE[11] count[1]
[2026-09-30 15:05:16.879] [ngap] [info] PDU session resource(s) setup for UE[8] count[1]
[2026-09-30 15:05:17.082] [ngap] [info] PDU session resource(s) released for UE[3] count[1]
[2026-09-30 15:05:17.292] [ngap] [info] PDU session resource(s) setup for UE[12] count[1]
[2026-09-30 15:05:17.494] [ngap] [info] PDU session resource(s) released for UE[8] count[1]
[2026-09-30 15:05:17.702] [ngap] [info] PDU session resource(s) setup for UE[3] count[1]
[2026-09-30 15:05:17.907] [ngap] [info] PDU session resource(s) released for UE[2] count[1]
[2026-09-30 15:05:18.117] [ngap] [info] PDU session resource(s) setup for UE[11] count[1]
[2026-09-30 15:05:18.322] [ngap] [info] PDU session resource(s) released for UE[3] count[1]
[2026-09-30 15:05:18.555] [ngap] [info] PDU session resource(s) setup for UE[1] count[1]
[2026-09-30 15:05:18.763] [ngap] [info] PDU session resource(s) released for UE[12] count[1]
[2026-09-30 15:05:18.972] [ngap] [info] PDU session resource(s) setup for UE[6] count[1]
[2026-09-30 15:05:19.174] [ngap] [info] PDU session resource(s) released for UE[11] count[1]
[2026-09-30 15:05:19.389] [ngap] [info] PDU session resource(s) setup for UE[4] count[1]
[2026-09-30 15:05:19.598] [ngap] [info] PDU session resource(s) released for UE[1] count[1]
[2026-09-30 15:05:19.808] [ngap] [info] PDU session resource(s) setup for UE[3] count[1]
[2026-09-30 15:05:20.011] [ngap] [info] PDU session resource(s) released for UE[6] count[1]
[2026-09-30 15:05:20.221] [ngap] [info] PDU session resource(s) setup for UE[9] count[1]
[2026-09-30 15:05:20.426] [ngap] [info] PDU session resource(s) released for UE[4] count[1]
[2026-09-30 15:05:20.642] [ngap] [info] PDU session resource(s) setup for UE[8] count[1]
[2026-09-30 15:05:20.850] [ngap] [info] PDU session resource(s) released for UE[8] count[1]
[2026-09-30 15:05:21.062] [ngap] [info] PDU session resource(s) setup for UE[1] count[1]
[2026-09-30 15:05:21.267] [ngap] [info] PDU session resource(s) released for UE[3] count[1]
[2026-09-30 15:05:21.475] [ngap] [info] PDU session resource(s) setup for UE[5] count[1]
[2026-09-30 15:05:21.678] [ngap] [info] PDU session resource(s) released for UE[1] count[1]
[2026-09-30 15:05:21.888] [ngap] [info] PDU session resource(s) setup for UE[2] count[1]
[2026-09-30 15:05:22.094] [ngap] [info] PDU session resource(s) released for UE[2] count[1]
[2026-09-30 15:05:22.303] [ngap] [info] PDU session resource(s) setup for UE[11] count[1]
[2026-09-30 15:05:22.507] [ngap] [info] PDU session resource(s) released for UE[9] count[1]
[2026-09-30 15:05:22.716] [ngap] [info] PDU session resource(s) setup for UE[7] count[1]
[2026-09-30 15:05:22.918] [ngap] [info] PDU session resource(s) released for UE[11] count[1]
[2026-09-30 15:05:23.128] [ngap] [info] PDU session resource(s) setup for UE[1] count[1]
[2026-09-30 15:05:23.331] [ngap] [info] PDU session resource(s) released for UE[1] count[1]
[2026-09-30 15:05:23.543] [ngap] [info] PDU session resource(s) setup for UE[8] count[1]
[2026-09-30 15:05:23.747] [ngap] [info] PDU session resource(s) released for UE[8] count[1]
[2026-09-30 15:05:23.956] [ngap] [info] PDU session resource(s) setup for UE[3] count[1]
[2026-09-30 15:05:24.159] [ngap] [info] PDU session resource(s) released for UE[3] count[1]
[2026-09-30 15:05:24.367] [ngap] [info] PDU session resource(s) setup for UE[1] count[1]
[2026-09-30 15:05:24.570] [ngap] [info] PDU session resource(s) released for UE[7] count[1]
[2026-09-30 15:05:24.779] [ngap] [info] PDU session resource(s) setup for UE[12] count[1]
[2026-09-30 15:05:24.982] [ngap] [info] PDU session resource(s) released for UE[5] count[1]
[2026-09-30 15:05:25.193] [ngap] [info] PDU session resource(s) setup for UE[11] count[1]
[2026-09-30 15:05:25.398] [ngap] [info] PDU session resource(s) released for UE[1] count[1]
[2026-09-30 15:05:25.606] [ngap] [info] PDU session resource(s) setup for UE[10] count[1]
[2026-09-30 15:05:25.810] [ngap] [info] PDU session resource(s) released for UE[12] count[1]
[2026-09-30 15:05:26.022] [ngap] [info] PDU session resource(s) setup for UE[8] count[1]
[2026-09-30 15:05:26.227] [ngap] [info] PDU session resource(s) released for UE[8] count[1]
[2026-09-30 15:05:26.440] [ngap] [info] PDU session resource(s) setup for UE[7] count[1]
[2026-09-30 15:05:26.642] [ngap] [info] PDU session resource(s) released for UE[10] count[1]
[2026-09-30 15:05:26.851] [ngap] [info] PDU session resource(s) setup for UE[1] count[1]
[2026-09-30 15:05:27.058] [ngap] [info] PDU session resource(s) released for UE[7] count[1]
[2026-09-30 15:05:27.269] [ngap] [info] PDU session resource(s) setup for UE[12] count[1]
[2026-09-30 15:05:27.474] [ngap] [info] PDU session resource(s) released for UE[11] count[1]
[2026-09-30 15:05:27.683] [ngap] [info] PDU session resource(s) setup for UE[4] count[1]
[2026-09-30 15:05:27.886] [ngap] [info] PDU session resource(s) released for UE[12] count[1]
[2026-09-30 15:05:28.096] [ngap] [info] PDU session resource(s) setup for UE[7] count[1]
[2026-09-30 15:05:28.298] [ngap] [info] PDU session resource(s) released for UE[1] count[1]
[2026-09-30 15:05:28.508] [ngap] [info] PDU session resource(s) setup for UE[5] count[1]
[2026-09-30 15:05:28.711] [ngap] [info] PDU session resource(s) released for UE[4] count[1]
[2026-09-30 15:05:28.921] [ngap] [info] PDU session resource(s) setup for UE[1] count[1]
[2026-09-30 15:05:29.126] [ngap] [info] PDU session resource(s) released for UE[1] count[1]
[2026-09-30 15:05:29.336] [ngap] [info] PDU session resource(s) setup for UE[12] count[1]
[2026-09-30 15:05:29.538] [ngap] [info] PDU session resource(s) released for UE[12] count[1]
[2026-09-30 15:05:29.747] [ngap] [info] PDU session resource(s) setup for UE[10] count[1]
[2026-09-30 15:05:29.950] [ngap] [info] PDU session resource(s) released for UE[5] count[1]
[2026-09-30 15:05:30.164] [ngap] [info] PDU session resource(s) setup for UE[9] count[1]
[2026-09-30 15:05:30.367] [ngap] [info] PDU session resource(s) released for UE[9] count[1]
[2026-09-30 15:05:30.576] [ngap] [info] PDU session resource(s) setup for UE[8] count[1]
[2026-09-30 15:05:30.778] [ngap] [info] PDU session resource(s) released for UE[10] count[1]
[2026-09-30 15:05:30.988] [ngap] [info] PDU session resource(s) setup for UE[11] count[1]
[2026-09-30 15:05:31.190] [ngap] [info] PDU session resource(s) released for UE[7] count[1]
[2026-09-30 15:05:31.405] [ngap] [info] PDU session resource(s) setup for UE[12] count[1]
[2026-09-30 15:05:31.610] [ngap] [info] PDU session resource(s) released for UE[8] count[1]
[2026-09-30 15:05:31.821] [ngap] [info] PDU session resource(s) setup for UE[1] count[1]
[2026-09-30 15:05:32.026] [ngap] [info] PDU session resource(s) released for UE[11] count[1]
[2026-09-30 15:05:32.236] [ngap] [info] PDU session resource(s) setup for UE[7] count[1]
[2026-09-30 15:05:32.438] [ngap] [info] PDU session resource(s) released for UE[12] count[1]
[2026-09-30 15:05:32.649] [ngap] [info] PDU session resource(s) setup for UE[9] count[1]
[2026-09-30 15:05:32.854] [ngap] [info] PDU session resource(s) released for UE[1] count[1]
[2026-09-30 15:05:33.063] [ngap] [info] PDU session resource(s) setup for UE[8] count[1]
[2026-09-30 15:05:33.266] [ngap] [info] PDU session resource(s) released for UE[9] count[1]
[2026-09-30 15:05:33.477] [ngap] [info] PDU session resource(s) setup for UE[6] count[1]
[2026-09-30 15:05:33.684] [ngap] [info] PDU session resource(s) released for UE[8] count[1]
[2026-09-30 15:05:33.891] [ngap] [info] PDU session resource(s) setup for UE[4] count[1]
[2026-09-30 15:05:34.095] [ngap] [info] PDU session resource(s) released for UE[6] count[1]
[2026-09-30 15:05:34.303] [ngap] [info] PDU session resource(s) setup for UE[11] count[1]
[2026-09-30 15:05:34.508] [ngap] [info] PDU session resource(s) released for UE[7] count[1]
[2026-09-30 15:05:34.722] [ngap] [info] PDU session resource(s) setup for UE[1] count[1]
[2026-09-30 15:05:34.927] [ngap] [info] PDU session resource(s) released for UE[4] count[1]
[2026-09-30 15:05:35.140] [ngap] [info] PDU session resource(s) setup for UE[7] count[1]
[2026-09-30 15:05:35.343] [ngap] [info] PDU session resource(s) released for UE[7] count[1]
[2026-09-30 15:05:35.555] [ngap] [info] PDU session resource(s) setup for UE[3] count[1]
[2026-09-30 15:05:35.758] [ngap] [info] PDU session resource(s) released for UE[11] count[1]
[2026-09-30 15:05:35.967] [ngap] [info] PDU session resource(s) setup for UE[12] count[1]
[2026-09-30 15:05:36.171] [ngap] [info] PDU session resource(s) released for UE[1] count[1]
[2026-09-30 15:05:36.378] [ngap] [info] PDU session resource(s) setup for UE[9] count[1]
[2026-09-30 15:05:36.583] [ngap] [info] PDU session resource(s) released for UE[12] count[1]
[2026-09-30 15:05:36.795] [ngap] [info] PDU session resource(s) setup for UE[5] count[1]
[2026-09-30 15:05:36.998] [ngap] [info] PDU session resource(s) released for UE[9] count[1]
[2026-09-30 15:05:37.209] [ngap] [info] PDU session resource(s) setup for UE[12] count[1]
[2026-09-30 15:05:37.415] [ngap] [info] PDU session resource(s) released for UE[3] count[1]
[2026-09-30 15:05:37.623] [ngap] [info] PDU session resource(s) setup for UE[10] count[1]
[2026-09-30 15:05:37.826] [ngap] [info] PDU session resource(s) released for UE[5] count[1]
[2026-09-30 15:05:38.036] [ngap] [info] PDU session resource(s) setup for UE[2] count[1]
[2026-09-30 15:05:38.240] [ngap] [info] PDU session resource(s) released for UE[10] count[1]
[2026-09-30 15:05:38.448] [ngap] [info] PDU session resource(s) setup for UE[1] count[1]
[2026-09-30 15:05:38.650] [ngap] [info] PDU session resource(s) released for UE[2] count[1]
[2026-09-30 15:05:38.859] [ngap] [info] PDU session resource(s) setup for UE[5] count[1]
[2026-09-30 15:05:39.062] [ngap] [info] PDU session resource(s) released for UE[12] count[1]
[2026-09-30 15:05:39.278] [ngap] [info] PDU session resource(s) setup for UE[6] count[1]
[2026-09-30 15:05:39.482] [ngap] [info] PDU session resource(s) released for UE[6] count[1]
[2026-09-30 15:05:39.692] [ngap] [info] PDU session resource(s) setup for UE[3] count[1]
[2026-09-30 15:05:39.894] [ngap] [info] PDU session resource(s) released for UE[1] count[1]
[2026-09-30 15:05:40.103] [ngap] [info] PDU session resource(s) setup for UE[6] count[1]
[2026-09-30 15:05:40.306] [ngap] [info] PDU session resource(s) released for UE[6] count[1]
[2026-09-30 15:05:40.518] [ngap] [info] PDU session resource(s) setup for UE[7] count[1]
[2026-09-30 15:05:40.723] [ngap] [info] PDU session resource(s) released for UE[5] count[1]
[2026-09-30 15:05:40.936] [ngap] [info] PDU session resource(s) setup for UE[11] count[1]
[2026-09-30 15:05:41.142] [ngap] [info] PDU session resource(s) released for UE[3] count[1]
[2026-09-30 15:05:41.351] [ngap] [info] PDU session resource(s) setup for UE[12] count[1]
[2026-09-30 15:05:41.558] [ngap] [info] PDU session resource(s) released for UE[11] count[1]
[2026-09-30 15:05:41.768] [ngap] [info] PDU session resource(s) setup for UE[4] count[1]
[2026-09-30 15:05:41.971] [ngap] [info] PDU session resource(s) released for UE[4] count[1]
[2026-09-30 15:05:42.182] [ngap] [info] PDU session resource(s) setup for UE[11] count[1]
[2026-09-30 15:05:42.385] [ngap] [info] PDU session resource(s) released for UE[11] count[1]
[2026-09-30 15:05:42.598] [ngap] [info] PDU session resource(s) setup for UE[1] count[1]
[2026-09-30 15:05:42.801] [ngap] [info] PDU session resource(s) released for UE[7] count[1]
[2026-09-30 15:05:43.013] [ngap] [info] PDU session resource(s) setup for UE[2] count[1]
[2026-09-30 15:05:43.216] [ngap] [info] PDU session resource(s) released for UE[12] count[1]
[2026-09-30 15:05:43.426] [ngap] [info] PDU session resource(s) setup for UE[7] count[1]
[2026-09-30 15:05:43.630] [ngap] [info] PDU session resource(s) released for UE[7] count[1]
[2026-09-30 15:05:43.841] [ngap] [info] PDU session resource(s) setup for UE[8] count[1]
[2026-09-30 15:05:44.048] [ngap] [info] PDU session resource(s) released for UE[2] count[1]
[2026-09-30 15:05:44.259] [ngap] [info] PDU session resource(s) setup for UE[7] count[1]
[2026-09-30 15:05:44.464] [ngap] [info] PDU session resource(s) released for UE[7] count[1]
[2026-09-30 15:05:44.679] [ngap] [info] PDU session resource(s) setup for UE[5] count[1]
[2026-09-30 15:05:44.885] [ngap] [info] PDU session resource(s) released for UE[1] count[1]
[2026-09-30 15:05:45.099] [ngap] [info] PDU session resource(s) setup for UE[4] count[1]
[2026-09-30 15:05:45.305] [ngap] [info] PDU session resource(s) released for UE[5] count[1]
[2026-09-30 15:05:45.516] [ngap] [info] PDU session resource(s) setup for UE[1] count[1]
[2026-09-30 15:05:45.721] [ngap] [info] PDU session resource(s) released for UE[8] count[1]
[2026-09-30 15:05:45.932] [ngap] [info] PDU session resource(s) setup for UE[9] count[1]
[2026-09-30 15:05:46.137] [ngap] [info] PDU session resource(s) released for UE[9] count[1]
[2026-09-30 15:05:46.347] [ngap] [info] PDU session resource(s) setup for UE[11] count[1]
[2026-09-30 15:05:46.557] [ngap] [info] PDU session resource(s) released for UE[1] count[1]
[2026-09-30 15:05:46.767] [ngap] [info] PDU session resource(s) setup for UE[6] count[1]
[2026-09-30 15:05:46.973] [ngap] [info] PDU session resource(s) released for UE[6] count[1]
[2026-09-30 15:05:47.182] [ngap] [info] PDU session resource(s) setup for UE[9] count[1]
[2026-09-30 15:05:47.385] [ngap] [info] PDU session resource(s) released for UE[11] count[1]
[2026-09-30 15:05:47.593] [ngap] [info] PDU session resource(s) setup for UE[6] count[1]
[2026-09-30 15:05:47.796] [ngap] [info] PDU session resource(s) released for UE[9] count[1]
[2026-09-30 15:05:48.007] [ngap] [info] PDU session resource(s) setup for UE[11] count[1]
[2026-09-30 15:05:48.213] [ngap] [info] PDU session resource(s) released for UE[6] count[1]
[2026-09-30 15:05:48.421] [ngap] [info] PDU session resource(s) setup for UE[9] count[1]
[2026-09-30 15:05:48.625] [ngap] [info] PDU session resource(s) released for UE[11] count[1]
[2026-09-30 15:05:48.836] [ngap] [info] PDU session resource(s) setup for UE[10] count[1]
[2026-09-30 15:05:49.040] [ngap] [info] PDU session resource(s) released for UE[9] count[1]
[2026-09-30 15:05:49.253] [ngap] [info] PDU session resource(s) setup for UE[8] count[1]
[2026-09-30 15:05:49.456] [ngap] [info] PDU session resource(s) released for UE[4] count[1]
[2026-09-30 15:05:49.669] [ngap] [info] PDU session resource(s) setup for UE[5] count[1]
[2026-09-30 15:05:49.876] [ngap] [info] PDU session resource(s) released for UE[8] count[1]
[2026-09-30 15:05:50.086] [ngap] [info] PDU session resource(s) setup for UE[3] count[1]
[2026-09-30 15:05:50.289] [ngap] [info] PDU session resource(s) released for UE[3] count[1]
[2026-09-30 15:05:50.497] [ngap] [info] PDU session resource(s) setup for UE[9] count[1]
[2026-09-30 15:05:50.701] [ngap] [info] PDU session resource(s) released for UE[9] count[1]
[2026-09-30 15:05:50.911] [ngap] [info] PDU session resource(s) setup for UE[12] count[1]
[2026-09-30 15:05:51.117] [ngap] [info] PDU session resource(s) released for UE[10] count[1]
[2026-09-30 15:05:51.326] [ngap] [info] PDU session resource(s) setup for UE[4] count[1]
[2026-09-30 15:05:51.528] [ngap] [info] PDU session resource(s) released for UE[4] count[1]
[2026-09-30 15:05:51.738] [ngap] [info] PDU session resource(s) setup for UE[1] count[1]
[2026-09-30 15:05:51.940] [ngap] [info] PDU session resource(s) released for UE[1] count[1]
[2026-09-30 15:05:52.149] [ngap] [info] PDU session resource(s) setup for UE[6] count[1]
[2026-09-30 15:05:52.352] [ngap] [info] PDU session resource(s) released for UE[5] count[1]
[2026-09-30 15:05:52.561] [ngap] [info] PDU session resource(s) setup for UE[3] count[1]
[2026-09-30 15:05:52.765] [ngap] [info] PDU session resource(s) released for UE[6] count[1]
[2026-09-30 15:05:52.975] [ngap] [info] PDU session resource(s) setup for UE[4] count[1]
[2026-09-30 15:05:53.180] [ngap] [info] PDU session resource(s) released for UE[4] count[1]
[2026-09-30 15:05:53.393] [ngap] [info] PDU session resource(s) setup for UE[1] count[1]
[2026-09-30 15:05:53.596] [ngap] [info] PDU session resource(s) released for UE[12] count[1]
[2026-09-30 15:05:53.805] [ngap] [info] PDU session resource(s) setup for UE[7] count[1]
[2026-09-30 15:05:54.009] [ngap] [info] PDU session resource(s) released for UE[3] count[1]
[2026-09-30 15:05:54.223] [ngap] [info] PDU session resource(s) setup for UE[4] count[1]
[2026-09-30 15:05:54.428] [ngap] [info] PDU session resource(s) released for UE[1] count[1]
[2026-09-30 15:05:54.637] [ngap] [info] PDU session resource(s) setup for UE[8] count[1]
[2026-09-30 15:05:54.840] [ngap] [info] PDU session resource(s) released for UE[8] count[1]
[2026-09-30 15:05:55.052] [ngap] [info] PDU session resource(s) setup for UE[6] count[1]
[2026-09-30 15:05:55.256] [ngap] [info] PDU session resource(s) released for UE[6] count[1]
[2026-09-30 15:05:55.467] [ngap] [info] PDU session resource(s) setup for UE[1] count[1]
[2026-09-30 15:05:55.676] [ngap] [info] PDU session resource(s) released for UE[1] count[1]
[2026-09-30 15:05:55.886] [ngap] [info] PDU session resource(s) setup for UE[10] count[1]
[2026-09-30 15:05:56.092] [ngap] [info] PDU session resource(s) released for UE[7] count[1]
[2026-09-30 15:05:56.302] [ngap] [info] PDU session resource(s) setup for UE[3] count[1]
[2026-09-30 15:05:56.505] [ngap] [info] PDU session resource(s) released for UE[10] count[1]
[2026-09-30 15:05:56.713] [ngap] [info] PDU session resource(s) setup for UE[1] count[1]
[2026-09-30 15:05:56.916] [ngap] [info] PDU session resource(s) released for UE[4] count[1]
[2026-09-30 15:05:57.125] [ngap] [info] PDU session resource(s) setup for UE[6] count[1]
[2026-09-30 15:05:57.328] [ngap] [info] PDU session resource(s) released for UE[1] count[1]
[2026-09-30 15:05:57.540] [ngap] [info] PDU session resource(s) setup for UE[4] count[1]
[2026-09-30 15:05:57.744] [ngap] [info] PDU session resource(s) released for UE[4] count[1]
[2026-09-30 15:05:57.954] [ngap] [info] PDU session resource(s) setup for UE[12] count[1]
[2026-09-30 15:05:58.161] [ngap] [info] PDU session resource(s) released for UE[12] count[1]
[2026-09-30 15:05:58.374] [ngap] [info] PDU session resource(s) setup for UE[5] count[1]
[2026-09-30 15:05:58.581] [ngap] [info] PDU session resource(s) released for UE[3] count[1]
[2026-09-30 15:05:58.793] [ngap] [info] PDU session resource(s) setup for UE[11] count[1]
[2026-09-30 15:05:59.000] [ngap] [info] PDU session resource(s) released for UE[11] count[1]
[2026-09-30 15:05:59.209] [ngap] [info] PDU session resource(s) setup for UE[1] count[1]
[2026-09-30 15:05:59.412] [ngap] [info] PDU session resource(s) released for UE[6] count[1]
[2026-09-30 15:05:59.621] [ngap] [info] PDU session resource(s) setup for UE[11] count[1]
[2026-09-30 15:05:59.824] [ngap] [info] PDU session resource(s) released for UE[5] count[1]
[2026-09-30 15:06:00.043] [ngap] [info] PDU session resource(s) setup for UE[10] count[1]
[2026-09-30 15:06:00.248] [ngap] [info] PDU session resource(s) released for UE[11] count[1]
[2026-09-30 15:06:00.464] [ngap] [info] PDU session resource(s) setup for UE[4] count[1]
[2026-09-30 15:06:00.669] [ngap] [info] PDU session resource(s) released for UE[4] count[1]
[2026-09-30 15:06:00.878] [ngap] [info] PDU session resource(s) setup for UE[3] count[1]
[2026-09-30 15:06:01.080] [ngap] [info] PDU session resource(s) released for UE[1] count[1]
[2026-09-30 15:06:01.290] [ngap] [info] PDU session resource(s) setup for UE[11] count[1]
[2026-09-30 15:06:01.500] [ngap] [info] PDU session resource(s) released for UE[11] count[1]
[2026-09-30 15:06:01.709] [ngap] [info] PDU session resource(s) setup for UE[9] count[1]
[2026-09-30 15:06:01.912] [ngap] [info] PDU session resource(s) released for UE[10] count[1]
[2026-09-30 15:06:02.127] [ngap] [info] PDU session resource(s) setup for UE[11] count[1]
[2026-09-30 15:06:02.336] [ngap] [info] PDU session resource(s) released for UE[11] count[1]
[2026-09-30 15:06:02.545] [ngap] [info] PDU session resource(s) setup for UE[4] count[1]
[2026-09-30 15:06:02.749] [ngap] [info] PDU session resource(s) released for UE[3] count[1]
[2026-09-30 15:06:02.961] [ngap] [info] PDU session resource(s) setup for UE[7] count[1]
[2026-09-30 15:06:03.164] [ngap] [info] PDU session resource(s) released for UE[4] count[1]
[2026-09-30 15:06:03.376] [ngap] [info] PDU session resource(s) setup for UE[10] count[1]
[2026-09-30 15:06:03.580] [ngap] [info] PDU session resource(s) released for UE[9] count[1]
[2026-09-30 15:06:03.796] [ngap] [info] PDU session resource(s) setup for UE[2] count[1]
[2026-09-30 15:06:04.002] [ngap] [info] PDU session resource(s) released for UE[10] count[1]
[2026-09-30 15:06:04.209] [ngap] [info] PDU session resource(s) setup for UE[3] count[1]
[2026-09-30 15:06:04.414] [ngap] [info] PDU session resource(s) released for UE[3] count[1]
[2026-09-30 15:06:04.631] [ngap] [info] PDU session resource(s) setup for UE[11] count[1]
[2026-09-30 15:06:04.840] [ngap] [info] PDU session resource(s) released for UE[2] count[1]
[2026-09-30 15:06:05.051] [ngap] [info] PDU session resource(s) setup for UE[3] count[1]
[2026-09-30 15:06:05.260] [ngap] [info] PDU session resource(s) released for UE[7] count[1]
[2026-09-30 15:06:05.470] [ngap] [info] PDU session resource(s) setup for UE[2] count[1]
[2026-09-30 15:06:05.676] [ngap] [info] PDU session resource(s) released for UE[2] count[1]
[2026-09-30 15:06:05.885] [ngap] [info] PDU session resource(s) setup for UE[8] count[1]
[2026-09-30 15:06:06.093] [ngap] [info] PDU session resource(s) released for UE[8] count[1]
[2026-09-30 15:06:06.302] [ngap] [info] PDU session resource(s) setup for UE[6] count[1]
[2026-09-30 15:06:06.505] [ngap] [info] PDU session resource(s) released for UE[3] count[1]
[2026-09-30 15:06:06.723] [ngap] [info] PDU session resource(s) setup for UE[5] count[1]
[2026-09-30 15:06:06.928] [ngap] [info] PDU session resource(s) released for UE[6] count[1]
[2026-09-30 15:06:07.139] [ngap] [info] PDU session resource(s) setup for UE[1] count[1]
[2026-09-30 15:06:07.344] [ngap] [info] PDU session resource(s) released for UE[11] count[1]
[2026-09-30 15:06:07.553] [ngap] [info] PDU session resource(s) setup for UE[4] count[1]
[2026-09-30 15:06:07.756] [ngap] [info] PDU session resource(s) released for UE[1] count[1]
[2026-09-30 15:06:07.966] [ngap] [info] PDU session resource(s) setup for UE[7] count[1]
[2026-09-30 15:06:08.169] [ngap] [info] PDU session resource(s) released for UE[4] count[1]
[2026-09-30 15:06:08.377] [ngap] [info] PDU session resource(s) setup for UE[6] count[1]
[2026-09-30 15:06:08.580] [ngap] [info] PDU session resource(s) released for UE[7] count[1]
[2026-09-30 15:06:08.793] [ngap] [info] PDU session resource(s) setup for UE[10] count[1]
[2026-09-30 15:06:08.996] [ngap] [info] PDU session resource(s) released for UE[6] count[1]
[2026-09-30 15:06:09.207] [ngap] [info] PDU session resource(s) setup for UE[4] count[1]
[2026-09-30 15:06:09.412] [ngap] [info] PDU session resource(s) released for UE[5] count[1]
[2026-09-30 15:06:09.624] [ngap] [info] PDU session resource(s) setup for UE[7] count[1]
[2026-09-30 15:06:09.829] [ngap] [info] PDU session resource(s) released for UE[10] count[1]
[2026-09-30 15:06:10.040] [ngap] [info] PDU session resource(s) setup for UE[9] count[1]
[2026-09-30 15:06:10.245] [ngap] [info] PDU session resource(s) released for UE[7] count[1]
[2026-09-30 15:06:10.456] [ngap] [info] PDU session resource(s) setup for UE[10] count[1]
[2026-09-30 15:06:10.661] [ngap] [info] PDU session resource(s) released for UE[9] count[1]
[2026-09-30 15:06:10.877] [ngap] [info] PDU session resource(s) setup for UE[2] count[1]
[2026-09-30 15:06:11.080] [ngap] [info] PDU session resource(s) released for UE[2] count[1]
[2026-09-30 15:06:11.290] [ngap] [info] PDU session resource(s) setup for UE[1] count[1]
[2026-09-30 15:06:11.492] [ngap] [info] PDU session resource(s) released for UE[10] count[1]
[2026-09-30 15:06:11.706] [ngap] [info] PDU session resource(s) setup for UE[11] count[1]
[2026-09-30 15:06:11.909] [ngap] [info] PDU session resource(s) released for UE[1] count[1]
[2026-09-30 15:06:12.117] [ngap] [info] PDU session resource(s) setup for UE[10] count[1]
[2026-09-30 15:06:12.323] [ngap] [info] PDU session resource(s) released for UE[4] count[1]
[2026-09-30 15:06:12.535] [ngap] [info] PDU session resource(s) setup for UE[6] count[1]
[2026-09-30 15:06:12.740] [ngap] [info] PDU session resource(s) released for UE[6] count[1]
[2026-09-30 15:06:12.956] [ngap] [info] PDU session resource(s) setup for UE[1] count[1]
[2026-09-30 15:06:13.159] [ngap] [info] PDU session resource(s) released for UE[1] count[1]
[2026-09-30 15:06:13.368] [ngap] [info] PDU session resource(s) setup for UE[12] count[1]
[2026-09-30 15:06:13.571] [ngap] [info] PDU session resource(s) released for UE[11] count[1]
[2026-09-30 15:06:13.783] [ngap] [info] PDU session resource(s) setup for UE[7] count[1]
[2026-09-30 15:06:13.987] [ngap] [info] PDU session resource(s) released for UE[12] count[1]
[2026-09-30 15:06:14.196] [ngap] [info] PDU session resource(s) setup for UE[9] count[1]
[2026-09-30 15:06:14.399] [ngap] [info] PDU session resource(s) released for UE[10] count[1]
[2026-09-30 15:06:14.609] [ngap] [info] PDU session resource(s) setup for UE[4] count[1]
