ts=2026-09-30T15:03:50.741Z caller=main.go:525 level=info msg="No time or size retention was set so using the default time retention" duration=15d
ts=2026-09-30T15:03:50.741Z caller=main.go:563 level=info msg="Starting Prometheus Server" mode=server version="(version=2.45.3+ds, branch=debian/sid, revision=2.45.3+ds-2ubuntu0.3)"
ts=2026-09-30T15:03:50.741Z caller=main.go:568 level=info build_context="(go=go1.22.2, platform=linux/amd64, user=team+pkg-go@tracker.debian.org, date=20250721-00:51:10, tags=unknown)"
ts=2026-09-30T15:03:50.741Z caller=main.go:569 level=info host_details="(Linux 6.18.33.2-microsoft-standard-WSL2 #1 SMP PREEMPT_DYNAMIC Thu Jun 18 21:54:43 UTC 2026 x86_64 b24016b24809 localdomain)"
ts=2026-09-30T15:03:50.741Z caller=main.go:570 level=info fd_limits="(soft=1048576, hard=1048576)"
ts=2026-09-30T15:03:50.741Z caller=main.go:571 level=info vm_limits="(soft=unlimited, hard=unlimited)"
ts=2026-09-30T15:03:50.742Z caller=web.go:504 level=info component=web msg="Start listening for connections" address=127.0.0.1:9099
ts=2026-09-30T15:03:50.742Z caller=main.go:1004 level=info msg="Starting TSDB ..."
ts=2026-09-30T15:03:50.743Z caller=tls_config.go:313 level=info component=web msg="Listening on" address=127.0.0.1:9099
ts=2026-09-30T15:03:50.743Z caller=tls_config.go:316 level=info component=web msg="TLS is disabled." http2=false address=127.0.0.1:9099
ts=2026-09-30T15:03:50.744Z caller=head.go:595 level=info component=tsdb msg="Replaying on-disk memory mappable chunks if any"
ts=2026-09-30T15:03:50.744Z caller=head.go:676 level=info component=tsdb msg="On-disk memory mappable chunks replay completed" duration=1.33µs
ts=2026-09-30T15:03:50.744Z caller=head.go:684 level=info component=tsdb msg="Replaying WAL, this may take a while"
ts=2026-09-30T15:03:50.744Z caller=head.go:755 level=info component=tsdb msg="WAL segment loaded" segment=0 maxSegment=0
ts=2026-09-30T15:03:50.744Z caller=head.go:792 level=info component=tsdb msg="WAL replay completed" checkpoint_replay_duration=9.586µs wal_replay_duration=371.738µs wbl_replay_duration=36ns total_replay_duration=392.412µs
ts=2026-09-30T15:03:50.745Z caller=main.go:1025 level=info fs_type=794c7630
ts=2026-09-30T15:03:50.745Z caller=main.go:1028 level=info msg="TSDB started"
ts=2026-09-30T15:03:50.745Z caller=main.go:1209 level=info msg="Loading configuration file" filename=/tmp/model5g-runs/b0-order123-v2/configs/prometheus.yaml
ts=2026-09-30T15:03:50.745Z caller=main.go:1246 level=info msg="Completed loading of configuration file" filename=/tmp/model5g-runs/b0-order123-v2/configs/prometheus.yaml totalDuration=194.766µs db_storage=533ns remote_storage=932ns web_handler=202ns query_engine=621ns scrape=90.165µs scrape_sd=11.784µs notify=560ns notify_sd=630ns rules=818ns tracing=6.013µs
ts=2026-09-30T15:03:50.745Z caller=main.go:989 level=info msg="Server is ready to receive web requests."
ts=2026-09-30T15:03:50.745Z caller=manager.go:999 level=info component="rule manager" msg="Starting rule manager..."
ts=2026-09-30T15:06:17.682Z caller=main.go:839 level=warn msg="Received SIGTERM, exiting gracefully..."
ts=2026-09-30T15:06:17.683Z caller=main.go:863 level=info msg="Stopping scrape discovery manager..."
ts=2026-09-30T15:06:17.683Z caller=main.go:877 level=info msg="Stopping notify discovery manager..."
ts=2026-09-30T15:06:17.683Z caller=main.go:859 level=info msg="Scrape discovery manager stopped"
ts=2026-09-30T15:06:17.683Z caller=manager.go:1013 level=info component="rule manager" msg="Stopping rule manager..."
ts=2026-09-30T15:06:17.683Z caller=manager.go:1023 level=info component="rule manager" msg="Rule manager stopped"
ts=2026-09-30T15:06:17.683Z caller=main.go:914 level=info msg="Stopping scrape manager..."
ts=2026-09-30T15:06:17.683Z caller=main.go:873 level=info msg="Notify discovery manager stopped"
ts=2026-09-30T15:06:17.683Z caller=main.go:906 level=info msg="Scrape manager stopped"
ts=2026-09-30T15:06:17.696Z caller=notifier.go:603 level=info component=notifier msg="Stopping notification manager..."
ts=2026-09-30T15:06:17.698Z caller=main.go:1135 level=info msg="Notifier manager stopped"
ts=2026-09-30T15:06:17.699Z caller=main.go:1147 level=info msg="See you next time!"
