Open5GS daemon v2.8.0

09/30 15:03:51.983: [app] INFO: Configuration: '/tmp/model5g-runs/b0-order123-v2/configs/udm.yaml' (../lib/app/ogs-init.c:144)
09/30 15:03:51.983: [app] INFO: File Logging: '/tmp/model5g-runs/b0-order123-v2/udm.log' (../lib/app/ogs-init.c:147)
09/30 15:03:51.983: [app] INFO: LOG-LEVEL: 'info' (../lib/app/ogs-init.c:150)
09/30 15:03:51.985: [sbi] INFO: Setup NF EndPoint(addr) [127.0.0.200:7777] (../lib/sbi/context.c:499)
09/30 15:03:51.985: [sbi] INFO: Setup NF EndPoint(addr) [127.0.0.10:7777] (../lib/sbi/context.c:451)
09/30 15:03:51.985: [sbi] INFO: NF Service [nudm-ueau] (../lib/sbi/context.c:2012)
09/30 15:03:51.985: [sbi] INFO: NF Service [nudm-uecm] (../lib/sbi/context.c:2012)
09/30 15:03:51.985: [sbi] INFO: NF Service [nudm-sdm] (../lib/sbi/context.c:2012)
09/30 15:03:51.985: [sbi] INFO: nghttp2_server() [http://127.0.0.12]:7777 (../lib/sbi/nghttp2-server.c:454)
09/30 15:03:51.985: [app] INFO: UDM initialize...done (../src/udm/app.c:31)
09/30 15:03:51.986: [sbi] INFO: [25e7f134-bce0-41f1-82c7-c59ab0337a56] NF registered [Heartbeat:1s] (../lib/sbi/nf-sm.c:368)
09/30 15:03:51.986: [sbi] INFO: Setup NF EndPoint(addr) [127.0.0.10:7777] (../lib/sbi/nnrf-handler.c:1113)
09/30 15:03:51.986: [sbi] INFO: [25e81f06-bce0-41f1-9fbf-add37791e4d5] Subscription created until 2026-10-01T15:03:51.986161+00:00 [duration:86400000000,validity:86400.000000,patch:43200.000000] (../lib/sbi/nnrf-handler.c:1032)
09/30 15:03:51.987: [sbi] INFO: Setup NF EndPoint(addr) [127.0.0.10:7777] (../lib/sbi/nnrf-handler.c:1113)
09/30 15:03:51.987: [sbi] INFO: [25e82104-bce0-41f1-9fbf-add37791e4d5] Subscription created until 2026-10-01T15:03:51.986207+00:00 [duration:86400000000,validity:86400.000000,patch:43200.000000] (../lib/sbi/nnrf-handler.c:1032)
09/30 15:03:51.987: [sbi] INFO: [25c1e4e4-bce0-41f1-ba4b-e153a7c26414] (NRF-profile-get) NF registered (../lib/sbi/nf-sm.c:104)
09/30 15:03:51.987: [sbi] INFO: [UDR] NFInstance associated [25c1e4e4-bce0-41f1-ba4b-e153a7c26414] (../lib/sbi/context.c:2498)
09/30 15:03:51.987: [sbi] INFO: Setup NF EndPoint(addr) [127.0.0.20:80] (../lib/sbi/context.c:2503)
09/30 15:03:51.987: [sbi] INFO: [nudr-dr] NFService associated [25c25302-bce0-41f1-ba4b-e153a7c26414] (../lib/sbi/context.c:2138)
09/30 15:03:51.987: [sbi] INFO: Setup NF EndPoint(addr) [127.0.0.20:7777] (../lib/sbi/context.c:2141)
09/30 15:04:00.043: [sbi] INFO: [25c1e4e4-bce0-41f1-ba4b-e153a7c26414] Setup NF Instance [type:UDR] (../lib/sbi/path.c:349)
09/30 15:04:00.046: [sbi] INFO: [25c1e4e4-bce0-41f1-ba4b-e153a7c26414] Setup NF Instance [type:UDR] (../lib/sbi/path.c:349)
09/30 15:04:00.047: [sbi] INFO: [25c1e4e4-bce0-41f1-ba4b-e153a7c26414] Setup NF Instance [type:UDR] (../lib/sbi/path.c:349)
09/30 15:04:00.047: [sbi] INFO: [25c1e4e4-bce0-41f1-ba4b-e153a7c26414] Setup NF Instance [type:UDR] (../lib/sbi/path.c:349)
09/30 15:04:00.047: [sbi] INFO: [25c1e4e4-bce0-41f1-ba4b-e153a7c26414] Setup NF Instance [type:UDR] (../lib/sbi/path.c:349)
09/30 15:04:00.047: [sbi] INFO: [25c1e4e4-bce0-41f1-ba4b-e153a7c26414] Setup NF Instance [type:UDR] (../lib/sbi/path.c:349)
09/30 15:04:00.051: [sbi] INFO: [25c1e4e4-bce0-41f1-ba4b-e153a7c26414] Setup NF Instance [type:UDR] (../lib/sbi/path.c:349)
09/30 15:04:00.053: [sbi] INFO: [25c1e4e4-bce0-41f1-ba4b-e153a7c26414] Setup NF Instance [type:UDR] (../lib/sbi/path.c:349)
09/30 15:04:02.543: [sbi] INFO: [25c1e4e4-bce0-41f1-ba4b-e153a7c26414] Setup NF Instance [type:UDR] (../lib/sbi/path.c:349)
09/30 15:04:02.545: [sbi] INFO: [25c1e4e4-bce0-41f1-ba4b-e153a7c26414] Setup NF Instance [type:UDR] (../lib/sbi/path.c:349)
09/30 15:04:02.547: [sbi] INFO: [25c1e4e4-bce0-41f1-ba4b-e153a7c26414] Setup NF Instance [type:UDR] (../lib/sbi/path.c:349)
09/30 15:04:02.548: [sbi] INFO: [25c1e4e4-bce0-41f1-ba4b-e153a7c26414] Setup NF Instance [type:UDR] (../lib/sbi/path.c:349)
09/30 15:04:08.070: [sbi] INFO: [25c1e4e4-bce0-41f1-ba4b-e153a7c26414] Setup NF Instance [type:UDR] (../lib/sbi/path.c:349)
09/30 15:04:08.281: [sbi] INFO: [25c1e4e4-bce0-41f1-ba4b-e153a7c26414] Setup NF Instance [type:UDR] (../lib/sbi/path.c:349)
09/30 15:04:08.492: [sbi] INFO: [25c1e4e4-bce0-41f1-ba4b-e153a7c26414] Setup NF Instance [type:UDR] (../lib/sbi/path.c:349)
09/30 15:04:11.740: [sbi] INFO: [25c1e4e4-bce0-41f1-ba4b-e153a7c26414] Setup NF Instance [type:UDR] (../lib/sbi/path.c:349)
09/30 15:04:12.155: [sbi] INFO: [25c1e4e4-bce0-41f1-ba4b-e153a7c26414] Setup NF Instance [type:UDR] (../lib/sbi/path.c:349)
09/30 15:04:12.983: [sbi] INFO: [25c1e4e4-bce0-41f1-ba4b-e153a7c26414] Setup NF Instance [type:UDR] (../lib/sbi/path.c:349)
09/30 15:04:13.395: [sbi] INFO: [25c1e4e4-bce0-41f1-ba4b-e153a7c26414] Setup NF Instance [type:UDR] (../lib/sbi/path.c:349)
09/30 15:04:13.808: [sbi] INFO: [25c1e4e4-bce0-41f1-ba4b-e153a7c26414] Setup NF Instance [type:UDR] (../lib/sbi/path.c:349)
09/30 15:04:14.632: [sbi] INFO: [25c1e4e4-bce0-41f1-ba4b-e153a7c26414] Setup NF Instance [type:UDR] (../lib/sbi/path.c:349)
09/30 15:04:15.876: [sbi] INFO: [25c1e4e4-bce0-41f1-ba4b-e153a7c26414] Setup NF Instance [type:UDR] (../lib/sbi/path.c:349)
09/30 15:04:16.287: [sbi] INFO: [25c1e4e4-bce0-41f1-ba4b-e153a7c26414] Setup NF Instance [type:UDR] (../lib/sbi/path.c:349)
09/30 15:04:16.705: [sbi] INFO: [25c1e4e4-bce0-41f1-ba4b-e153a7c26414] Setup NF Instance [type:UDR] (../lib/sbi/path.c:349)
09/30 15:06:17.682: [app] INFO: SIGTERM received (../src/main.c:54)
09/30 15:06:17.683: [app] INFO: Open5GS daemon terminating... (../src/main.c:231)
09/30 15:06:17.683: [sbi] INFO: [25e7f134-bce0-41f1-82c7-c59ab0337a56] NF de-registered (../lib/sbi/nf-sm.c:406)
09/30 15:06:17.688: [app] INFO: UDM terminate...done (../src/udm/app.c:39)
