Open5GS daemon v2.8.0

[32m09/30 15:03:51.983[0m: [[33mapp[0m] [1;32mINFO[0m: Configuration: '/tmp/model5g-runs/b0-order123-v2/configs/udm.yaml' (../lib/app/ogs-init.c:144)
[32m09/30 15:03:51.983[0m: [[33mapp[0m] [1;32mINFO[0m: File Logging: '/tmp/model5g-runs/b0-order123-v2/udm.log' (../lib/app/ogs-init.c:147)
[32m09/30 15:03:51.983[0m: [[33mapp[0m] [1;32mINFO[0m: LOG-LEVEL: 'info' (../lib/app/ogs-init.c:150)
[32m09/30 15:03:51.985[0m: [[33msbi[0m] [1;32mINFO[0m: Setup NF EndPoint(addr) [127.0.0.200:7777] (../lib/sbi/context.c:499)
[32m09/30 15:03:51.985[0m: [[33msbi[0m] [1;32mINFO[0m: Setup NF EndPoint(addr) [127.0.0.10:7777] (../lib/sbi/context.c:451)
[32m09/30 15:03:51.985[0m: [[33msbi[0m] [1;32mINFO[0m: NF Service [nudm-ueau] (../lib/sbi/context.c:2012)
[32m09/30 15:03:51.985[0m: [[33msbi[0m] [1;32mINFO[0m: NF Service [nudm-uecm] (../lib/sbi/context.c:2012)
[32m09/30 15:03:51.985[0m: [[33msbi[0m] [1;32mINFO[0m: NF Service [nudm-sdm] (../lib/sbi/context.c:2012)
[32m09/30 15:03:51.985[0m: [[33msbi[0m] [1;32mINFO[0m: nghttp2_server() [http://127.0.0.12]:7777 (../lib/sbi/nghttp2-server.c:454)
[32m09/30 15:03:51.985[0m: [[33mapp[0m] [1;32mINFO[0m: UDM initialize...done (../src/udm/app.c:31)
[32m09/30 15:03:51.986[0m: [[33msbi[0m] [1;32mINFO[0m: [25e7f134-bce0-41f1-82c7-c59ab0337a56] NF registered [Heartbeat:1s] (../lib/sbi/nf-sm.c:368)
[32m09/30 15:03:51.986[0m: [[33msbi[0m] [1;32mINFO[0m: Setup NF EndPoint(addr) [127.0.0.10:7777] (../lib/sbi/nnrf-handler.c:1113)
[32m09/30 15:03:51.986[0m: [[33msbi[0m] [1;32mINFO[0m: [25e81f06-bce0-41f1-9fbf-add37791e4d5] Subscription created until 2026-10-01T15:03:51.986161+00:00 [duration:86400000000,validity:86400.000000,patch:43200.000000] (../lib/sbi/nnrf-handler.c:1032)
[32m09/30 15:03:51.987[0m: [[33msbi[0m] [1;32mINFO[0m: Setup NF EndPoint(addr) [127.0.0.10:7777] (../lib/sbi/nnrf-handler.c:1113)
[32m09/30 15:03:51.987[0m: [[33msbi[0m] [1;32mINFO[0m: [25e82104-bce0-41f1-9fbf-add37791e4d5] Subscription created until 2026-10-01T15:03:51.986207+00:00 [duration:86400000000,validity:86400.000000,patch:43200.000000] (../lib/sbi/nnrf-handler.c:1032)
[32m09/30 15:03:51.987[0m: [[33msbi[0m] [1;32mINFO[0m: [25c1e4e4-bce0-41f1-ba4b-e153a7c26414] (NRF-profile-get) NF registered (../lib/sbi/nf-sm.c:104)
[32m09/30 15:03:51.987[0m: [[33msbi[0m] [1;32mINFO[0m: [UDR] NFInstance associated [25c1e4e4-bce0-41f1-ba4b-e153a7c26414] (../lib/sbi/context.c:2498)
[32m09/30 15:03:51.987[0m: [[33msbi[0m] [1;32mINFO[0m: Setup NF EndPoint(addr) [127.0.0.20:80] (../lib/sbi/context.c:2503)
[32m09/30 15:03:51.987[0m: [[33msbi[0m] [1;32mINFO[0m: [nudr-dr] NFService associated [25c25302-bce0-41f1-ba4b-e153a7c26414] (../lib/sbi/context.c:2138)
[32m09/30 15:03:51.987[0m: [[33msbi[0m] [1;32mINFO[0m: Setup NF EndPoint(addr) [127.0.0.20:7777] (../lib/sbi/context.c:2141)
[32m09/30 15:04:00.043[0m: [[33msbi[0m] [1;32mINFO[0m: [25c1e4e4-bce0-41f1-ba4b-e153a7c26414] Setup NF Instance [type:UDR] (../lib/sbi/path.c:349)
[32m09/30 15:04:00.046[0m: [[33msbi[0m] [1;32mINFO[0m: [25c1e4e4-bce0-41f1-ba4b-e153a7c26414] Setup NF Instance [type:UDR] (../lib/sbi/path.c:349)
[32m09/30 15:04:00.047[0m: [[33msbi[0m] [1;32mINFO[0m: [25c1e4e4-bce0-41f1-ba4b-e153a7c26414] Setup NF Instance [type:UDR] (../lib/sbi/path.c:349)
[32m09/30 15:04:00.047[0m: [[33msbi[0m] [1;32mINFO[0m: [25c1e4e4-bce0-41f1-ba4b-e153a7c26414] Setup NF Instance [type:UDR] (../lib/sbi/path.c:349)
[32m09/30 15:04:00.047[0m: [[33msbi[0m] [1;32mINFO[0m: [25c1e4e4-bce0-41f1-ba4b-e153a7c26414] Setup NF Instance [type:UDR] (../lib/sbi/path.c:349)
[32m09/30 15:04:00.047[0m: [[33msbi[0m] [1;32mINFO[0m: [25c1e4e4-bce0-41f1-ba4b-e153a7c26414] Setup NF Instance [type:UDR] (../lib/sbi/path.c:349)
[32m09/30 15:04:00.051[0m: [[33msbi[0m] [1;32mINFO[0m: [25c1e4e4-bce0-41f1-ba4b-e153a7c26414] Setup NF Instance [type:UDR] (../lib/sbi/path.c:349)
[32m09/30 15:04:00.053[0m: [[33msbi[0m] [1;32mINFO[0m: [25c1e4e4-bce0-41f1-ba4b-e153a7c26414] Setup NF Instance [type:UDR] (../lib/sbi/path.c:349)
[32m09/30 15:04:02.543[0m: [[33msbi[0m] [1;32mINFO[0m: [25c1e4e4-bce0-41f1-ba4b-e153a7c26414] Setup NF Instance [type:UDR] (../lib/sbi/path.c:349)
[32m09/30 15:04:02.545[0m: [[33msbi[0m] [1;32mINFO[0m: [25c1e4e4-bce0-41f1-ba4b-e153a7c26414] Setup NF Instance [type:UDR] (../lib/sbi/path.c:349)
[32m09/30 15:04:02.547[0m: [[33msbi[0m] [1;32mINFO[0m: [25c1e4e4-bce0-41f1-ba4b-e153a7c26414] Setup NF Instance [type:UDR] (../lib/sbi/path.c:349)
[32m09/30 15:04:02.548[0m: [[33msbi[0m] [1;32mINFO[0m: [25c1e4e4-bce0-41f1-ba4b-e153a7c26414] Setup NF Instance [type:UDR] (../lib/sbi/path.c:349)
[32m09/30 15:04:08.070[0m: [[33msbi[0m] [1;32mINFO[0m: [25c1e4e4-bce0-41f1-ba4b-e153a7c26414] Setup NF Instance [type:UDR] (../lib/sbi/path.c:349)
[32m09/30 15:04:08.281[0m: [[33msbi[0m] [1;32mINFO[0m: [25c1e4e4-bce0-41f1-ba4b-e153a7c26414] Setup NF Instance [type:UDR] (../lib/sbi/path.c:349)
[32m09/30 15:04:08.492[0m: [[33msbi[0m] [1;32mINFO[0m: [25c1e4e4-bce0-41f1-ba4b-e153a7c26414] Setup NF Instance [type:UDR] (../lib/sbi/path.c:349)
[32m09/30 15:04:11.740[0m: [[33msbi[0m] [1;32mINFO[0m: [25c1e4e4-bce0-41f1-ba4b-e153a7c26414] Setup NF Instance [type:UDR] (../lib/sbi/path.c:349)
[32m09/30 15:04:12.155[0m: [[33msbi[0m] [1;32mINFO[0m: [25c1e4e4-bce0-41f1-ba4b-e153a7c26414] Setup NF Instance [type:UDR] (../lib/sbi/path.c:349)
[32m09/30 15:04:12.983[0m: [[33msbi[0m] [1;32mINFO[0m: [25c1e4e4-bce0-41f1-ba4b-e153a7c26414] Setup NF Instance [type:UDR] (../lib/sbi/path.c:349)
[32m09/30 15:04:13.395[0m: [[33msbi[0m] [1;32mINFO[0m: [25c1e4e4-bce0-41f1-ba4b-e153a7c26414] Setup NF Instance [type:UDR] (../lib/sbi/path.c:349)
[32m09/30 15:04:13.808[0m: [[33msbi[0m] [1;32mINFO[0m: [25c1e4e4-bce0-41f1-ba4b-e153a7c26414] Setup NF Instance [type:UDR] (../lib/sbi/path.c:349)
[32m09/30 15:04:14.632[0m: [[33msbi[0m] [1;32mINFO[0m: [25c1e4e4-bce0-41f1-ba4b-e153a7c26414] Setup NF Instance [type:UDR] (../lib/sbi/path.c:349)
[32m09/30 15:04:15.876[0m: [[33msbi[0m] [1;32mINFO[0m: [25c1e4e4-bce0-41f1-ba4b-e153a7c26414] Setup NF Instance [type:UDR] (../lib/sbi/path.c:349)
[32m09/30 15:04:16.287[0m: [[33msbi[0m] [1;32mINFO[0m: [25c1e4e4-bce0-41f1-ba4b-e153a7c26414] Setup NF Instance [type:UDR] (../lib/sbi/path.c:349)
[32m09/30 15:04:16.705[0m: [[33msbi[0m] [1;32mINFO[0m: [25c1e4e4-bce0-41f1-ba4b-e153a7c26414] Setup NF Instance [type:UDR] (../lib/sbi/path.c:349)
[32m09/30 15:06:17.682[0m: [[33mapp[0m] [1;32mINFO[0m: SIGTERM received (../src/main.c:54)
[32m09/30 15:06:17.683[0m: [[33mapp[0m] [1;32mINFO[0m: Open5GS daemon terminating... (../src/main.c:231)
[32m09/30 15:06:17.683[0m: [[33msbi[0m] [1;32mINFO[0m: [25e7f134-bce0-41f1-82c7-c59ab0337a56] NF de-registered (../lib/sbi/nf-sm.c:406)
[32m09/30 15:06:17.688[0m: [[33mapp[0m] [1;32mINFO[0m: UDM terminate...done (../src/udm/app.c:39)
