{"phase_complete": true, "active_seconds": 77835.7094700127, "stop_reason": "complete"}
{"pilot_pairs": 18, "main_pairs": 21, "completed_attempts": 28}
WARMUP_DECISION {"accepted": true, "warmup": 300, "preparation_runs": ["main-v2-preparation-random-r70-s9001-a50-attempt2", "main-v2-preparation-random-r70-s9001-a0-attempt2", "main-v2-preparation-swrr-r70-s9001-a50-attempt2", "main-v2-preparation-swrr-r70-s9001-a0-attempt2"], "criterion": "All nodes early/late mean occupancy contrast <=5 sessions in four rho=.7 preparation runs", "limitation": "Descriptive transient screen, not a statistical stationarity proof; lower loads checked in main block diagnostics"}
START model5g-runtime {'policy': 'swrr', 'rho': 0.5, 'seed': 104, 'warmup': 300, 'cycles': 3300, 'series_id': 'main-v2'}
START model5g-worker2 {'policy': 'swrr', 'rho': 0.2, 'seed': 104, 'warmup': 300, 'cycles': 3300, 'series_id': 'main-v2'}
START model5g-worker3 {'policy': 'random', 'rho': 0.2, 'seed': 104, 'warmup': 300, 'cycles': 3300, 'series_id': 'main-v2'}
DONE {'policy': 'random', 'rho': 0.2, 'seed': 104, 'warmup': 300, 'cycles': 3300, 'series_id': 'main-v2'} True 2837
{"pilot_pairs": 18, "main_pairs": 22, "completed_attempts": 29}
DONE {'policy': 'swrr', 'rho': 0.2, 'seed': 104, 'warmup': 300, 'cycles': 3300, 'series_id': 'main-v2'} True 2840
{"pilot_pairs": 18, "main_pairs": 23, "completed_attempts": 30}
DONE {'policy': 'swrr', 'rho': 0.5, 'seed': 104, 'warmup': 300, 'cycles': 3300, 'series_id': 'main-v2'} True 2889
{"pilot_pairs": 18, "main_pairs": 24, "completed_attempts": 31}
START model5g-worker4 {'policy': 'random', 'rho': 0.5, 'seed': 105, 'warmup': 300, 'cycles': 3300, 'series_id': 'main-v2'}
START model5g-worker3 {'policy': 'swrr', 'rho': 0.7, 'seed': 105, 'warmup': 300, 'cycles': 3300, 'series_id': 'main-v2'}
START model5g-worker2 {'policy': 'swrr', 'rho': 0.2, 'seed': 105, 'warmup': 300, 'cycles': 3300, 'series_id': 'main-v2'}
START model5g-runtime {'policy': 'random', 'rho': 0.2, 'seed': 105, 'warmup': 300, 'cycles': 3300, 'series_id': 'main-v2'}
DONE {'policy': 'swrr', 'rho': 0.2, 'seed': 105, 'warmup': 300, 'cycles': 3300, 'series_id': 'main-v2'} True 2840
{"pilot_pairs": 18, "main_pairs": 25, "completed_attempts": 32}
START model5g-worker2 {'policy': 'swrr', 'rho': 0.5, 'seed': 105, 'warmup': 300, 'cycles': 3300, 'series_id': 'main-v2'}
DONE {'policy': 'random', 'rho': 0.2, 'seed': 105, 'warmup': 300, 'cycles': 3300, 'series_id': 'main-v2'} True 2842
{"pilot_pairs": 18, "main_pairs": 26, "completed_attempts": 33}
START model5g-runtime {'policy': 'random', 'rho': 0.7, 'seed': 105, 'warmup': 300, 'cycles': 3300, 'series_id': 'main-v2'}
DONE {'policy': 'random', 'rho': 0.5, 'seed': 105, 'warmup': 300, 'cycles': 3300, 'series_id': 'main-v2'} True 2889
{"pilot_pairs": 18, "main_pairs": 27, "completed_attempts": 34}
DONE {'policy': 'swrr', 'rho': 0.7, 'seed': 105, 'warmup': 300, 'cycles': 3300, 'series_id': 'main-v2'} True 2919
{"pilot_pairs": 18, "main_pairs": 28, "completed_attempts": 35}
DONE {'policy': 'swrr', 'rho': 0.5, 'seed': 105, 'warmup': 300, 'cycles': 3300, 'series_id': 'main-v2'} True 2887
{"pilot_pairs": 18, "main_pairs": 29, "completed_attempts": 36}
DONE {'policy': 'random', 'rho': 0.7, 'seed': 105, 'warmup': 300, 'cycles': 3300, 'series_id': 'main-v2'} True 2916
{"pilot_pairs": 18, "main_pairs": 30, "completed_attempts": 37}
{"phase_complete": true, "active_seconds": 103695.99806121261, "stop_reason": "complete"}
{
  "first_stage_complete": true,
  "target_half_width_pp": 1.0,
  "cells": [
    {
      "policy": "swrr",
      "rho": 0.2,
      "pairs": 5,
      "target_pairs": 5,
      "mean_pp": 2.273333333333333,
      "bootstrap_95_low": 2.1866666666666656,
      "bootstrap_95_high": 2.4200000000000013,
      "half_width_pp": 0.1166666666666678,
      "sd_pp": 0.16566364853052287,
      "decision": "precision_reached",
      "additional_pairs": 0,
      "estimated_requirement_exceeds_cap": false
    },
    {
      "policy": "swrr",
      "rho": 0.5,
      "pairs": 5,
      "target_pairs": 5,
      "mean_pp": 5.946666666666665,
      "bootstrap_95_low": 5.686666666666666,
      "bootstrap_95_high": 6.353333333333331,
      "half_width_pp": 0.3333333333333326,
      "sd_pp": 0.4500617241618693,
      "decision": "precision_reached",
      "additional_pairs": 0,
      "estimated_requirement_exceeds_cap": false
    },
    {
      "policy": "swrr",
      "rho": 0.7,
      "pairs": 5,
      "target_pairs": 5,
      "mean_pp": 8.713333333333335,
      "bootstrap_95_low": 7.866666666666669,
      "bootstrap_95_high": 9.560000000000002,
      "half_width_pp": 0.8466666666666667,
      "sd_pp": 1.1159450404627163,
      "decision": "precision_reached",
      "additional_pairs": 0,
      "estimated_requirement_exceeds_cap": false
    },
    {
      "policy": "random",
      "rho": 0.2,
      "pairs": 5,
      "target_pairs": 5,
      "mean_pp": 2.393333333333334,
      "bootstrap_95_low": 2.266666666666668,
      "bootstrap_95_high": 2.52,
      "half_width_pp": 0.12666666666666604,
      "sd_pp": 0.1622754859285074,
      "decision": "precision_reached",
      "additional_pairs": 0,
      "estimated_requirement_exceeds_cap": false
    },
    {
      "policy": "random",
      "rho": 0.5,
      "pairs": 5,
      "target_pairs": 5,
      "mean_pp": 6.046666666666666,
      "bootstrap_95_low": 5.799999999999998,
      "bootstrap_95_high": 6.37333333333333,
      "half_width_pp": 0.2866666666666662,
      "sd_pp": 0.375351686940247,
      "decision": "precision_reached",
      "additional_pairs": 0,
      "estimated_requirement_exceeds_cap": false
    },
    {
      "policy": "random",
      "rho": 0.7,
      "pairs": 5,
      "target_pairs": 5,
      "mean_pp": 8.4,
      "bootstrap_95_low": 8.073333333333332,
      "bootstrap_95_high": 8.820000000000002,
      "half_width_pp": 0.37333333333333485,
      "sd_pp": 0.5038738819277014,
      "decision": "precision_reached",
      "additional_pairs": 0,
      "estimated_requirement_exceeds_cap": false
    }
  ],
  "interpretation": "Exploratory bootstrap on five independent pairs. Separate fixed-size confirmation; no claim of selection-valid pooled 95% CI."
}
{"pilot_pairs": 18, "main_pairs": 30, "completed_attempts": 37}
{
  "runs": 61,
  "eligible": 61,
  "pairs": 30,
  "windows": 7695
}
model5g-runtime
model5g-worker2
model5g-worker3
model5g-worker4
model5g-db
model5g-db2
model5g-db3
model5g-db4
